Component: ARM Compiler 6.14.1 Tool: armlink [5db06d00]

==============================================================================

Section Cross References

    startup_stm32g473xx.o(STACK) refers (Special) to heapauxi.o(.text) for __use_two_region_memory
    startup_stm32g473xx.o(HEAP) refers (Special) to heapauxi.o(.text) for __use_two_region_memory
    startup_stm32g473xx.o(RESET) refers (Special) to heapauxi.o(.text) for __use_two_region_memory
    startup_stm32g473xx.o(RESET) refers to startup_stm32g473xx.o(STACK) for __initial_sp
    startup_stm32g473xx.o(RESET) refers to startup_stm32g473xx.o(.text) for Reset_Handler
    startup_stm32g473xx.o(RESET) refers to stm32g4xx_it.o(.text.NMI_Handler) for NMI_Handler
    startup_stm32g473xx.o(RESET) refers to stm32g4xx_it.o(.text.HardFault_Handler) for HardFault_Handler
    startup_stm32g473xx.o(RESET) refers to stm32g4xx_it.o(.text.MemManage_Handler) for MemManage_Handler
    startup_stm32g473xx.o(RESET) refers to stm32g4xx_it.o(.text.BusFault_Handler) for BusFault_Handler
    startup_stm32g473xx.o(RESET) refers to stm32g4xx_it.o(.text.UsageFault_Handler) for UsageFault_Handler
    startup_stm32g473xx.o(RESET) refers to stm32g4xx_it.o(.text.SVC_Handler) for SVC_Handler
    startup_stm32g473xx.o(RESET) refers to stm32g4xx_it.o(.text.DebugMon_Handler) for DebugMon_Handler
    startup_stm32g473xx.o(RESET) refers to stm32g4xx_it.o(.text.PendSV_Handler) for PendSV_Handler
    startup_stm32g473xx.o(RESET) refers to stm32g4xx_it.o(.text.SysTick_Handler) for SysTick_Handler
    startup_stm32g473xx.o(RESET) refers to stm32g4xx_it.o(.text.DMA1_Channel1_IRQHandler) for DMA1_Channel1_IRQHandler
    startup_stm32g473xx.o(RESET) refers to stm32g4xx_it.o(.text.DMA1_Channel2_IRQHandler) for DMA1_Channel2_IRQHandler
    startup_stm32g473xx.o(RESET) refers to stm32g4xx_it.o(.text.FDCAN1_IT0_IRQHandler) for FDCAN1_IT0_IRQHandler
    startup_stm32g473xx.o(RESET) refers to stm32g4xx_it.o(.text.FDCAN1_IT1_IRQHandler) for FDCAN1_IT1_IRQHandler
    startup_stm32g473xx.o(RESET) refers to stm32g4xx_it.o(.text.TIM1_TRG_COM_TIM17_IRQHandler) for TIM1_TRG_COM_TIM17_IRQHandler
    startup_stm32g473xx.o(RESET) refers to stm32g4xx_it.o(.text.SPI1_IRQHandler) for SPI1_IRQHandler
    startup_stm32g473xx.o(RESET) refers to stm32g4xx_it.o(.text.SPI2_IRQHandler) for SPI2_IRQHandler
    startup_stm32g473xx.o(RESET) refers to stm32g4xx_it.o(.text.USART3_IRQHandler) for USART3_IRQHandler
    startup_stm32g473xx.o(RESET) refers to stm32g4xx_it.o(.text.TIM6_DAC_IRQHandler) for TIM6_DAC_IRQHandler
    startup_stm32g473xx.o(RESET) refers to stm32g4xx_it.o(.text.TIM7_DAC_IRQHandler) for TIM7_DAC_IRQHandler
    startup_stm32g473xx.o(RESET) refers to stm32g4xx_it.o(.text.FDCAN2_IT0_IRQHandler) for FDCAN2_IT0_IRQHandler
    startup_stm32g473xx.o(RESET) refers to stm32g4xx_it.o(.text.FDCAN2_IT1_IRQHandler) for FDCAN2_IT1_IRQHandler
    startup_stm32g473xx.o(.text) refers (Special) to heapauxi.o(.text) for __use_two_region_memory
    startup_stm32g473xx.o(.text) refers to system_stm32g4xx.o(.text.SystemInit) for SystemInit
    startup_stm32g473xx.o(.text) refers to __main.o(!!!main) for __main
    startup_stm32g473xx.o(.text) refers to startup_stm32g473xx.o(HEAP) for Heap_Mem
    startup_stm32g473xx.o(.text) refers to startup_stm32g473xx.o(STACK) for Stack_Mem
    main.o(.text._Z14WS2812_Refreshv) refers to spi.o(.bss.hspi2) for hspi2
    main.o(.text._Z14WS2812_Refreshv) refers to ws2812_yx.o(.bss.WS2812buf2send) for WS2812buf2send
    main.o(.text._Z14WS2812_Refreshv) refers to stm32g4xx_hal_spi.o(.text.HAL_SPI_Transmit_DMA) for HAL_SPI_Transmit_DMA
    main.o(.ARM.exidx.text._Z14WS2812_Refreshv) refers to main.o(.text._Z14WS2812_Refreshv) for [Anonymous Symbol]
    main.o(.text.HAL_FDCAN_RxFifo0Callback) refers to main.o(.bss.recv_times) for recv_times
    main.o(.text.HAL_FDCAN_RxFifo0Callback) refers to fdcan.o(.bss.hfdcan1) for hfdcan1
    main.o(.text.HAL_FDCAN_RxFifo0Callback) refers to fdcan.o(.bss.hfdcan2) for hfdcan2
    main.o(.text.HAL_FDCAN_RxFifo0Callback) refers to main.o(.bss.MasterCanData) for MasterCanData
    main.o(.text.HAL_FDCAN_RxFifo0Callback) refers to stm32g4xx_hal_fdcan.o(.text.HAL_FDCAN_GetRxMessage) for HAL_FDCAN_GetRxMessage
    main.o(.text.HAL_FDCAN_RxFifo0Callback) refers to main.o(.bss.master_recv_times) for master_recv_times
    main.o(.text.HAL_FDCAN_RxFifo0Callback) refers to main.o(.bss.safe_guard_timer) for safe_guard_timer
    main.o(.text.HAL_FDCAN_RxFifo0Callback) refers to main.o(.bss.recv_speed_rpm) for recv_speed_rpm
    main.o(.text.HAL_FDCAN_RxFifo0Callback) refers to main.o(.bss.recv_angle_code) for recv_angle_code
    main.o(.text.HAL_FDCAN_RxFifo0Callback) refers to main.o(.bss.recv_angle_deg) for recv_angle_deg
    main.o(.text.HAL_FDCAN_RxFifo0Callback) refers to main.o(.bss.last_recv_angle_deg) for last_recv_angle_deg
    main.o(.text.HAL_FDCAN_RxFifo0Callback) refers to dflt_clz.o(x$fpl$dflt) for __aeabi_i2d
[...]
    ADC4_IRQHandler                          0x080002b7   Thumb Code     0  startup_stm32g473xx.o(.text)
    ADC5_IRQHandler                          0x080002b7   Thumb Code     0  startup_stm32g473xx.o(.text)
    COMP1_2_3_IRQHandler                     0x080002b7   Thumb Code     0  startup_stm32g473xx.o(.text)
    COMP4_5_6_IRQHandler                     0x080002b7   Thumb Code     0  startup_stm32g473xx.o(.text)
    COMP7_IRQHandler                         0x080002b7   Thumb Code     0  startup_stm32g473xx.o(.text)
    CORDIC_IRQHandler                        0x080002b7   Thumb Code     0  startup_stm32g473xx.o(.text)
    CRS_IRQHandler                           0x080002b7   Thumb Code     0  startup_stm32g473xx.o(.text)
    DMA1_Channel3_IRQHandler                 0x080002b7   Thumb Code     0  startup_stm32g473xx.o(.text)
    DMA1_Channel4_IRQHandler                 0x080002b7   Thumb Code     0  startup_stm32g473xx.o(.text)
    DMA1_Channel5_IRQHandler                 0x080002b7   Thumb Code     0  startup_stm32g473xx.o(.text)
    DMA1_Channel6_IRQHandler                 0x080002b7   Thumb Code     0  startup_stm32g473xx.o(.text)
    DMA1_Channel7_IRQHandler                 0x080002b7   Thumb Code     0  startup_stm32g473xx.o(.text)
    DMA1_Channel8_IRQHandler                 0x080002b7   Thumb Code     0  startup_stm32g473xx.o(.text)
    DMA2_Channel1_IRQHandler                 0x080002b7   Thumb Code     0  startup_stm32g473xx.o(.text)
    DMA2_Channel2_IRQHandler                 0x080002b7   Thumb Code     0  startup_stm32g473xx.o(.text)
    DMA2_Channel3_IRQHandler                 0x080002b7   Thumb Code     0  startup_stm32g473xx.o(.text)
    DMA2_Channel4_IRQHandler                 0x080002b7   Thumb Code     0  startup_stm32g473xx.o(.text)
    DMA2_Channel5_IRQHandler                 0x080002b7   Thumb Code     0  startup_stm32g473xx.o(.text)
    DMA2_Channel6_IRQHandler                 0x080002b7   Thumb Code     0  startup_stm32g473xx.o(.text)
    DMA2_Channel7_IRQHandler                 0x080002b7   Thumb Code     0  startup_stm32g473xx.o(.text)
    DMA2_Channel8_IRQHandler                 0x080002b7   Thumb Code     0  startup_stm32g473xx.o(.text)
    DMAMUX_OVR_IRQHandler                    0x080002b7   Thumb Code     0  startup_stm32g473xx.o(.text)
    EXTI0_IRQHandler                         0x080002b7   Thumb Code     0  startup_stm32g473xx.o(.text)
    EXTI15_10_IRQHandler                     0x080002b7   Thumb Code     0  startup_stm32g473xx.o(.text)
    EXTI1_IRQHandler                         0x080002b7   Thumb Code     0  startup_stm32g473xx.o(.text)
    EXTI2_IRQHandler                         0x080002b7   Thumb Code     0  startup_stm32g473xx.o(.text)
    EXTI3_IRQHandler                         0x080002b7   Thumb Code     0  startup_stm32g473xx.o(.text)
    EXTI4_IRQHandler                         0x080002b7   Thumb Code     0  startup_stm32g473xx.o(.text)
    EXTI9_5_IRQHandler                       0x080002b7   Thumb Code     0  startup_stm32g473xx.o(.text)
    FDCAN3_IT0_IRQHandler                    0x080002b7   Thumb Code     0  startup_stm32g473xx.o(.text)
    FDCAN3_IT1_IRQHandler                    0x080002b7   Thumb Code     0  startup_stm32g473xx.o(.text)
    FLASH_IRQHandler                         0x080002b7   Thumb Code     0  startup_stm32g473xx.o(.text)
    FMAC_IRQHandler                          0x080002b7   Thumb Code     0  startup_stm32g473xx.o(.text)
    FMC_IRQHandler                           0x080002b7   Thumb Code     0  startup_stm32g473xx.o(.text)
    FPU_IRQHandler                           0x080002b7   Thumb Code     0  startup_stm32g473xx.o(.text)
    I2C1_ER_IRQHandler                       0x080002b7   Thumb Code     0  startup_stm32g473xx.o(.text)
    I2C1_EV_IRQHandler                       0x080002b7   Thumb Code     0  startup_stm32g473xx.o(.text)
    I2C2_ER_IRQHandler                       0x080002b7   Thumb Code     0  startup_stm32g473xx.o(.text)
    I2C2_EV_IRQHandler                       0x080002b7   Thumb Code     0  startup_stm32g473xx.o(.text)
    I2C3_ER_IRQHandler                       0x080002b7   Thumb Code     0  startup_stm32g473xx.o(.text)
    I2C3_EV_IRQHandler                       0x080002b7   Thumb Code     0  startup_stm32g473xx.o(.text)
    I2C4_ER_IRQHandler                       0x080002b7   Thumb Code     0  startup_stm32g473xx.o(.text)
    I2C4_EV_IRQHandler                       0x080002b7   Thumb Code     0  startup_stm32g473xx.o(.text)
    LPTIM1_IRQHandler                        0x080002b7   Thumb Code     0  startup_stm32g473xx.o(.text)
    LPUART1_IRQHandler                       0x080002b7   Thumb Code     0  startup_stm32g473xx.o(.text)
    PVD_PVM_IRQHandler                       0x080002b7   Thumb Code     0  startup_stm32g473xx.o(.text)
    QUADSPI_IRQHandler                       0x080002b7   Thumb Code     0  startup_stm32g473xx.o(.text)
    RCC_IRQHandler                           0x080002b7   Thumb Code     0  startup_stm32g473xx.o(.text)
    RNG_IRQHandler                           0x080002b7   Thumb Code     0  startup_stm32g473xx.o(.text)
    RTC_Alarm_IRQHandler                     0x080002b7   Thumb Code     0  startup_stm32g473xx.o(.text)
    RTC_TAMP_LSECSS_IRQHandler               0x080002b7   Thumb Code     0  startup_stm32g473xx.o(.text)
    RTC_WKUP_IRQHandler                      0x080002b7   Thumb Code     0  startup_stm32g473xx.o(.text)
    SAI1_IRQHandler                          0x080002b7   Thumb Code     0  startup_stm32g473xx.o(.text)
    SPI3_IRQHandler                          0x080002b7   Thumb Code     0  startup_stm32g473xx.o(.text)
    SPI4_IRQHandler                          0x080002b7   Thumb Code     0  startup_stm32g473xx.o(.text)
    TIM1_BRK_TIM15_IRQHandler                0x080002b7   Thumb Code     0  startup_stm32g473xx.o(.text)
    TIM1_CC_IRQHandler                       0x080002b7   Thumb Code     0  startup_stm32g473xx.o(.text)
    TIM1_UP_TIM16_IRQHandler                 0x080002b7   Thumb Code     0  startup_stm32g473xx.o(.text)
    TIM20_BRK_IRQHandler                     0x080002b7   Thumb Code     0  startup_stm32g473xx.o(.text)
    TIM20_CC_IRQHandler                      0x080002b7   Thumb Code     0  startup_stm32g473xx.o(.text)
    TIM20_TRG_COM_IRQHandler                 0x080002b7   Thumb Code     0  startup_stm32g473xx.o(.text)
    TIM20_UP_IRQHandler                      0x080002b7   Thumb Code     0  startup_stm32g473xx.o(.text)
    TIM2_IRQHandler                          0x080002b7   Thumb Code     0  startup_stm32g473xx.o(.text)
    TIM3_IRQHandler                          0x080002b7   Thumb Code     0  startup_stm32g473xx.o(.text)
    TIM4_IRQHandler                          0x080002b7   Thumb Code     0  startup_stm32g473xx.o(.text)
    TIM5_IRQHandler                          0x080002b7   Thumb Code     0  startup_stm32g473xx.o(.text)
    TIM8_BRK_IRQHandler                      0x080002b7   Thumb Code     0  startup_stm32g473xx.o(.text)
    TIM8_CC_IRQHandler                       0x080002b7   Thumb Code     0  startup_stm32g473xx.o(.text)
    TIM8_TRG_COM_IRQHandler                  0x080002b7   Thumb Code     0  startup_stm32g473xx.o(.text)
    TIM8_UP_IRQHandler                       0x080002b7   Thumb Code     0  startup_stm32g473xx.o(.text)
    UART4_IRQHandler                         0x080002b7   Thumb Code     0  startup_stm32g473xx.o(.text)
    UART5_IRQHandler                         0x080002b7   Thumb Code     0  startup_stm32g473xx.o(.text)
    UCPD1_IRQHandler                         0x080002b7   Thumb Code     0  startup_stm32g473xx.o(.text)
    USART1_IRQHandler                        0x080002b7   Thumb Code     0  startup_stm32g473xx.o(.text)
    USART2_IRQHandler                        0x080002b7   Thumb Code     0  startup_stm32g473xx.o(.text)
    USBWakeUp_IRQHandler                     0x080002b7   Thumb Code     0  startup_stm32g473xx.o(.text)
    USB_HP_IRQHandler                        0x080002b7   Thumb Code     0  startup_stm32g473xx.o(.text)
    USB_LP_IRQHandler                        0x080002b7   Thumb Code     0  startup_stm32g473xx.o(.text)
    WWDG_IRQHandler                          0x080002b7   Thumb Code     0  startup_stm32g473xx.o(.text)
    __user_initial_stackheap                 0x080002b9   Thumb Code     0  startup_stm32g473xx.o(.text)
    __aeabi_uldivmod                         0x080002dd   Thumb Code     0  lludivv7m.o(.text)
    _ll_udiv                                 0x080002dd   Thumb Code   240  lludivv7m.o(.text)
    __2snprintf                              0x080003cd   Thumb Code    48  noretval__2snprintf.o(.text)
    _printf_int_dec                          0x08000401   Thumb Code   104  _printf_dec.o(.text)
    __printf                                 0x08000479   Thumb Code   270  __printf_wp.o(.text)
    __aeabi_memclr4                          0x08000587   Thumb Code     0  rt_memclr_w.o(.text)
    __aeabi_memclr8                          0x08000587   Thumb Code     0  rt_memclr_w.o(.text)
    __rt_memclr_w                            0x08000587   Thumb Code    78  rt_memclr_w.o(.text)
    _memset_w                                0x0800058b   Thumb Code     0  rt_memclr_w.o(.text)
    __use_two_region_memory                  0x080005d5   Thumb Code     2  heapauxi.o(.text)
    __rt_heap_escrow$2region                 0x080005d7   Thumb Code     2  heapauxi.o(.text)
    __rt_heap_expand$2region                 0x080005d9   Thumb Code     2  heapauxi.o(.text)
    __cpp_initialize__aeabi_                 0x080005dd   Thumb Code    28  init_aeabi.o(.text)
    _printf_int_common                       0x08000601   Thumb Code   178  _printf_intcommon.o(.text)
    _printf_fp_dec_real                      0x08000863   Thumb Code   620  _printf_fp_dec.o(.text)
    _printf_char_common                      0x08000adb   Thumb Code    32  _printf_char_common.o(.text)
    _sputc                                   0x08000b01   Thumb Code    10  _sputc.o(.text)
    _snputc                                  0x08000b0b   Thumb Code    16  _snputc.o(.text)
    __rt_locale                              0x08000b1d   Thumb Code     8  rt_locale_intlibspace.o(.text)
    _ll_udiv10                               0x08000b25   Thumb Code   138  lludiv10.o(.text)
    _printf_fp_infnan                        0x08000bb1   Thumb Code   112  _printf_fp_infnan.o(.text)
    _btod_etento                             0x08000c31   Thumb Code   224  bigflt0.o(.text)
    __user_libspace                          0x08000d15   Thumb Code     8  libspace.o(.text)
    __user_perproc_libspace                  0x08000d15   Thumb Code     0  libspace.o(.text)
    __user_perthread_libspace                0x08000d15   Thumb Code     0  libspace.o(.text)
    __user_setup_stackheap                   0x08000d1d   Thumb Code    74  sys_stackheap_outer.o(.text)
    exit                                     0x08000d67   Thumb Code    18  exit.o(.text)
    strcmp                                   0x08000d79   Thumb Code   124  strcmpv7em.o(.text)
    _sys_exit                                0x08000df5   Thumb Code     8  sys_exit.o(.text)
    __I$use$semihosting                      0x08000e01   Thumb Code     0  use_no_semi.o(.text)
    __use_no_semihosting_swi                 0x08000e01   Thumb Code     2  use_no_semi.o(.text)
    __semihosting_library_function           0x08000e03   Thumb Code     0  indicate_semi.o(.text)
    BusFault_Handler                         0x08000e05   Thumb Code     2  stm32g4xx_it.o(.text.BusFault_Handler)
    CAN_Interrupt_Enable                     0x08000e09   Thumb Code    20  motor_vesc.o(.text.CAN_Interrupt_Enable)
    DMA1_Channel1_IRQHandler                 0x08000e1d   Thumb Code    16  stm32g4xx_it.o(.text.DMA1_Channel1_IRQHandler)
    DMA1_Channel2_IRQHandler                 0x08000e2d   Thumb Code    16  stm32g4xx_it.o(.text.DMA1_Channel2_IRQHandler)
    DebugMon_Handler                         0x08000ef9   Thumb Code     2  stm32g4xx_it.o(.text.DebugMon_Handler)
    Error_Handler                            0x08000efd   Thumb Code    10  main.o(.text.Error_Handler)
    FDCAN1_IT0_IRQHandler                    0x08000f09   Thumb Code    16  stm32g4xx_it.o(.text.FDCAN1_IT0_IRQHandler)
    FDCAN1_IT1_IRQHandler                    0x08000f19   Thumb Code    16  stm32g4xx_it.o(.text.FDCAN1_IT1_IRQHandler)
    FDCAN2_IT0_IRQHandler                    0x08000f29   Thumb Code    16  stm32g4xx_it.o(.text.FDCAN2_IT0_IRQHandler)
    FDCAN2_IT1_IRQHandler                    0x08000f39   Thumb Code    16  stm32g4xx_it.o(.text.FDCAN2_IT1_IRQHandler)
    HAL_DMA_Abort                            0x08001045   Thumb Code   110  stm32g4xx_hal_dma.o(.text.HAL_DMA_Abort)
    HAL_DMA_Abort_IT                         0x080010b5   Thumb Code   122  stm32g4xx_hal_dma.o(.text.HAL_DMA_Abort_IT)
    HAL_DMA_IRQHandler                       0x08001131   Thumb Code   170  stm32g4xx_hal_dma.o(.text.HAL_DMA_IRQHandler)
    HAL_DMA_Init                             0x080011dd   Thumb Code   216  stm32g4xx_hal_dma.o(.text.HAL_DMA_Init)
    HAL_DMA_Start_IT                         0x080012b5   Thumb Code   136  stm32g4xx_hal_dma.o(.text.HAL_DMA_Start_IT)
    HAL_Delay                                0x0800133d   Thumb Code    40  stm32g4xx_hal.o(.text.HAL_Delay)
    HAL_FDCAN_ActivateNotification           0x08001365   Thumb Code   262  stm32g4xx_hal_fdcan.o(.text.HAL_FDCAN_ActivateNotification)
    HAL_FDCAN_AddMessageToTxFifoQ            0x0800146d   Thumb Code    74  stm32g4xx_hal_fdcan.o(.text.HAL_FDCAN_AddMessageToTxFifoQ)
    HAL_FDCAN_ConfigFilter                   0x080014b9   Thumb Code    96  stm32g4xx_hal_fdcan.o(.text.HAL_FDCAN_ConfigFilter)
    HAL_FDCAN_ErrorCallback                  0x08001519   Thumb Code     2  stm32g4xx_hal_fdcan.o(.text.HAL_FDCAN_ErrorCallback)
    HAL_FDCAN_ErrorStatusCallback            0x0800151d   Thumb Code     2  stm32g4xx_hal_fdcan.o(.text.HAL_FDCAN_ErrorStatusCallback)
    HAL_FDCAN_GetRxMessage                   0x08001521   Thumb Code   290  stm32g4xx_hal_fdcan.o(.text.HAL_FDCAN_GetRxMessage)
    HAL_FDCAN_HighPriorityMessageCallback    0x08001645   Thumb Code     2  stm32g4xx_hal_fdcan.o(.text.HAL_FDCAN_HighPriorityMessageCallback)
    HAL_FDCAN_IRQHandler                     0x08001649   Thumb Code   330  stm32g4xx_hal_fdcan.o(.text.HAL_FDCAN_IRQHandler)
    HAL_FDCAN_Init                           0x08001795   Thumb Code   392  stm32g4xx_hal_fdcan.o(.text.HAL_FDCAN_Init)
    HAL_FDCAN_MspInit                        0x0800191d   Thumb Code   316  fdcan.o(.text.HAL_FDCAN_MspInit)
    HAL_FDCAN_RxFifo0Callback                0x08001a59   Thumb Code   660  main.o(.text.HAL_FDCAN_RxFifo0Callback)
    HAL_FDCAN_RxFifo1Callback                0x08001ced   Thumb Code     2  stm32g4xx_hal_fdcan.o(.text.HAL_FDCAN_RxFifo1Callback)
    HAL_FDCAN_Start                          0x08001cf1   Thumb Code    44  stm32g4xx_hal_fdcan.o(.text.HAL_FDCAN_Start)
    HAL_FDCAN_TimeoutOccurredCallback        0x08001d1d   Thumb Code     2  stm32g4xx_hal_fdcan.o(.text.HAL_FDCAN_TimeoutOccurredCallback)
    HAL_FDCAN_TimestampWraparoundCallback    0x08001d21   Thumb Code     2  stm32g4xx_hal_fdcan.o(.text.HAL_FDCAN_TimestampWraparoundCallback)
    HAL_FDCAN_TxBufferAbortCallback          0x08001d25   Thumb Code     2  stm32g4xx_hal_fdcan.o(.text.HAL_FDCAN_TxBufferAbortCallback)
    HAL_FDCAN_TxBufferCompleteCallback       0x08001d29   Thumb Code     2  stm32g4xx_hal_fdcan.o(.text.HAL_FDCAN_TxBufferCompleteCallback)
    HAL_FDCAN_TxEventFifoCallback            0x08001d2d   Thumb Code     2  stm32g4xx_hal_fdcan.o(.text.HAL_FDCAN_TxEventFifoCallback)
    HAL_FDCAN_TxFifoEmptyCallback            0x08001d31   Thumb Code     2  stm32g4xx_hal_fdcan.o(.text.HAL_FDCAN_TxFifoEmptyCallback)
    HAL_GPIO_Init                            0x08001d35   Thumb Code   414  stm32g4xx_hal_gpio.o(.text.HAL_GPIO_Init)
    HAL_GPIO_WritePin                        0x08001ed5   Thumb Code    12  stm32g4xx_hal_gpio.o(.text.HAL_GPIO_WritePin)
    HAL_GetTick                              0x08001ee1   Thumb Code    12  stm32g4xx_hal.o(.text.HAL_GetTick)
    HAL_IncTick                              0x08001eed   Thumb Code    26  stm32g4xx_hal.o(.text.HAL_IncTick)
    HAL_Init                                 0x08001f09   Thumb Code    30  stm32g4xx_hal.o(.text.HAL_Init)
    HAL_InitTick                             0x08001f29   Thumb Code    86  stm32g4xx_hal.o(.text.HAL_InitTick)
    HAL_MspInit                              0x08001f81   Thumb Code    56  stm32g4xx_hal_msp.o(.text.HAL_MspInit)
    HAL_NVIC_EnableIRQ                       0x08001fb9   Thumb Code     8  stm32g4xx_hal_cortex.o(.text.HAL_NVIC_EnableIRQ)
    HAL_NVIC_SetPriority                     0x08001fc1   Thumb Code    30  stm32g4xx_hal_cortex.o(.text.HAL_NVIC_SetPriority)
    HAL_NVIC_SetPriorityGrouping             0x08001fe1   Thumb Code     8  stm32g4xx_hal_cortex.o(.text.HAL_NVIC_SetPriorityGrouping)
    HAL_PWREx_ControlVoltageScaling          0x08001fe9   Thumb Code   226  stm32g4xx_hal_pwr_ex.o(.text.HAL_PWREx_ControlVoltageScaling)
    HAL_PWREx_DisableUCPDDeadBattery         0x080020cd   Thumb Code    18  stm32g4xx_hal_pwr_ex.o(.text.HAL_PWREx_DisableUCPDDeadBattery)
    HAL_RCCEx_PeriphCLKConfig                0x080020e1   Thumb Code   756  stm32g4xx_hal_rcc_ex.o(.text.HAL_RCCEx_PeriphCLKConfig)
    HAL_RCC_ClockConfig                      0x080023d5   Thumb Code   514  stm32g4xx_hal_rcc.o(.text.HAL_RCC_ClockConfig)
    HAL_RCC_GetHCLKFreq                      0x080025d9   Thumb Code    12  stm32g4xx_hal_rcc.o(.text.HAL_RCC_GetHCLKFreq)
    HAL_RCC_GetPCLK1Freq                     0x080025e5   Thumb Code    38  stm32g4xx_hal_rcc.o(.text.HAL_RCC_GetPCLK1Freq)
    HAL_RCC_GetPCLK2Freq                     0x0800260d   Thumb Code    38  stm32g4xx_hal_rcc.o(.text.HAL_RCC_GetPCLK2Freq)
    HAL_RCC_GetSysClockFreq                  0x08002635   Thumb Code   122  stm32g4xx_hal_rcc.o(.text.HAL_RCC_GetSysClockFreq)
    HAL_RCC_OscConfig                        0x080026b1   Thumb Code  1150  stm32g4xx_hal_rcc.o(.text.HAL_RCC_OscConfig)
    HAL_SPI_ErrorCallback                    0x08002b31   Thumb Code     2  stm32g4xx_hal_spi.o(.text.HAL_SPI_ErrorCallback)
    HAL_SPI_IRQHandler                       0x08002b35   Thumb Code   262  stm32g4xx_hal_spi.o(.text.HAL_SPI_IRQHandler)
    HAL_SPI_Init                             0x08002c3d   Thumb Code   226  stm32g4xx_hal_spi.o(.text.HAL_SPI_Init)
    HAL_SPI_MspInit                          0x08002d21   Thumb Code   270  spi.o(.text.HAL_SPI_MspInit)
    HAL_SPI_TransmitReceive                  0x08002e31   Thumb Code   624  stm32g4xx_hal_spi.o(.text.HAL_SPI_TransmitReceive)
    HAL_SPI_Transmit_DMA                     0x080030a1   Thumb Code   266  stm32g4xx_hal_spi.o(.text.HAL_SPI_Transmit_DMA)
    HAL_SPI_TxCpltCallback                   0x080031ad   Thumb Code     2  stm32g4xx_hal_spi.o(.text.HAL_SPI_TxCpltCallback)
    HAL_SPI_TxHalfCpltCallback               0x080031b1   Thumb Code     2  stm32g4xx_hal_spi.o(.text.HAL_SPI_TxHalfCpltCallback)
    HAL_SYSTICK_Config                       0x080031b5   Thumb Code     8  stm32g4xx_hal_cortex.o(.text.HAL_SYSTICK_Config)
    HAL_TIMEx_Break2Callback                 0x080031bd   Thumb Code     2  stm32g4xx_hal_tim_ex.o(.text.HAL_TIMEx_Break2Callback)
    HAL_TIMEx_BreakCallback                  0x080031c1   Thumb Code     2  stm32g4xx_hal_tim_ex.o(.text.HAL_TIMEx_BreakCallback)
    HAL_TIMEx_CommutCallback                 0x080031c5   Thumb Code     2  stm32g4xx_hal_tim_ex.o(.text.HAL_TIMEx_CommutCallback)
    HAL_TIMEx_DirectionChangeCallback        0x080031c9   Thumb Code     2  stm32g4xx_hal_tim_ex.o(.text.HAL_TIMEx_DirectionChangeCallback)
    HAL_TIMEx_EncoderIndexCallback           0x080031cd   Thumb Code     2  stm32g4xx_hal_tim_ex.o(.text.HAL_TIMEx_EncoderIndexCallback)
    HAL_TIMEx_IndexErrorCallback             0x080031d1   Thumb Code     2  stm32g4xx_hal_tim_ex.o(.text.HAL_TIMEx_IndexErrorCallback)
    HAL_TIMEx_MasterConfigSynchronization    0x080031d5   Thumb Code   220  stm32g4xx_hal_tim_ex.o(.text.HAL_TIMEx_MasterConfigSynchronization)
    HAL_TIMEx_TransitionErrorCallback        0x080032b1   Thumb Code     2  stm32g4xx_hal_tim_ex.o(.text.HAL_TIMEx_TransitionErrorCallback)
    HAL_TIM_Base_Init                        0x080032b5   Thumb Code    98  stm32g4xx_hal_tim.o(.text.HAL_TIM_Base_Init)
    HAL_TIM_Base_MspInit                     0x08003319   Thumb Code   150  tim.o(.text.HAL_TIM_Base_MspInit)
    HAL_TIM_Base_Start_IT                    0x080033b1   Thumb Code   194  stm32g4xx_hal_tim.o(.text.HAL_TIM_Base_Start_IT)
    HAL_TIM_IC_CaptureCallback               0x08003475   Thumb Code     2  stm32g4xx_hal_tim.o(.text.HAL_TIM_IC_CaptureCallback)
    HAL_TIM_IRQHandler                       0x08003479   Thumb Code   442  stm32g4xx_hal_tim.o(.text.HAL_TIM_IRQHandler)
    HAL_TIM_OC_DelayElapsedCallback          0x08003635   Thumb Code     2  stm32g4xx_hal_tim.o(.text.HAL_TIM_OC_DelayElapsedCallback)
    HAL_TIM_PWM_PulseFinishedCallback        0x08003639   Thumb Code     2  stm32g4xx_hal_tim.o(.text.HAL_TIM_PWM_PulseFinishedCallback)
    HAL_TIM_PeriodElapsedCallback            0x0800363d   Thumb Code     2  stm32g4xx_hal_tim.o(.text.HAL_TIM_PeriodElapsedCallback)
    HAL_TIM_TriggerCallback                  0x08003641   Thumb Code     2  stm32g4xx_hal_tim.o(.text.HAL_TIM_TriggerCallback)
    HAL_UARTEx_DisableFifoMode               0x08003645   Thumb Code    54  stm32g4xx_hal_uart_ex.o(.text.HAL_UARTEx_DisableFifoMode)
    HAL_UARTEx_RxEventCallback               0x0800367d   Thumb Code     2  stm32g4xx_hal_uart.o(.text.HAL_UARTEx_RxEventCallback)
    HAL_UARTEx_RxFifoFullCallback            0x08003681   Thumb Code     2  stm32g4xx_hal_uart_ex.o(.text.HAL_UARTEx_RxFifoFullCallback)
    HAL_UARTEx_SetRxFifoThreshold            0x08003685   Thumb Code    74  stm32g4xx_hal_uart_ex.o(.text.HAL_UARTEx_SetRxFifoThreshold)
    HAL_UARTEx_SetTxFifoThreshold            0x080036d1   Thumb Code    74  stm32g4xx_hal_uart_ex.o(.text.HAL_UARTEx_SetTxFifoThreshold)
    HAL_UARTEx_TxFifoEmptyCallback           0x0800371d   Thumb Code     2  stm32g4xx_hal_uart_ex.o(.text.HAL_UARTEx_TxFifoEmptyCallback)
    HAL_UARTEx_WakeupCallback                0x08003721   Thumb Code     2  stm32g4xx_hal_uart_ex.o(.text.HAL_UARTEx_WakeupCallback)
    HAL_UART_ErrorCallback                   0x08003725   Thumb Code     2  stm32g4xx_hal_uart.o(.text.HAL_UART_ErrorCallback)
    HAL_UART_IRQHandler                      0x08003729   Thumb Code   802  stm32g4xx_hal_uart.o(.text.HAL_UART_IRQHandler)
    HAL_UART_Init                            0x08003a4d   Thumb Code    98  stm32g4xx_hal_uart.o(.text.HAL_UART_Init)
    HAL_UART_MspInit                         0x08003ab1   Thumb Code   214  usart.o(.text.HAL_UART_MspInit)
    HAL_UART_Transmit_DMA                    0x08003b89   Thumb Code   144  stm32g4xx_hal_uart.o(.text.HAL_UART_Transmit_DMA)
    HAL_UART_TxCpltCallback                  0x08003c19   Thumb Code     2  stm32g4xx_hal_uart.o(.text.HAL_UART_TxCpltCallback)
    HAL_UART_TxHalfCpltCallback              0x08003c1d   Thumb Code     2  stm32g4xx_hal_uart.o(.text.HAL_UART_TxHalfCpltCallback)
    HardFault_Handler                        0x08003c21   Thumb Code     2  stm32g4xx_it.o(.text.HardFault_Handler)
    MX_DMA_Init                              0x08003c25   Thumb Code    84  dma.o(.text.MX_DMA_Init)
    MX_FDCAN1_Init                           0x08003c79   Thumb Code    80  fdcan.o(.text.MX_FDCAN1_Init)
    MX_FDCAN2_Init                           0x08003cc9   Thumb Code    80  fdcan.o(.text.MX_FDCAN2_Init)
    MX_GPIO_Init                             0x08003d19   Thumb Code   116  gpio.o(.text.MX_GPIO_Init)
    MX_SPI1_Init                             0x08003d8d   Thumb Code    78  spi.o(.text.MX_SPI1_Init)
    MX_SPI2_Init                             0x08003ddd   Thumb Code    76  spi.o(.text.MX_SPI2_Init)
    MX_TIM17_Init                            0x08003e29   Thumb Code    56  tim.o(.text.MX_TIM17_Init)
    MX_TIM6_Init                             0x08003e61   Thumb Code    86  tim.o(.text.MX_TIM6_Init)
    MX_TIM7_Init                             0x08003eb9   Thumb Code    84  tim.o(.text.MX_TIM7_Init)
    MX_USART3_UART_Init                      0x08003f0d   Thumb Code   126  usart.o(.text.MX_USART3_UART_Init)
    MemManage_Handler                        0x08003f8d   Thumb Code     2  stm32g4xx_it.o(.text.MemManage_Handler)
    NMI_Handler                              0x08003f91   Thumb Code     2  stm32g4xx_it.o(.text.NMI_Handler)
    PendSV_Handler                           0x08003fc1   Thumb Code     2  stm32g4xx_it.o(.text.PendSV_Handler)
    SPI1_IRQHandler                          0x0800400d   Thumb Code    16  stm32g4xx_it.o(.text.SPI1_IRQHandler)
    SPI2_IRQHandler                          0x0800401d   Thumb Code    16  stm32g4xx_it.o(.text.SPI2_IRQHandler)
    SVC_Handler                              0x080042c1   Thumb Code     2  stm32g4xx_it.o(.text.SVC_Handler)
    SysTick_Handler                          0x080042f5   Thumb Code     8  stm32g4xx_it.o(.text.SysTick_Handler)
    SystemInit                               0x080042fd   Thumb Code    18  system_stm32g4xx.o(.text.SystemInit)
    TIM1_TRG_COM_TIM17_IRQHandler            0x08004311   Thumb Code    52  stm32g4xx_it.o(.text.TIM1_TRG_COM_TIM17_IRQHandler)
    TIM6_DAC_IRQHandler                      0x08004349   Thumb Code   136  stm32g4xx_it.o(.text.TIM6_DAC_IRQHandler)
    TIM7_DAC_IRQHandler                      0x080043d1   Thumb Code   152  stm32g4xx_it.o(.text.TIM7_DAC_IRQHandler)
    TIM_Base_SetConfig                       0x08004469   Thumb Code   328  stm32g4xx_hal_tim.o(.text.TIM_Base_SetConfig)
    UART_AdvFeatureConfig                    0x08004605   Thumb Code   230  stm32g4xx_hal_uart.o(.text.UART_AdvFeatureConfig)
    UART_CheckIdleState                      0x080046ed   Thumb Code   192  stm32g4xx_hal_uart.o(.text.UART_CheckIdleState)
    UART_SetConfig                           0x08004915   Thumb Code   732  stm32g4xx_hal_uart.o(.text.UART_SetConfig)
    UART_WaitOnFlagUntilTimeout              0x08004bf1   Thumb Code   194  stm32g4xx_hal_uart.o(.text.UART_WaitOnFlagUntilTimeout)
    USART3_IRQHandler                        0x08004cb5   Thumb Code    16  stm32g4xx_it.o(.text.USART3_IRQHandler)
    UsageFault_Handler                       0x08004cc5   Thumb Code     2  stm32g4xx_it.o(.text.UsageFault_Handler)
    readAS5047()                             0x08004cd1   Thumb Code    16  as5047.o(.text._Z10readAS5047v)
    calc_output(pids*, float, float)         0x08004ce1   Thumb Code   172  pids.o(.text._Z11calc_outputP4pidsff)
    WS2812_Angles(unsigned char, unsigned char, unsigned char, unsigned char, float, float, int, int) 0x08004d91   Thumb Code   436  ws2812_yx.o(.text._Z13WS2812_Angleshhhhffii)
    getMotorAngle(unsigned short*, unsigned short) 0x08004f49   Thumb Code   104  as5047.o(.text._Z13getMotorAnglePtt)
    get_minor_arc(float, float)              0x08004fb1   Thumb Code    80  as5047.o(.text._Z13get_minor_arcff)
    WS2812_Refresh()                         0x08005001   Thumb Code    28  main.o(.text._Z14WS2812_Refreshv)
    calc_increment(pids*, float)             0x0800501d   Thumb Code    92  pids.o(.text._Z14calc_incrementP4pidsf)
    RGB_Clear_Color(signed char)             0x08005079   Thumb Code   124  ws2812_yx.o(.text._Z15RGB_Clear_Colora)
    get_moto_offset(moto_measure_t*, unsigned char*) 0x080050f5   Thumb Code    12  motor_c620.o(.text._Z15get_moto_offsetP14moto_measure_tPh)
    motor_c620_init(FDCAN_HandleTypeDef*)    0x08005101   Thumb Code   120  motor_c620.o(.text._Z15motor_c620_initP19FDCAN_HandleTypeDef)
    RGB_SetOne_Color(signed char, unsigned char, unsigned char, unsigned char) 0x08005179   Thumb Code   218  ws2812_yx.o(.text._Z16RGB_SetOne_Colorahhh)
    get_moto_measure(moto_measure_t*, unsigned char*) 0x08005255   Thumb Code   100  motor_c620.o(.text._Z16get_moto_measureP14moto_measure_tPh)
    pids_create_init(float, float, float, float, float, float, int) 0x080052b9   Thumb Code    60  pids.o(.text._Z16pids_create_initffffffi)
    set_moto_current(FDCAN_HandleTypeDef*, short, short) 0x080052f5   Thumb Code    80  motor_c620.o(.text._Z16set_moto_currentP19FDCAN_HandleTypeDefss)
    spiHandleOneByte(unsigned short)         0x08005345   Thumb Code    84  as5047.o(.text._Z16spiHandleOneBytet)
    WS2812_Angles_Add(unsigned char, unsigned char, unsigned char, unsigned char, float, float, int, int) 0x08005399   Thumb Code   396  ws2812_yx.o(.text._Z17WS2812_Angles_Addhhhhffii)
    WS2812_InitBuffer()                      0x08005525   Thumb Code    28  ws2812_yx.o(.text._Z17WS2812_InitBufferv)
    SystemClock_Config()                     0x08005541   Thumb Code   106  main.o(.text._Z18SystemClock_Configv)
    motor_c620_preheat()                     0x080055ad   Thumb Code   118  motor_c620.o(.text._Z18motor_c620_preheatv)
    motor_c620_set_rpm(int, int, int, int, int) 0x08005625   Thumb Code   120  motor_c620.o(.text._Z18motor_c620_set_rpmiiiii)
    fdcan_C620_send_msg(FDCAN_HandleTypeDef*, unsigned char*, unsigned, int) 0x0800569d   Thumb Code    58  bsp_fdcan.o(.text._Z19fdcan_C620_send_msgP19FDCAN_HandleTypeDefPhji)
    calc_output_incremental(pids*, float, float) 0x080056d9   Thumb Code   152  pids.o(.text._Z23calc_output_incrementalP4pidsff)
    algo_get_steerBetter_vec(int, float, int*, float*) 0x08005771   Thumb Code   196  algorithm.o(.text._Z24algo_get_steerBetter_vecifPiPf)
    max(float, float)                        0x08005835   Thumb Code    20  ws2812_yx.o(.text._Z3maxff)
    limit_ab(float, float)                   0x08005849   Thumb Code    34  pids.o(.text._Z8limit_abff)
    MotorVESC::setMotorRPM(int)              0x0800586d   Thumb Code    18  motor_vesc__funcs.o(.text._ZN9MotorVESC11setMotorRPMEi)
    MotorVESC::sendCanTXBuffer(CanPacketType, float) 0x08005881   Thumb Code    84  motor_vesc__funcs.o(.text._ZN9MotorVESC15sendCanTXBufferE13CanPacketTypef)
    MotorVESC::MotorVESC(FDCAN_HandleTypeDef*, int, int) 0x080058d5   Thumb Code     8  motor_vesc__funcs.o(.text._ZN9MotorVESCC2EP19FDCAN_HandleTypeDefii)
    MotorVESC::MotorVESC__sub_object(FDCAN_HandleTypeDef*, int, int) 0x080058d5   Thumb Code     8  motor_vesc__funcs.o(.text._ZN9MotorVESCC2EP19FDCAN_HandleTypeDefii)
    can_filter_config                        0x0800596d   Thumb Code    40  motor_vesc.o(.text.can_filter_config)
    main                                     0x08005995   Thumb Code   344  main.o(.text.main)
    motor_vesc_handle                        0x08005af1   Thumb Code   136  motor_vesc.o(.text.motor_vesc_handle)
    motor_vesc_init                          0x08005b79   Thumb Code    22  motor_vesc.o(.text.motor_vesc_init)
    _btod_d2e                                0x08005b8f   Thumb Code    62  btod.o(CL$$btod_d2e)
    _d2e_denorm_low                          0x08005bcd   Thumb Code    70  btod.o(CL$$btod_d2e_denorm_low)
    _d2e_norm_op1                            0x08005c13   Thumb Code    96  btod.o(CL$$btod_d2e_norm_op1)
    __btod_div_common                        0x08005c73   Thumb Code   696  btod.o(CL$$btod_div_common)
    _e2e                                     0x08005fab   Thumb Code   220  btod.o(CL$$btod_e2e)
    _btod_ediv                               0x08006087   Thumb Code    42  btod.o(CL$$btod_ediv)
    _btod_emul                               0x080060b1   Thumb Code    42  btod.o(CL$$btod_emul)
    __btod_mult_common                       0x080060db   Thumb Code   580  btod.o(CL$$btod_mult_common)
    __ARM_fpclassify                         0x0800631f   Thumb Code    48  fpclassify.o(i.__ARM_fpclassify)
    _is_digit                                0x0800634f   Thumb Code    14  __printf_wp.o(i._is_digit)
    _get_lc_numeric                          0x0800635d   Thumb Code    44  lc_numeric_c.o(locale$$code)
    __aeabi_d2f                              0x08006389   Thumb Code     0  d2f.o(x$fpl$d2f)
    _d2f                                     0x08006389   Thumb Code    98  d2f.o(x$fpl$d2f)
    __aeabi_dadd                             0x080063ed   Thumb Code     0  daddsub_clz.o(x$fpl$dadd)
    _dadd                                    0x080063ed   Thumb Code   332  daddsub_clz.o(x$fpl$dadd)
    __aeabi_ddiv                             0x0800653d   Thumb Code     0  ddiv.o(x$fpl$ddiv)
    _ddiv                                    0x0800653d   Thumb Code   552  ddiv.o(x$fpl$ddiv)
    __aeabi_d2iz                             0x080067ed   Thumb Code     0  dfix.o(x$fpl$dfix)
    _dfix                                    0x080067ed   Thumb Code    94  dfix.o(x$fpl$dfix)
    __aeabi_i2d                              0x0800684b   Thumb Code     0  dflt_clz.o(x$fpl$dflt)
    _dflt                                    0x0800684b   Thumb Code    46  dflt_clz.o(x$fpl$dflt)
    __aeabi_ui2d                             0x08006879   Thumb Code     0  dflt_clz.o(x$fpl$dfltu)
    _dfltu                                   0x08006879   Thumb Code    38  dflt_clz.o(x$fpl$dfltu)
    __aeabi_dmul                             0x080068a1   Thumb Code     0  dmul.o(x$fpl$dmul)
    _dmul                                    0x080068a1   Thumb Code   332  dmul.o(x$fpl$dmul)
    __fpl_dnaninf                            0x080069f5   Thumb Code   156  dnaninf.o(x$fpl$dnaninf)
    __fpl_dretinf                            0x08006a91   Thumb Code    12  dretinf.o(x$fpl$dretinf)
    __aeabi_dsub                             0x08006a9d   Thumb Code     0  daddsub_clz.o(x$fpl$dsub)
    _dsub                                    0x08006a9d   Thumb Code   464  daddsub_clz.o(x$fpl$dsub)
    __aeabi_f2d                              0x08006c71   Thumb Code     0  f2d.o(x$fpl$f2d)
    _f2d                                     0x08006c71   Thumb Code    86  f2d.o(x$fpl$f2d)
    __fpl_fnaninf                            0x08006cc7   Thumb Code   140  fnaninf.o(x$fpl$fnaninf)
    _fp_init                                 0x08006d53   Thumb Code    26  fpinit.o(x$fpl$fpinit)
    __fplib_config_fpu_vfp                   0x08006d6b   Thumb Code     0  fpinit.o(x$fpl$fpinit)
    __fplib_config_pureend_doubles           0x08006d6b   Thumb Code     0  fpinit.o(x$fpl$fpinit)
    __fpl_fretinf                            0x08006d6d   Thumb Code    10  fretinf.o(x$fpl$fretinf)
    _printf_fp_dec                           0x08006d77   Thumb Code     4  printf1.o(x$fpl$printf1)
    __I$use$fp                               0x08006d7a   Number         0  usenofp.o(x$fpl$usenofp)
    AHBPrescTable                            0x08006e10   Data          16  system_stm32g4xx.o(.rodata.AHBPrescTable)
    APBPrescTable                            0x08006e20   Data           8  system_stm32g4xx.o(.rodata.APBPrescTable)
    UARTPrescTable                           0x08006e28   Data          24  stm32g4xx_hal_uart.o(.rodata.UARTPrescTable)
    Region$$Table$$Base                      0x08006e60   Number         0  anon$$obj.o(Region$$Table)
    Region$$Table$$Limit                     0x08006e80   Number         0  anon$$obj.o(Region$$Table)
    SHT$$INIT_ARRAY$$Base                    0x08006e9c   Number         0  motor_vesc.o(.init_array)
    SHT$$INIT_ARRAY$$Limit                   0x08006ea0   Number         0  init_aeabi.o(.init_array)
    StrWel_Priority                          0x20000000   Data           4  main.o(.data.StrWel_Priority)
    SystemCoreClock                          0x20000004   Data           4  system_stm32g4xx.o(.data.SystemCoreClock)
    angle_degree_debug                       0x20000008   Data           4  main.o(.data.angle_degree_debug)
    led_band_bias                            0x2000000c   Data           4  main.o(.data.led_band_bias)
    set_angle_degree                         0x20000010   Data           4  main.o(.data.set_angle_degree)
    steer_zero_angle                         0x20000014   Data           2  main.o(.data.steer_zero_angle)
    uwTickFreq                               0x20000018   Data           4  stm32g4xx_hal.o(.data.uwTickFreq)
    uwTickPrio                               0x2000001c   Data           4  stm32g4xx_hal.o(.data.uwTickPrio)
    __libspace_start                         0x20000020   Data          96  libspace.o(.bss)
    __temporary_stack_top$libspace           0x20000080   Data           0  libspace.o(.bss)
    M3508                                    0x20000084   Data         120  motor_c620.o(.bss.M3508)
    MasterCanData                            0x200000fc   Data           8  main.o(.bss.MasterCanData)
    WS2812buf2send                           0x20000104   Data         744  ws2812_yx.o(.bss.WS2812buf2send)
    angle_code                               0x200003ec   Data           4  as5047.o(.bss.angle_code)
    angle_code_raw                           0x200003f0   Data           4  as5047.o(.bss.angle_code_raw)
    angle_deg                                0x200003f4   Data           4  as5047.o(.bss.angle_deg)
    angle_deg_raw                            0x200003f8   Data           4  as5047.o(.bss.angle_deg_raw)
    hdma_spi2_tx                             0x200003fc   Data          96  spi.o(.bss.hdma_spi2_tx)
    hdma_usart3_tx                           0x2000045c   Data          96  usart.o(.bss.hdma_usart3_tx)
    hfdcan1                                  0x200004bc   Data         100  fdcan.o(.bss.hfdcan1)
    hfdcan2                                  0x20000520   Data         100  fdcan.o(.bss.hfdcan2)
    hspi1                                    0x20000584   Data         100  spi.o(.bss.hspi1)
    hspi2                                    0x200005e8   Data         100  spi.o(.bss.hspi2)
    htim17                                   0x2000064c   Data          76  tim.o(.bss.htim17)
    htim6                                    0x20000698   Data          76  tim.o(.bss.htim6)
    htim7                                    0x200006e4   Data          76  tim.o(.bss.htim7)
    huart3                                   0x20000730   Data         148  usart.o(.bss.huart3)
    last_recv_angle_deg                      0x200007c4   Data           4  main.o(.bss.last_recv_angle_deg)
    m3508_posi_pid                           0x200007c8   Data          64  main.o(.bss.m3508_posi_pid)
    master_recv_times                        0x20000808   Data           4  main.o(.bss.master_recv_times)
    minor_angle_ouput                        0x2000080c   Data           4  main.o(.bss.minor_angle_ouput)
    motor_vesc_1                             0x20000810   Data          28  motor_vesc.o(.bss.motor_vesc_1)
    preheated_time                           0x2000082c   Data           4  motor_c620.o(.bss.preheated_time)
    read_3508_id                             0x20000830   Data           4  main.o(.bss.read_3508_id)
    read_current                             0x20000834   Data           4  motor_vesc.o(.bss.read_current)
    recv_angle_code                          0x20000838   Data           4  main.o(.bss.recv_angle_code)
    recv_angle_deg                           0x2000083c   Data           4  main.o(.bss.recv_angle_deg)
    recv_speed_rpm                           0x20000840   Data           4  main.o(.bss.recv_speed_rpm)
    recv_times                               0x20000844   Data           4  main.o(.bss.recv_times)
    safe_guard_timer                         0x20000848   Data           4  main.o(.bss.safe_guard_timer)
    targ_current_1                           0x2000084c   Data           4  motor_c620.o(.bss.targ_current_1)
    targ_speed                               0x20000850   Data           4  main.o(.bss.targ_speed)
    test_rpm_value                           0x20000854   Data           4  motor_vesc.o(.bss.test_rpm_value)
    uwTick                                   0x20000858   Data           4  stm32g4xx_hal.o(.bss.uwTick)
    vofa_send_buffers                        0x2000085c   Data          32  stm32g4xx_it.o(.bss.vofa_send_buffers)



==============================================================================

Memory Map of the image

  Image Entry point : 0x080001d9

  Load Region LR_IROM1 (Base: 0x08000000, Size: 0x00006ec0, Max: 0x00020000, ABSOLUTE)

    Execution Region ER_IROM1 (Exec base: 0x08000000, Load base: 0x08000000, Size: 0x00006ea0, Max: 0x00020000, ABSOLUTE)

    Exec Addr    Load Addr    Size         Type   Attr      Idx    E Section Name        Object

    0x08000000   0x08000000   0x000001d8   Data   RO            3    RESET               startup_stm32g473xx.o
    0x080001d8   0x080001d8   0x00000008   Code   RO         1905  * !!!main             c_w.l(__main.o)
    0x080001e0   0x080001e0   0x00000034   Code   RO         2246    !!!scatter          c_w.l(__scatter.o)
    0x08000214   0x08000214   0x0000001a   Code   RO         2248    !!handler_copy      c_w.l(__scatter_copy.o)
    0x0800022e   0x0800022e   0x00000002   PAD
    0x08000230   0x08000230   0x0000001c   Code   RO         2250    !!handler_zi        c_w.l(__scatter_zi.o)
    0x0800024c   0x0800024c   0x00000000   Code   RO         1900    .ARM.Collect$$_printf_percent$$00000000  c_w.l(_printf_percent.o)
    0x0800024c   0x0800024c   0x00000006   Code   RO         1899    .ARM.Collect$$_printf_percent$$00000003  c_w.l(_printf_f.o)
    0x08000252   0x08000252   0x00000006   Code   RO         1898    .ARM.Collect$$_printf_percent$$00000009  c_w.l(_printf_d.o)
    0x08000258   0x08000258   0x00000004   Code   RO         1986    .ARM.Collect$$_printf_percent$$00000017  c_w.l(_printf_percent_end.o)
    0x0800025c   0x0800025c   0x00000002   Code   RO         2164    .ARM.Collect$$libinit$$00000000  c_w.l(libinit.o)
    0x0800025e   0x0800025e   0x00000004   Code   RO         1987    .ARM.Collect$$libinit$$00000001  c_w.l(libinit2.o)
    0x08000262   0x08000262   0x00000000   Code   RO         1990    .ARM.Collect$$libinit$$00000004  c_w.l(libinit2.o)
    0x08000262   0x08000262   0x00000000   Code   RO         1993    .ARM.Collect$$libinit$$0000000A  c_w.l(libinit2.o)
    0x08000262   0x08000262   0x00000000   Code   RO         1995    .ARM.Collect$$libinit$$0000000C  c_w.l(libinit2.o)
    0x08000262   0x08000262   0x00000000   Code   RO         1997    .ARM.Collect$$libinit$$0000000E  c_w.l(libinit2.o)
    0x08000262   0x08000262   0x00000006   Code   RO         1998    .ARM.Collect$$libinit$$0000000F  c_w.l(libinit2.o)
    0x08000268   0x08000268   0x00000000   Code   RO         2000    .ARM.Collect$$libinit$$00000011  c_w.l(libinit2.o)
    0x08000268   0x08000268   0x00000000   Code   RO         2002    .ARM.Collect$$libinit$$00000013  c_w.l(libinit2.o)
    0x08000268   0x08000268   0x00000000   Code   RO         2004    .ARM.Collect$$libinit$$00000015  c_w.l(libinit2.o)
    0x08000268   0x08000268   0x0000000a   Code   RO         2005    .ARM.Collect$$libinit$$00000016  c_w.l(libinit2.o)
    0x08000272   0x08000272   0x00000000   Code   RO         2006    .ARM.Collect$$libinit$$00000017  c_w.l(libinit2.o)
    0x08000272   0x08000272   0x00000000   Code   RO         2008    .ARM.Collect$$libinit$$00000019  c_w.l(libinit2.o)
    0x08000272   0x08000272   0x00000000   Code   RO         2010    .ARM.Collect$$libinit$$0000001B  c_w.l(libinit2.o)
    0x08000272   0x08000272   0x00000000   Code   RO         2012    .ARM.Collect$$libinit$$0000001D  c_w.l(libinit2.o)
    0x08000272   0x08000272   0x00000000   Code   RO         2014    .ARM.Collect$$libinit$$0000001F  c_w.l(libinit2.o)
    0x08000272   0x08000272   0x00000000   Code   RO         2016    .ARM.Collect$$libinit$$00000021  c_w.l(libinit2.o)
    0x08000272   0x08000272   0x00000000   Code   RO         2018    .ARM.Collect$$libinit$$00000023  c_w.l(libinit2.o)
    0x08000272   0x08000272   0x00000000   Code   RO         2020    .ARM.Collect$$libinit$$00000025  c_w.l(libinit2.o)
    0x08000272   0x08000272   0x00000000   Code   RO         2024    .ARM.Collect$$libinit$$0000002C  c_w.l(libinit2.o)
    0x08000272   0x08000272   0x00000000   Code   RO         2026    .ARM.Collect$$libinit$$0000002E  c_w.l(libinit2.o)
    0x08000272   0x08000272   0x00000000   Code   RO         2028    .ARM.Collect$$libinit$$00000030  c_w.l(libinit2.o)
    0x08000272   0x08000272   0x00000004   Code   RO         2029    .ARM.Collect$$libinit$$00000031  c_w.l(libinit2.o)
    0x08000276   0x08000276   0x00000000   Code   RO         2030    .ARM.Collect$$libinit$$00000032  c_w.l(libinit2.o)
    0x08000276   0x08000276   0x00000002   Code   RO         2031    .ARM.Collect$$libinit$$00000033  c_w.l(libinit2.o)
    0x08000278   0x08000278   0x00000002   Code   RO         2213    .ARM.Collect$$libshutdown$$00000000  c_w.l(libshutdown.o)
    0x0800027a   0x0800027a   0x00000000   Code   RO         2229    .ARM.Collect$$libshutdown$$00000002  c_w.l(libshutdown2.o)
    0x0800027a   0x0800027a   0x00000000   Code   RO         2231    .ARM.Collect$$libshutdown$$00000004  c_w.l(libshutdown2.o)
    0x0800027a   0x0800027a   0x00000000   Code   RO         2234    .ARM.Collect$$libshutdown$$00000007  c_w.l(libshutdown2.o)
    0x0800027a   0x0800027a   0x00000000   Code   RO         2237    .ARM.Collect$$libshutdown$$0000000A  c_w.l(libshutdown2.o)
    0x0800027a   0x0800027a   0x00000000   Code   RO         2239    .ARM.Collect$$libshutdown$$0000000C  c_w.l(libshutdown2.o)
    0x0800027a   0x0800027a   0x00000000   Code   RO         2242    .ARM.Collect$$libshutdown$$0000000F  c_w.l(libshutdown2.o)
    0x0800027a   0x0800027a   0x00000002   Code   RO         2243    .ARM.Collect$$libshutdown$$00000010  c_w.l(libshutdown2.o)
    0x0800027c   0x0800027c   0x00000000   Code   RO         1967    .ARM.Collect$$rtentry$$00000000  c_w.l(__rtentry.o)
    0x0800027c   0x0800027c   0x00000000   Code   RO         2068    .ARM.Collect$$rtentry$$00000002  c_w.l(__rtentry2.o)
    0x0800027c   0x0800027c   0x00000006   Code   RO         2080    .ARM.Collect$$rtentry$$00000004  c_w.l(__rtentry4.o)
    0x08000282   0x08000282   0x00000000   Code   RO         2070    .ARM.Collect$$rtentry$$00000009  c_w.l(__rtentry2.o)
    0x08000282   0x08000282   0x00000004   Code   RO         2071    .ARM.Collect$$rtentry$$0000000A  c_w.l(__rtentry2.o)
    0x08000286   0x08000286   0x00000000   Code   RO         2073    .ARM.Collect$$rtentry$$0000000C  c_w.l(__rtentry2.o)
    0x08000286   0x08000286   0x00000008   Code   RO         2074    .ARM.Collect$$rtentry$$0000000D  c_w.l(__rtentry2.o)
    0x0800028e   0x0800028e   0x00000002   Code   RO         2169    .ARM.Collect$$rtexit$$00000000  c_w.l(rtexit.o)
    0x08000290   0x08000290   0x00000000   Code   RO         2193    .ARM.Collect$$rtexit$$00000002  c_w.l(rtexit2.o)
    0x08000290   0x08000290   0x00000004   Code   RO         2194    .ARM.Collect$$rtexit$$00000003  c_w.l(rtexit2.o)
    0x08000294   0x08000294   0x00000006   Code   RO         2195    .ARM.Collect$$rtexit$$00000004  c_w.l(rtexit2.o)
    0x0800029a   0x0800029a   0x00000002   PAD
    0x0800029c   0x0800029c   0x00000040   Code   RO            4    .text               startup_stm32g473xx.o
    0x080002dc   0x080002dc   0x000000f0   Code   RO         1868    .text               c_w.l(lludivv7m.o)
    0x080003cc   0x080003cc   0x00000034   Code   RO         1872    .text               c_w.l(noretval__2snprintf.o)
    0x08000400   0x08000400   0x00000078   Code   RO         1876    .text               c_w.l(_printf_dec.o)
    0x08000478   0x08000478   0x0000010e   Code   RO         1886    .text               c_w.l(__printf_wp.o)
    0x08000586   0x08000586   0x0000004e   Code   RO         1901    .text               c_w.l(rt_memclr_w.o)
    0x080005d4   0x080005d4   0x00000006   Code   RO         1903    .text               c_w.l(heapauxi.o)
    0x080005da   0x080005da   0x00000002   PAD
    0x080005dc   0x080005dc   0x00000024   Code   RO         1910    .text               c_w.l(init_aeabi.o)
    0x08000600   0x08000600   0x000000b2   Code   RO         1974    .text               c_w.l(_printf_intcommon.o)
    0x080006b2   0x080006b2   0x0000041c   Code   RO         1976    .text               c_w.l(_printf_fp_dec.o)
    0x08000ace   0x08000ace   0x00000002   PAD
    0x08000ad0   0x08000ad0   0x00000030   Code   RO         1980    .text               c_w.l(_printf_char_common.o)
    0x08000b00   0x08000b00   0x0000000a   Code   RO         1982    .text               c_w.l(_sputc.o)
    0x08000b0a   0x08000b0a   0x00000010   Code   RO         1984    .text               c_w.l(_snputc.o)
    0x08000b1a   0x08000b1a   0x00000002   PAD
    0x08000b1c   0x08000b1c   0x00000008   Code   RO         2087    .text               c_w.l(rt_locale_intlibspace.o)
    0x08000b24   0x08000b24   0x0000008a   Code   RO         2094    .text               c_w.l(lludiv10.o)
    0x08000bae   0x08000bae   0x00000002   PAD
    0x08000bb0   0x08000bb0   0x00000080   Code   RO         2096    .text               c_w.l(_printf_fp_infnan.o)
    0x08000c30   0x08000c30   0x000000e4   Code   RO         2100    .text               c_w.l(bigflt0.o)
    0x08000d14   0x08000d14   0x00000008   Code   RO         2140    .text               c_w.l(libspace.o)
    0x08000d1c   0x08000d1c   0x0000004a   Code   RO         2143    .text               c_w.l(sys_stackheap_outer.o)
    0x08000d66   0x08000d66   0x00000012   Code   RO         2147    .text               c_w.l(exit.o)
    0x08000d78   0x08000d78   0x0000007c   Code   RO         2153    .text               c_w.l(strcmpv7em.o)
    0x08000df4   0x08000df4   0x0000000c   Code   RO         2185    .text               c_w.l(sys_exit.o)
    0x08000e00   0x08000e00   0x00000002   Code   RO         2189    .text               c_w.l(use_no_semi.o)
    0x08000e02   0x08000e02   0x00000000   Code   RO         2191    .text               c_w.l(indicate_semi.o)
    0x08000e02   0x08000e02   0x00000002   PAD
    0x08000e04   0x08000e04   0x00000002   Code   RO          148    .text.BusFault_Handler  stm32g4xx_it.o
    0x08000e06   0x08000e06   0x00000002   PAD
    0x08000e08   0x08000e08   0x00000014   Code   RO         1650    .text.CAN_Interrupt_Enable  motor_vesc.o
    0x08000e1c   0x08000e1c   0x00000010   Code   RO          160    .text.DMA1_Channel1_IRQHandler  stm32g4xx_it.o
    0x08000e2c   0x08000e2c   0x00000010   Code   RO          162    .text.DMA1_Channel2_IRQHandler  stm32g4xx_it.o
    0x08000e3c   0x08000e3c   0x0000004c   Code   RO          662    .text.DMA_CalcDMAMUXChannelBaseAndMask  stm32g4xx_hal_dma.o
    0x08000e88   0x08000e88   0x00000026   Code   RO          664    .text.DMA_CalcDMAMUXRequestGenBaseAndMask  stm32g4xx_hal_dma.o
    0x08000eae   0x08000eae   0x00000002   PAD
    0x08000eb0   0x08000eb0   0x00000046   Code   RO          670    .text.DMA_SetConfig  stm32g4xx_hal_dma.o
    0x08000ef6   0x08000ef6   0x00000002   PAD
    0x08000ef8   0x08000ef8   0x00000002   Code   RO          154    .text.DebugMon_Handler  stm32g4xx_it.o
    0x08000efa   0x08000efa   0x00000002   PAD
    0x08000efc   0x08000efc   0x0000000a   Code   RO           19    .text.Error_Handler  main.o
    0x08000f06   0x08000f06   0x00000002   PAD
    0x08000f08   0x08000f08   0x00000010   Code   RO          164    .text.FDCAN1_IT0_IRQHandler  stm32g4xx_it.o
    0x08000f18   0x08000f18   0x00000010   Code   RO          166    .text.FDCAN1_IT1_IRQHandler  stm32g4xx_it.o
    0x08000f28   0x08000f28   0x00000010   Code   RO          180    .text.FDCAN2_IT0_IRQHandler  stm32g4xx_it.o
    0x08000f38   0x08000f38   0x00000010   Code   RO          182    .text.FDCAN2_IT1_IRQHandler  stm32g4xx_it.o
    0x08000f48   0x08000f48   0x0000007e   Code   RO          205    .text.FDCAN_CalcultateRamBlockAddresses  stm32g4xx_hal_fdcan.o
    0x08000fc6   0x08000fc6   0x00000002   PAD
    0x08000fc8   0x08000fc8   0x0000007c   Code   RO          265    .text.FDCAN_CopyMessageToRAM  stm32g4xx_hal_fdcan.o
    0x08001044   0x08001044   0x0000006e   Code   RO          674    .text.HAL_DMA_Abort  stm32g4xx_hal_dma.o
    0x080010b2   0x080010b2   0x00000002   PAD
    0x080010b4   0x080010b4   0x0000007a   Code   RO          676    .text.HAL_DMA_Abort_IT  stm32g4xx_hal_dma.o
    0x0800112e   0x0800112e   0x00000002   PAD
    0x08001130   0x08001130   0x000000aa   Code   RO          680    .text.HAL_DMA_IRQHandler  stm32g4xx_hal_dma.o
    0x080011da   0x080011da   0x00000002   PAD
    0x080011dc   0x080011dc   0x000000d8   Code   RO          660    .text.HAL_DMA_Init  stm32g4xx_hal_dma.o
    0x080012b4   0x080012b4   0x00000088   Code   RO          672    .text.HAL_DMA_Start_IT  stm32g4xx_hal_dma.o
    0x0800133c   0x0800133c   0x00000028   Code   RO          354    .text.HAL_Delay     stm32g4xx_hal.o
    0x08001364   0x08001364   0x00000106   Code   RO          293    .text.HAL_FDCAN_ActivateNotification  stm32g4xx_hal_fdcan.o
    0x0800146a   0x0800146a   0x00000002   PAD
    0x0800146c   0x0800146c   0x0000004a   Code   RO          263    .text.HAL_FDCAN_AddMessageToTxFifoQ  stm32g4xx_hal_fdcan.o
    0x080014b6   0x080014b6   0x00000002   PAD
    0x080014b8   0x080014b8   0x00000060   Code   RO          217    .text.HAL_FDCAN_ConfigFilter  stm32g4xx_hal_fdcan.o
    0x08001518   0x08001518   0x00000002   Code   RO          319    .text.HAL_FDCAN_ErrorCallback  stm32g4xx_hal_fdcan.o
    0x0800151a   0x0800151a   0x00000002   PAD
    0x0800151c   0x0800151c   0x00000002   Code   RO          317    .text.HAL_FDCAN_ErrorStatusCallback  stm32g4xx_hal_fdcan.o
    0x0800151e   0x0800151e   0x00000002   PAD
    0x08001520   0x08001520   0x00000122   Code   RO          271    .text.HAL_FDCAN_GetRxMessage  stm32g4xx_hal_fdcan.o
    0x08001642   0x08001642   0x00000002   PAD
    0x08001644   0x08001644   0x00000002   Code   RO          299    .text.HAL_FDCAN_HighPriorityMessageCallback  stm32g4xx_hal_fdcan.o
    0x08001646   0x08001646   0x00000002   PAD
    0x08001648   0x08001648   0x0000014a   Code   RO          297    .text.HAL_FDCAN_IRQHandler  stm32g4xx_hal_fdcan.o
    0x08001792   0x08001792   0x00000002   PAD
    0x08001794   0x08001794   0x00000188   Code   RO          201    .text.HAL_FDCAN_Init  stm32g4xx_hal_fdcan.o
    0x0800191c   0x0800191c   0x0000013c   Code   RO           71    .text.HAL_FDCAN_MspInit  fdcan.o
    0x08001a58   0x08001a58   0x00000294   Code   RO           13    .text.HAL_FDCAN_RxFifo0Callback  main.o
    0x08001cec   0x08001cec   0x00000002   Code   RO          307    .text.HAL_FDCAN_RxFifo1Callback  stm32g4xx_hal_fdcan.o
    0x08001cee   0x08001cee   0x00000002   PAD
    0x08001cf0   0x08001cf0   0x0000002c   Code   RO          261    .text.HAL_FDCAN_Start  stm32g4xx_hal_fdcan.o
    0x08001d1c   0x08001d1c   0x00000002   Code   RO          315    .text.HAL_FDCAN_TimeoutOccurredCallback  stm32g4xx_hal_fdcan.o
    0x08001d1e   0x08001d1e   0x00000002   PAD
    0x08001d20   0x08001d20   0x00000002   Code   RO          313    .text.HAL_FDCAN_TimestampWraparoundCallback  stm32g4xx_hal_fdcan.o
    0x08001d22   0x08001d22   0x00000002   PAD
    0x08001d24   0x08001d24   0x00000002   Code   RO          301    .text.HAL_FDCAN_TxBufferAbortCallback  stm32g4xx_hal_fdcan.o
    0x08001d26   0x08001d26   0x00000002   PAD
    0x08001d28   0x08001d28   0x00000002   Code   RO          311    .text.HAL_FDCAN_TxBufferCompleteCallback  stm32g4xx_hal_fdcan.o
    0x08001d2a   0x08001d2a   0x00000002   PAD
    0x08001d2c   0x08001d2c   0x00000002   Code   RO          303    .text.HAL_FDCAN_TxEventFifoCallback  stm32g4xx_hal_fdcan.o
    0x08001d2e   0x08001d2e   0x00000002   PAD
    0x08001d30   0x08001d30   0x00000002   Code   RO          309    .text.HAL_FDCAN_TxFifoEmptyCallback  stm32g4xx_hal_fdcan.o
    0x08001d32   0x08001d32   0x00000002   PAD
    0x08001d34   0x08001d34   0x0000019e   Code   RO          610    .text.HAL_GPIO_Init  stm32g4xx_hal_gpio.o
    0x08001ed2   0x08001ed2   0x00000002   PAD
    0x08001ed4   0x08001ed4   0x0000000c   Code   RO          616    .text.HAL_GPIO_WritePin  stm32g4xx_hal_gpio.o
    0x08001ee0   0x08001ee0   0x0000000c   Code   RO          346    .text.HAL_GetTick   stm32g4xx_hal.o
    0x08001eec   0x08001eec   0x0000001a   Code   RO          344    .text.HAL_IncTick   stm32g4xx_hal.o
    0x08001f06   0x08001f06   0x00000002   PAD
    0x08001f08   0x08001f08   0x0000001e   Code   RO          334    .text.HAL_Init      stm32g4xx_hal.o
    0x08001f26   0x08001f26   0x00000002   PAD
    0x08001f28   0x08001f28   0x00000056   Code   RO          336    .text.HAL_InitTick  stm32g4xx_hal.o
    0x08001f7e   0x08001f7e   0x00000002   PAD
    0x08001f80   0x08001f80   0x00000038   Code   RO          193    .text.HAL_MspInit   stm32g4xx_hal_msp.o
    0x08001fb8   0x08001fb8   0x00000008   Code   RO          850    .text.HAL_NVIC_EnableIRQ  stm32g4xx_hal_cortex.o
    0x08001fc0   0x08001fc0   0x0000001e   Code   RO          842    .text.HAL_NVIC_SetPriority  stm32g4xx_hal_cortex.o
    0x08001fde   0x08001fde   0x00000002   PAD
    0x08001fe0   0x08001fe0   0x00000008   Code   RO          838    .text.HAL_NVIC_SetPriorityGrouping  stm32g4xx_hal_cortex.o
    0x08001fe8   0x08001fe8   0x000000e2   Code   RO          758    .text.HAL_PWREx_ControlVoltageScaling  stm32g4xx_hal_pwr_ex.o
    0x080020ca   0x080020ca   0x00000002   PAD
    0x080020cc   0x080020cc   0x00000012   Code   RO          828    .text.HAL_PWREx_DisableUCPDDeadBattery  stm32g4xx_hal_pwr_ex.o
    0x080020de   0x080020de   0x00000002   PAD
    0x080020e0   0x080020e0   0x000002f4   Code   RO          461    .text.HAL_RCCEx_PeriphCLKConfig  stm32g4xx_hal_rcc_ex.o
    0x080023d4   0x080023d4   0x00000202   Code   RO          425    .text.HAL_RCC_ClockConfig  stm32g4xx_hal_rcc.o
    0x080025d6   0x080025d6   0x00000002   PAD
    0x080025d8   0x080025d8   0x0000000c   Code   RO          433    .text.HAL_RCC_GetHCLKFreq  stm32g4xx_hal_rcc.o
    0x080025e4   0x080025e4   0x00000026   Code   RO          435    .text.HAL_RCC_GetPCLK1Freq  stm32g4xx_hal_rcc.o
    0x0800260a   0x0800260a   0x00000002   PAD
    0x0800260c   0x0800260c   0x00000026   Code   RO          437    .text.HAL_RCC_GetPCLK2Freq  stm32g4xx_hal_rcc.o
    0x08002632   0x08002632   0x00000002   PAD
    0x08002634   0x08002634   0x0000007a   Code   RO          429    .text.HAL_RCC_GetSysClockFreq  stm32g4xx_hal_rcc.o
    0x080026ae   0x080026ae   0x00000002   PAD
    0x080026b0   0x080026b0   0x0000047e   Code   RO          423    .text.HAL_RCC_OscConfig  stm32g4xx_hal_rcc.o
    0x08002b2e   0x08002b2e   0x00000002   PAD
    0x08002b30   0x08002b30   0x00000002   Code   RO         1002    .text.HAL_SPI_ErrorCallback  stm32g4xx_hal_spi.o
    0x08002b32   0x08002b32   0x00000002   PAD
    0x08002b34   0x08002b34   0x00000106   Code   RO          998    .text.HAL_SPI_IRQHandler  stm32g4xx_hal_spi.o
    0x08002c3a   0x08002c3a   0x00000002   PAD
    0x08002c3c   0x08002c3c   0x000000e2   Code   RO          914    .text.HAL_SPI_Init  stm32g4xx_hal_spi.o
    0x08002d1e   0x08002d1e   0x00000002   PAD
    0x08002d20   0x08002d20   0x0000010e   Code   RO           90    .text.HAL_SPI_MspInit  spi.o
    0x08002e2e   0x08002e2e   0x00000002   PAD
    0x08002e30   0x08002e30   0x00000270   Code   RO          928    .text.HAL_SPI_TransmitReceive  stm32g4xx_hal_spi.o
    0x080030a0   0x080030a0   0x0000010a   Code   RO          954    .text.HAL_SPI_Transmit_DMA  stm32g4xx_hal_spi.o
    0x080031aa   0x080031aa   0x00000002   PAD
    0x080031ac   0x080031ac   0x00000002   Code   RO         1004    .text.HAL_SPI_TxCpltCallback  stm32g4xx_hal_spi.o
    0x080031ae   0x080031ae   0x00000002   PAD
    0x080031b0   0x080031b0   0x00000002   Code   RO         1010    .text.HAL_SPI_TxHalfCpltCallback  stm32g4xx_hal_spi.o
    0x080031b2   0x080031b2   0x00000002   PAD
    0x080031b4   0x080031b4   0x00000008   Code   RO          862    .text.HAL_SYSTICK_Config  stm32g4xx_hal_cortex.o
    0x080031bc   0x080031bc   0x00000002   Code   RO         1417    .text.HAL_TIMEx_Break2Callback  stm32g4xx_hal_tim_ex.o
    0x080031be   0x080031be   0x00000002   PAD
    0x080031c0   0x080031c0   0x00000002   Code   RO         1415    .text.HAL_TIMEx_BreakCallback  stm32g4xx_hal_tim_ex.o
    0x080031c2   0x080031c2   0x00000002   PAD
    0x080031c4   0x080031c4   0x00000002   Code   RO         1411    .text.HAL_TIMEx_CommutCallback  stm32g4xx_hal_tim_ex.o
    0x080031c6   0x080031c6   0x00000002   PAD
    0x080031c8   0x080031c8   0x00000002   Code   RO         1421    .text.HAL_TIMEx_DirectionChangeCallback  stm32g4xx_hal_tim_ex.o
    0x080031ca   0x080031ca   0x00000002   PAD
    0x080031cc   0x080031cc   0x00000002   Code   RO         1419    .text.HAL_TIMEx_EncoderIndexCallback  stm32g4xx_hal_tim_ex.o
    0x080031ce   0x080031ce   0x00000002   PAD
    0x080031d0   0x080031d0   0x00000002   Code   RO         1423    .text.HAL_TIMEx_IndexErrorCallback  stm32g4xx_hal_tim_ex.o
    0x080031d2   0x080031d2   0x00000002   PAD
    0x080031d4   0x080031d4   0x000000dc   Code   RO         1361    .text.HAL_TIMEx_MasterConfigSynchronization  stm32g4xx_hal_tim_ex.o
    0x080032b0   0x080032b0   0x00000002   Code   RO         1425    .text.HAL_TIMEx_TransitionErrorCallback  stm32g4xx_hal_tim_ex.o
    0x080032b2   0x080032b2   0x00000002   PAD
    0x080032b4   0x080032b4   0x00000062   Code   RO         1043    .text.HAL_TIM_Base_Init  stm32g4xx_hal_tim.o
    0x08003316   0x08003316   0x00000002   PAD
    0x08003318   0x08003318   0x00000096   Code   RO          111    .text.HAL_TIM_Base_MspInit  tim.o
    0x080033ae   0x080033ae   0x00000002   PAD
    0x080033b0   0x080033b0   0x000000c2   Code   RO         1057    .text.HAL_TIM_Base_Start_IT  stm32g4xx_hal_tim.o
    0x08003472   0x08003472   0x00000002   PAD
    0x08003474   0x08003474   0x00000002   Code   RO         1179    .text.HAL_TIM_IC_CaptureCallback  stm32g4xx_hal_tim.o
    0x08003476   0x08003476   0x00000002   PAD
    0x08003478   0x08003478   0x000001ba   Code   RO         1177    .text.HAL_TIM_IRQHandler  stm32g4xx_hal_tim.o
    0x08003632   0x08003632   0x00000002   PAD
    0x08003634   0x08003634   0x00000002   Code   RO         1181    .text.HAL_TIM_OC_DelayElapsedCallback  stm32g4xx_hal_tim.o
    0x08003636   0x08003636   0x00000002   PAD
    0x08003638   0x08003638   0x00000002   Code   RO         1183    .text.HAL_TIM_PWM_PulseFinishedCallback  stm32g4xx_hal_tim.o
    0x0800363a   0x0800363a   0x00000002   PAD
    0x0800363c   0x0800363c   0x00000002   Code   RO         1185    .text.HAL_TIM_PeriodElapsedCallback  stm32g4xx_hal_tim.o
    0x0800363e   0x0800363e   0x00000002   PAD
    0x08003640   0x08003640   0x00000002   Code   RO         1187    .text.HAL_TIM_TriggerCallback  stm32g4xx_hal_tim.o
    0x08003642   0x08003642   0x00000002   PAD
    0x08003644   0x08003644   0x00000036   Code   RO         1610    .text.HAL_UARTEx_DisableFifoMode  stm32g4xx_hal_uart_ex.o
    0x0800367a   0x0800367a   0x00000002   PAD
    0x0800367c   0x0800367c   0x00000002   Code   RO         1533    .text.HAL_UARTEx_RxEventCallback  stm32g4xx_hal_uart.o
    0x0800367e   0x0800367e   0x00000002   PAD
    0x08003680   0x08003680   0x00000002   Code   RO         1592    .text.HAL_UARTEx_RxFifoFullCallback  stm32g4xx_hal_uart_ex.o
    0x08003682   0x08003682   0x00000002   PAD
    0x08003684   0x08003684   0x0000004a   Code   RO         1614    .text.HAL_UARTEx_SetRxFifoThreshold  stm32g4xx_hal_uart_ex.o
    0x080036ce   0x080036ce   0x00000002   PAD
    0x080036d0   0x080036d0   0x0000004a   Code   RO         1612    .text.HAL_UARTEx_SetTxFifoThreshold  stm32g4xx_hal_uart_ex.o
    0x0800371a   0x0800371a   0x00000002   PAD
    0x0800371c   0x0800371c   0x00000002   Code   RO         1594    .text.HAL_UARTEx_TxFifoEmptyCallback  stm32g4xx_hal_uart_ex.o
    0x0800371e   0x0800371e   0x00000002   PAD
    0x08003720   0x08003720   0x00000002   Code   RO         1590    .text.HAL_UARTEx_WakeupCallback  stm32g4xx_hal_uart_ex.o
    0x08003722   0x08003722   0x00000002   PAD
    0x08003724   0x08003724   0x00000002   Code   RO         1531    .text.HAL_UART_ErrorCallback  stm32g4xx_hal_uart.o
    0x08003726   0x08003726   0x00000002   PAD
    0x08003728   0x08003728   0x00000322   Code   RO         1527    .text.HAL_UART_IRQHandler  stm32g4xx_hal_uart.o
    0x08003a4a   0x08003a4a   0x00000002   PAD
    0x08003a4c   0x08003a4c   0x00000062   Code   RO         1439    .text.HAL_UART_Init  stm32g4xx_hal_uart.o
    0x08003aae   0x08003aae   0x00000002   PAD
    0x08003ab0   0x08003ab0   0x000000d6   Code   RO          128    .text.HAL_UART_MspInit  usart.o
    0x08003b86   0x08003b86   0x00000002   PAD
    0x08003b88   0x08003b88   0x00000090   Code   RO         1479    .text.HAL_UART_Transmit_DMA  stm32g4xx_hal_uart.o
    0x08003c18   0x08003c18   0x00000002   Code   RO         1537    .text.HAL_UART_TxCpltCallback  stm32g4xx_hal_uart.o
    0x08003c1a   0x08003c1a   0x00000002   PAD
    0x08003c1c   0x08003c1c   0x00000002   Code   RO         1539    .text.HAL_UART_TxHalfCpltCallback  stm32g4xx_hal_uart.o
    0x08003c1e   0x08003c1e   0x00000002   PAD
    0x08003c20   0x08003c20   0x00000002   Code   RO          144    .text.HardFault_Handler  stm32g4xx_it.o
    0x08003c22   0x08003c22   0x00000002   PAD
    0x08003c24   0x08003c24   0x00000054   Code   RO           58    .text.MX_DMA_Init   dma.o
    0x08003c78   0x08003c78   0x00000050   Code   RO           67    .text.MX_FDCAN1_Init  fdcan.o
    0x08003cc8   0x08003cc8   0x00000050   Code   RO           69    .text.MX_FDCAN2_Init  fdcan.o
    0x08003d18   0x08003d18   0x00000074   Code   RO           49    .text.MX_GPIO_Init  gpio.o
    0x08003d8c   0x08003d8c   0x0000004e   Code   RO           86    .text.MX_SPI1_Init  spi.o
    0x08003dda   0x08003dda   0x00000002   PAD
    0x08003ddc   0x08003ddc   0x0000004c   Code   RO           88    .text.MX_SPI2_Init  spi.o
    0x08003e28   0x08003e28   0x00000038   Code   RO          109    .text.MX_TIM17_Init  tim.o
    0x08003e60   0x08003e60   0x00000056   Code   RO          105    .text.MX_TIM6_Init  tim.o
    0x08003eb6   0x08003eb6   0x00000002   PAD
    0x08003eb8   0x08003eb8   0x00000054   Code   RO          107    .text.MX_TIM7_Init  tim.o
    0x08003f0c   0x08003f0c   0x0000007e   Code   RO          126    .text.MX_USART3_UART_Init  usart.o
    0x08003f8a   0x08003f8a   0x00000002   PAD
    0x08003f8c   0x08003f8c   0x00000002   Code   RO          146    .text.MemManage_Handler  stm32g4xx_it.o
    0x08003f8e   0x08003f8e   0x00000002   PAD
    0x08003f90   0x08003f90   0x00000002   Code   RO          142    .text.NMI_Handler   stm32g4xx_it.o
    0x08003f92   0x08003f92   0x00000002   PAD
    0x08003f94   0x08003f94   0x0000002c   Code   RO          848    .text.NVIC_EncodePriority  stm32g4xx_hal_cortex.o
    0x08003fc0   0x08003fc0   0x00000002   Code   RO          156    .text.PendSV_Handler  stm32g4xx_it.o
    0x08003fc2   0x08003fc2   0x00000002   PAD
    0x08003fc4   0x08003fc4   0x00000048   Code   RO          427    .text.RCC_GetSysClockFreqFromPLLSource  stm32g4xx_hal_rcc.o
    0x0800400c   0x0800400c   0x00000010   Code   RO          170    .text.SPI1_IRQHandler  stm32g4xx_it.o
    0x0800401c   0x0800401c   0x00000010   Code   RO          172    .text.SPI2_IRQHandler  stm32g4xx_it.o
    0x0800402c   0x0800402c   0x00000012   Code   RO         1000    .text.SPI_DMAAbortOnError  stm32g4xx_hal_spi.o
    0x0800403e   0x0800403e   0x00000002   PAD
    0x08004040   0x08004040   0x00000022   Code   RO          960    .text.SPI_DMAError  stm32g4xx_hal_spi.o
    0x08004062   0x08004062   0x00000002   PAD
    0x08004064   0x08004064   0x0000000a   Code   RO          956    .text.SPI_DMAHalfTransmitCplt  stm32g4xx_hal_spi.o
    0x0800406e   0x0800406e   0x00000002   PAD
    0x08004070   0x08004070   0x00000070   Code   RO          958    .text.SPI_DMATransmitCplt  stm32g4xx_hal_spi.o
    0x080040e0   0x080040e0   0x00000042   Code   RO          924    .text.SPI_EndRxTxTransaction  stm32g4xx_hal_spi.o
    0x08004122   0x08004122   0x00000002   PAD
    0x08004124   0x08004124   0x000000e8   Code   RO          980    .text.SPI_WaitFifoStateUntilTimeout  stm32g4xx_hal_spi.o
    0x0800420c   0x0800420c   0x000000b4   Code   RO          982    .text.SPI_WaitFlagStateUntilTimeout  stm32g4xx_hal_spi.o
    0x080042c0   0x080042c0   0x00000002   Code   RO          152    .text.SVC_Handler   stm32g4xx_it.o
    0x080042c2   0x080042c2   0x00000002   PAD
    0x080042c4   0x080042c4   0x0000002e   Code   RO          864    .text.SysTick_Config  stm32g4xx_hal_cortex.o
    0x080042f2   0x080042f2   0x00000002   PAD
    0x080042f4   0x080042f4   0x00000008   Code   RO          158    .text.SysTick_Handler  stm32g4xx_it.o
    0x080042fc   0x080042fc   0x00000012   Code   RO         1633    .text.SystemInit    system_stm32g4xx.o
    0x0800430e   0x0800430e   0x00000002   PAD
    0x08004310   0x08004310   0x00000034   Code   RO          168    .text.TIM1_TRG_COM_TIM17_IRQHandler  stm32g4xx_it.o
    0x08004344   0x08004344   0x00000004   PAD
    0x08004348   0x08004348   0x00000088   Code   RO          176    .text.TIM6_DAC_IRQHandler  stm32g4xx_it.o
    0x080043d0   0x080043d0   0x00000098   Code   RO          178    .text.TIM7_DAC_IRQHandler  stm32g4xx_it.o
    0x08004468   0x08004468   0x00000148   Code   RO         1047    .text.TIM_Base_SetConfig  stm32g4xx_hal_tim.o
    0x080045b0   0x080045b0   0x00000054   Code   RO         1608    .text.UARTEx_SetNbDataToProcess  stm32g4xx_hal_uart_ex.o
    0x08004604   0x08004604   0x000000e6   Code   RO         1443    .text.UART_AdvFeatureConfig  stm32g4xx_hal_uart.o
    0x080046ea   0x080046ea   0x00000002   PAD
    0x080046ec   0x080046ec   0x000000c0   Code   RO         1447    .text.UART_CheckIdleState  stm32g4xx_hal_uart.o
    0x080047ac   0x080047ac   0x00000010   Code   RO         1529    .text.UART_DMAAbortOnError  stm32g4xx_hal_uart.o
    0x080047bc   0x080047bc   0x00000054   Code   RO         1485    .text.UART_DMAError  stm32g4xx_hal_uart.o
    0x08004810   0x08004810   0x00000044   Code   RO         1481    .text.UART_DMATransmitCplt  stm32g4xx_hal_uart.o
    0x08004854   0x08004854   0x0000000a   Code   RO         1483    .text.UART_DMATxHalfCplt  stm32g4xx_hal_uart.o
    0x0800485e   0x0800485e   0x00000002   PAD
    0x08004860   0x08004860   0x0000005a   Code   RO         1499    .text.UART_EndRxTransfer  stm32g4xx_hal_uart.o
    0x080048ba   0x080048ba   0x00000002   PAD
    0x080048bc   0x080048bc   0x00000028   Code   RO         1535    .text.UART_EndTransmit_IT  stm32g4xx_hal_uart.o
    0x080048e4   0x080048e4   0x00000030   Code   RO         1497    .text.UART_EndTxTransfer  stm32g4xx_hal_uart.o
    0x08004914   0x08004914   0x000002dc   Code   RO         1445    .text.UART_SetConfig  stm32g4xx_hal_uart.o
    0x08004bf0   0x08004bf0   0x000000c2   Code   RO         1461    .text.UART_WaitOnFlagUntilTimeout  stm32g4xx_hal_uart.o
    0x08004cb2   0x08004cb2   0x00000002   PAD
    0x08004cb4   0x08004cb4   0x00000010   Code   RO          174    .text.USART3_IRQHandler  stm32g4xx_it.o
    0x08004cc4   0x08004cc4   0x00000002   Code   RO          150    .text.UsageFault_Handler  stm32g4xx_it.o
    0x08004cc6   0x08004cc6   0x00000002   PAD
    0x08004cc8   0x08004cc8   0x00000008   Code   RO         1660    .text._GLOBAL__sub_I_motor_vesc.cpp  motor_vesc.o
    0x08004cd0   0x08004cd0   0x00000010   Code   RO         1699    .text._Z10readAS5047v  as5047.o
    0x08004ce0   0x08004ce0   0x000000ac   Code   RO         1723    .text._Z11calc_outputP4pidsff  pids.o
    0x08004d8c   0x08004d8c   0x00000004   PAD
    0x08004d90   0x08004d90   0x000001b4   Code   RO         1755    .text._Z13WS2812_Angleshhhhffii  ws2812_yx.o
    0x08004f44   0x08004f44   0x00000004   PAD
    0x08004f48   0x08004f48   0x00000068   Code   RO         1703    .text._Z13getMotorAnglePtt  as5047.o
    0x08004fb0   0x08004fb0   0x00000050   Code   RO         1705    .text._Z13get_minor_arcff  as5047.o
    0x08005000   0x08005000   0x0000001c   Code   RO           11    .text._Z14WS2812_Refreshv  main.o
    0x0800501c   0x0800501c   0x0000005c   Code   RO         1725    .text._Z14calc_incrementP4pidsf  pids.o
    0x08005078   0x08005078   0x0000007c   Code   RO         1749    .text._Z15RGB_Clear_Colora  ws2812_yx.o
    0x080050f4   0x080050f4   0x0000000c   Code   RO         1810    .text._Z15get_moto_offsetP14moto_measure_tPh  motor_c620.o
    0x08005100   0x08005100   0x00000078   Code   RO         1800    .text._Z15motor_c620_initP19FDCAN_HandleTypeDef  motor_c620.o
    0x08005178   0x08005178   0x000000da   Code   RO         1743    .text._Z16RGB_SetOne_Colorahhh  ws2812_yx.o
    0x08005252   0x08005252   0x00000002   PAD
    0x08005254   0x08005254   0x00000064   Code   RO         1808    .text._Z16get_moto_measureP14moto_measure_tPh  motor_c620.o
    0x080052b8   0x080052b8   0x0000003c   Code   RO         1721    .text._Z16pids_create_initffffffi  pids.o
    0x080052f4   0x080052f4   0x00000050   Code   RO         1804    .text._Z16set_moto_currentP19FDCAN_HandleTypeDefss  motor_c620.o
    0x08005344   0x08005344   0x00000054   Code   RO         1697    .text._Z16spiHandleOneBytet  as5047.o
    0x08005398   0x08005398   0x0000018c   Code   RO         1757    .text._Z17WS2812_Angles_Addhhhhffii  ws2812_yx.o
    0x08005524   0x08005524   0x0000001c   Code   RO         1745    .text._Z17WS2812_InitBufferv  ws2812_yx.o
    0x08005540   0x08005540   0x0000006a   Code   RO           17    .text._Z18SystemClock_Configv  main.o
    0x080055aa   0x080055aa   0x00000002   PAD
    0x080055ac   0x080055ac   0x00000076   Code   RO         1806    .text._Z18motor_c620_preheatv  motor_c620.o
    0x08005622   0x08005622   0x00000002   PAD
    0x08005624   0x08005624   0x00000078   Code   RO         1802    .text._Z18motor_c620_set_rpmiiiii  motor_c620.o
    0x0800569c   0x0800569c   0x0000003a   Code   RO         1831    .text._Z19fdcan_C620_send_msgP19FDCAN_HandleTypeDefPhji  bsp_fdcan.o
    0x080056d6   0x080056d6   0x00000002   PAD
    0x080056d8   0x080056d8   0x00000098   Code   RO         1727    .text._Z23calc_output_incrementalP4pidsff  pids.o
    0x08005770   0x08005770   0x000000c4   Code   RO         1841    .text._Z24algo_get_steerBetter_vecifPiPf  algorithm.o
    0x08005834   0x08005834   0x00000014   Code   RO         1751    .text._Z3maxff      ws2812_yx.o
    0x08005848   0x08005848   0x00000022   Code   RO         1719    .text._Z8limit_abff  pids.o
    0x0800586a   0x0800586a   0x00000002   PAD
    0x0800586c   0x0800586c   0x00000012   Code   RO         1681    .text._ZN9MotorVESC11setMotorRPMEi  motor_vesc__funcs.o
    0x0800587e   0x0800587e   0x00000002   PAD
    0x08005880   0x08005880   0x00000054   Code   RO         1679    .text._ZN9MotorVESC15sendCanTXBufferE13CanPacketTypef  motor_vesc__funcs.o
    0x080058d4   0x080058d4   0x00000008   Code   RO         1683    .text._ZN9MotorVESCC2EP19FDCAN_HandleTypeDefii  motor_vesc__funcs.o
    0x080058dc   0x080058dc   0x00000020   Code   RO          852    .text.__NVIC_EnableIRQ  stm32g4xx_hal_cortex.o
    0x080058fc   0x080058fc   0x00000010   Code   RO          844    .text.__NVIC_GetPriorityGrouping  stm32g4xx_hal_cortex.o
    0x0800590c   0x0800590c   0x00000022   Code   RO          846    .text.__NVIC_SetPriority  stm32g4xx_hal_cortex.o
    0x0800592e   0x0800592e   0x00000002   PAD
    0x08005930   0x08005930   0x00000020   Code   RO          840    .text.__NVIC_SetPriorityGrouping  stm32g4xx_hal_cortex.o
    0x08005950   0x08005950   0x0000001c   Code   RO         1648    .text.__cxx_global_var_init  motor_vesc.o
    0x0800596c   0x0800596c   0x00000028   Code   RO         1656    .text.can_filter_config  motor_vesc.o
    0x08005994   0x08005994   0x00000158   Code   RO           15    .text.main          main.o
    0x08005aec   0x08005aec   0x00000004   PAD
    0x08005af0   0x08005af0   0x00000088   Code   RO         1658    .text.motor_vesc_handle  motor_vesc.o
    0x08005b78   0x08005b78   0x00000016   Code   RO         1654    .text.motor_vesc_init  motor_vesc.o
    0x08005b8e   0x08005b8e   0x0000003e   Code   RO         2103    CL$$btod_d2e        c_w.l(btod.o)
    0x08005bcc   0x08005bcc   0x00000046   Code   RO         2105    CL$$btod_d2e_denorm_low  c_w.l(btod.o)
    0x08005c12   0x08005c12   0x00000060   Code   RO         2104    CL$$btod_d2e_norm_op1  c_w.l(btod.o)
    0x08005c72   0x08005c72   0x00000338   Code   RO         2113    CL$$btod_div_common  c_w.l(btod.o)
    0x08005faa   0x08005faa   0x000000dc   Code   RO         2110    CL$$btod_e2e        c_w.l(btod.o)
    0x08006086   0x08006086   0x0000002a   Code   RO         2107    CL$$btod_ediv       c_w.l(btod.o)
    0x080060b0   0x080060b0   0x0000002a   Code   RO         2106    CL$$btod_emul       c_w.l(btod.o)
    0x080060da   0x080060da   0x00000244   Code   RO         2112    CL$$btod_mult_common  c_w.l(btod.o)
    0x0800631e   0x0800631e   0x00000030   Code   RO         2138    i.__ARM_fpclassify  m_wm.l(fpclassify.o)
    0x0800634e   0x0800634e   0x0000000e   Code   RO         1888    i._is_digit         c_w.l(__printf_wp.o)
    0x0800635c   0x0800635c   0x0000002c   Code   RO         2128    locale$$code        c_w.l(lc_numeric_c.o)
    0x08006388   0x08006388   0x00000062   Code   RO         1913    x$fpl$d2f           fz_wm.l(d2f.o)
    0x080063ea   0x080063ea   0x00000002   PAD
    0x080063ec   0x080063ec   0x00000150   Code   RO         1915    x$fpl$dadd          fz_wm.l(daddsub_clz.o)
    0x0800653c   0x0800653c   0x000002b0   Code   RO         1924    x$fpl$ddiv          fz_wm.l(ddiv.o)
    0x080067ec   0x080067ec   0x0000005e   Code   RO         1927    x$fpl$dfix          fz_wm.l(dfix.o)
    0x0800684a   0x0800684a   0x0000002e   Code   RO         1932    x$fpl$dflt          fz_wm.l(dflt_clz.o)
    0x08006878   0x08006878   0x00000026   Code   RO         1931    x$fpl$dfltu         fz_wm.l(dflt_clz.o)
    0x0800689e   0x0800689e   0x00000002   PAD
    0x080068a0   0x080068a0   0x00000154   Code   RO         1937    x$fpl$dmul          fz_wm.l(dmul.o)
    0x080069f4   0x080069f4   0x0000009c   Code   RO         2042    x$fpl$dnaninf       fz_wm.l(dnaninf.o)
    0x08006a90   0x08006a90   0x0000000c   Code   RO         2044    x$fpl$dretinf       fz_wm.l(dretinf.o)
    0x08006a9c   0x08006a9c   0x000001d4   Code   RO         1917    x$fpl$dsub          fz_wm.l(daddsub_clz.o)
    0x08006c70   0x08006c70   0x00000056   Code   RO         1939    x$fpl$f2d           fz_wm.l(f2d.o)
    0x08006cc6   0x08006cc6   0x0000008c   Code   RO         2046    x$fpl$fnaninf       fz_wm.l(fnaninf.o)
    0x08006d52   0x08006d52   0x0000001a   Code   RO         2134    x$fpl$fpinit        fz_wm.l(fpinit.o)
    0x08006d6c   0x08006d6c   0x0000000a   Code   RO         2048    x$fpl$fretinf       fz_wm.l(fretinf.o)
    0x08006d76   0x08006d76   0x00000004   Code   RO         1941    x$fpl$printf1       fz_wm.l(printf1.o)
    0x08006d7a   0x08006d7a   0x00000000   Code   RO         2050    x$fpl$usenofp       fz_wm.l(usenofp.o)
    0x08006d7a   0x08006d7a   0x00000002   PAD
    0x08006d7c   0x08006d7c   0x00000094   Data   RO         2101    .constdata          c_w.l(bigflt0.o)
    0x08006e10   0x08006e10   0x00000010   Data   RO         1638    .rodata.AHBPrescTable  system_stm32g4xx.o
    0x08006e20   0x08006e20   0x00000008   Data   RO         1639    .rodata.APBPrescTable  system_stm32g4xx.o
    0x08006e28   0x08006e28   0x00000018   Data   RO         1579    .rodata.UARTPrescTable  stm32g4xx_hal_uart.o
    0x08006e40   0x08006e40   0x00000010   Data   RO          325    .rodata.cst16       stm32g4xx_hal_fdcan.o
    0x08006e50   0x08006e50   0x00000010   Data   RO         1624    .rodata.cst8        stm32g4xx_hal_uart_ex.o
    0x08006e60   0x08006e60   0x00000020   Data   RO         2245    Region$$Table       anon$$obj.o
    0x08006e80   0x08006e80   0x0000001c   Data   RO         2127    locale$$data        c_w.l(lc_numeric_c.o)
    0x08006e9c   0x08006e9c   0x00000004   Data   RO         1668    .init_array         motor_vesc.o
    0x08006ea0   0x08006e9c   0x00000000   Data   RO         1908    .init_array         c_w.l(init_aeabi.o)


    Execution Region RW_IRAM1 (Exec base: 0x20000000, Load base: 0x08006ea0, Size: 0x00001480, Max: 0x00020000, ABSOLUTE)

    Exec Addr    Load Addr    Size         Type   Attr      Idx    E Section Name        Object

    0x20000000   0x08006ea0   0x00000004   Data   RW           21    .data.StrWel_Priority  main.o
    0x20000004   0x08006ea4   0x00000004   Data   RW         1637    .data.SystemCoreClock  system_stm32g4xx.o
    0x20000008   0x08006ea8   0x00000004   Data   RW           25    .data.angle_degree_debug  main.o
    0x2000000c   0x08006eac   0x00000004   Data   RW           27    .data.led_band_bias  main.o
    0x20000010   0x08006eb0   0x00000004   Data   RW           24    .data.set_angle_degree  main.o
    0x20000014   0x08006eb4   0x00000002   Data   RW           26    .data.steer_zero_angle  main.o
    0x20000016   0x08006eb6   0x00000002   PAD
    0x20000018   0x08006eb8   0x00000004   Data   RW          411    .data.uwTickFreq    stm32g4xx_hal.o
    0x2000001c   0x08006ebc   0x00000004   Data   RW          410    .data.uwTickPrio    stm32g4xx_hal.o
    0x20000020        -       0x00000060   Zero   RW         2141    .bss                c_w.l(libspace.o)
    0x20000080        -       0x00000004   Zero   RW           77    .bss.HAL_RCC_FDCAN_CLK_ENABLED  fdcan.o
    0x20000084        -       0x00000078   Zero   RW         1817    .bss.M3508          motor_c620.o
    0x200000fc        -       0x00000008   Zero   RW           31    .bss.MasterCanData  main.o
    0x20000104        -       0x000002e8   Zero   RW         1774    .bss.WS2812buf2send  ws2812_yx.o
    0x200003ec        -       0x00000004   Zero   RW         1708    .bss.angle_code     as5047.o
    0x200003f0        -       0x00000004   Zero   RW         1709    .bss.angle_code_raw  as5047.o
    0x200003f4        -       0x00000004   Zero   RW         1707    .bss.angle_deg      as5047.o
    0x200003f8        -       0x00000004   Zero   RW         1710    .bss.angle_deg_raw  as5047.o
    0x200003fc        -       0x00000060   Zero   RW           96    .bss.hdma_spi2_tx   spi.o
    0x2000045c        -       0x00000060   Zero   RW          133    .bss.hdma_usart3_tx  usart.o
    0x200004bc        -       0x00000064   Zero   RW           75    .bss.hfdcan1        fdcan.o
    0x20000520        -       0x00000064   Zero   RW           76    .bss.hfdcan2        fdcan.o
    0x20000584        -       0x00000064   Zero   RW           94    .bss.hspi1          spi.o
    0x200005e8        -       0x00000064   Zero   RW           95    .bss.hspi2          spi.o
    0x2000064c        -       0x0000004c   Zero   RW          117    .bss.htim17         tim.o
    0x20000698        -       0x0000004c   Zero   RW          115    .bss.htim6          tim.o
    0x200006e4        -       0x0000004c   Zero   RW          116    .bss.htim7          tim.o
    0x20000730        -       0x00000094   Zero   RW          132    .bss.huart3         usart.o
    0x200007c4        -       0x00000004   Zero   RW           36    .bss.last_recv_angle_deg  main.o
    0x200007c8        -       0x00000040   Zero   RW           38    .bss.m3508_posi_pid  main.o
    0x20000808        -       0x00000004   Zero   RW           23    .bss.master_recv_times  main.o
    0x2000080c        -       0x00000004   Zero   RW           30    .bss.minor_angle_ouput  main.o
    0x20000810        -       0x0000001c   Zero   RW         1662    .bss.motor_vesc_1   motor_vesc.o
    0x2000082c        -       0x00000004   Zero   RW         1820    .bss.preheated_time  motor_c620.o
    0x20000830        -       0x00000004   Zero   RW           37    .bss.read_3508_id   main.o
    0x20000834        -       0x00000004   Zero   RW         1663    .bss.read_current   motor_vesc.o
    0x20000838        -       0x00000004   Zero   RW           34    .bss.recv_angle_code  main.o
    0x2000083c        -       0x00000004   Zero   RW           35    .bss.recv_angle_deg  main.o
    0x20000840        -       0x00000004   Zero   RW           33    .bss.recv_speed_rpm  main.o
    0x20000844        -       0x00000004   Zero   RW           22    .bss.recv_times     main.o
    0x20000848        -       0x00000004   Zero   RW           32    .bss.safe_guard_timer  main.o
    0x2000084c        -       0x00000004   Zero   RW         1819    .bss.targ_current_1  motor_c620.o
    0x20000850        -       0x00000004   Zero   RW           28    .bss.targ_speed     main.o
    0x20000854        -       0x00000004   Zero   RW         1666    .bss.test_rpm_value  motor_vesc.o
    0x20000858        -       0x00000004   Zero   RW          412    .bss.uwTick         stm32g4xx_hal.o
    0x2000085c        -       0x00000020   Zero   RW          184    .bss.vofa_send_buffers  stm32g4xx_it.o
    0x2000087c   0x08006ec0   0x00000004   PAD
    0x20000880        -       0x00000400   Zero   RW            2    HEAP                startup_stm32g473xx.o
    0x20000c80        -       0x00000800   Zero   RW            1    STACK               startup_stm32g473xx.o


==============================================================================

Image component sizes


      Code (inc. data)   RO Data    RW Data    ZI Data      Debug   Object Name

       196         16          0          0          0      14807   algorithm.o
       284         32          0          0         16       3889   as5047.o
        58          0          0          0          0       3119   bsp_fdcan.o
        84          0          0          0          0       3754   dma.o
       476          0          0          0        204       8095   fdcan.o
       116          0          0          0          0       2340   gpio.o
      1148         48          0         18        112      19488   main.o
       550         16          0          0        128       5233   motor_c620.o
       254         16          4          0         36       5695   motor_vesc.o
       110          4          0          0          0       5067   motor_vesc__funcs.o
       510          0          0          0          0       3004   pids.o
       424          0          0          0        296       8012   spi.o
        64         26        472          0       3072        848   startup_stm32g473xx.o
       194          0          0          8          4       9305   stm32g4xx_hal.o
       258          0          0          0          0      10787   stm32g4xx_hal_cortex.o
       938          0          0          0          0       8284   stm32g4xx_hal_dma.o
      1758          0         16          0          0      21150   stm32g4xx_hal_fdcan.o
       426          0          0          0          0       5277   stm32g4xx_hal_gpio.o
        56          0          0          0          0       1610   stm32g4xx_hal_msp.o
       244          0          0          0          0       8757   stm32g4xx_hal_pwr_ex.o
      1946          0          0          0          0       9407   stm32g4xx_hal_rcc.o
       756          0          0          0          0      11197   stm32g4xx_hal_rcc_ex.o
      2036          0          0          0          0      22095   stm32g4xx_hal_spi.o
      1072          0          0          0          0      47207   stm32g4xx_hal_tim.o
       234          0          0          0          0      26352   stm32g4xx_hal_tim_ex.o
      2756         62         24          0          0      32830   stm32g4xx_hal_uart.o
       292          0         16          0          0      10192   stm32g4xx_hal_uart_ex.o
       508         36          0          0         32      19538   stm32g4xx_it.o
        18          0         24          4          0       2785   system_stm32g4xx.o
       376          0          0          0        228       8416   tim.o
       340          0          0          0        244       8847   usart.o
      1222         72          0          0        744      20805   ws2812_yx.o

    ----------------------------------------------------------------------
     19914        336        588         32       5120     368192   Object Totals
         0          0         32          0          0          0   (incl. Generated)
       210          8          0          2          4          0   (incl. Padding)

    ----------------------------------------------------------------------

      Code (inc. data)   RO Data    RW Data    ZI Data      Debug   Library Member Name

         8          0          0          0          0         68   __main.o
       284          0          0          0          0        156   __printf_wp.o
         0          0          0          0          0          0   __rtentry.o
        12          0          0          0          0          0   __rtentry2.o
         6          0          0          0          0          0   __rtentry4.o
        52          8          0          0          0          0   __scatter.o
        26          0          0          0          0          0   __scatter_copy.o
        28          0          0          0          0          0   __scatter_zi.o
        48          6          0          0          0         96   _printf_char_common.o
         6          0          0          0          0          0   _printf_d.o
       120         16          0          0          0         92   _printf_dec.o
         6          0          0          0          0          0   _printf_f.o
      1052          0          0          0          0        148   _printf_fp_dec.o
       128         16          0          0          0         84   _printf_fp_infnan.o
       178          0          0          0          0         88   _printf_intcommon.o
         0          0          0          0          0          0   _printf_percent.o
         4          0          0          0          0          0   _printf_percent_end.o
        16          0          0          0          0         68   _snputc.o
        10          0          0          0          0         68   _sputc.o
       228          4        148          0          0         96   bigflt0.o
      1936        128          0          0          0        672   btod.o
        18          0          0          0          0         80   exit.o
         6          0          0          0          0        152   heapauxi.o
         0          0          0          0          0          0   indicate_semi.o
        36          8          0          0          0         80   init_aeabi.o
        44         10         28          0          0         76   lc_numeric_c.o
         2          0          0          0          0          0   libinit.o
        26          0          0          0          0          0   libinit2.o
         2          0          0          0          0          0   libshutdown.o
         2          0          0          0          0          0   libshutdown2.o
         8          4          0          0         96         68   libspace.o
       138          0          0          0          0         80   lludiv10.o
       240          0          0          0          0        100   lludivv7m.o
        52          4          0          0          0         84   noretval__2snprintf.o
         8          4          0          0          0         68   rt_locale_intlibspace.o
        78          0          0          0          0         80   rt_memclr_w.o
         2          0          0          0          0          0   rtexit.o
        10          0          0          0          0          0   rtexit2.o
       124          0          0          0          0         88   strcmpv7em.o
        12          4          0          0          0         68   sys_exit.o
        74          0          0          0          0         80   sys_stackheap_outer.o
         2          0          0          0          0         68   use_no_semi.o
        98          4          0          0          0        140   d2f.o
       804         16          0          0          0        376   daddsub_clz.o
       688        140          0          0          0        264   ddiv.o
        94          4          0          0          0        140   dfix.o
        84          0          0          0          0        232   dflt_clz.o
       340         12          0          0          0        152   dmul.o
       156          4          0          0          0        140   dnaninf.o
        12          0          0          0          0        116   dretinf.o
        86          4          0          0          0        132   f2d.o
       140          4          0          0          0        132   fnaninf.o
        26          0          0          0          0        116   fpinit.o
        10          0          0          0          0        116   fretinf.o
         4          0          0          0          0        116   printf1.o
         0          0          0          0          0          0   usenofp.o
        48          0          0          0          0        124   fpclassify.o

    ----------------------------------------------------------------------
      7642        400        176          0         96       5104   Library Totals
        20          0          0          0          0          0   (incl. Padding)

    ----------------------------------------------------------------------

      Code (inc. data)   RO Data    RW Data    ZI Data      Debug   Library Name

      5032        212        176          0         96       2808   c_w.l
      2542        188          0          0          0       2172   fz_wm.l
        48          0          0          0          0        124   m_wm.l

    ----------------------------------------------------------------------
      7642        400        176          0         96       5104   Library Totals

    ----------------------------------------------------------------------

==============================================================================


      Code (inc. data)   RO Data    RW Data    ZI Data      Debug   

     27556        736        764         32       5216     369908   Grand Totals
     27556        736        764         32       5216     369908   ELF Image Totals
     27556        736        764         32          0          0   ROM Totals

==============================================================================

    Total RO  Size (Code + RO Data)                28320 (  27.66kB)
    Total RW  Size (RW Data + ZI Data)              5248 (   5.13kB)
    Total ROM Size (Code + RO Data + RW Data)      28352 (  27.69kB)

==============================================================================

