Component: ARM Compiler 6.14.1 Tool: armlink [5db06d00]

==============================================================================

Section Cross References

    startup_stm32g473xx.o(STACK) refers (Special) to heapauxi.o(.text) for __use_two_region_memory
    startup_stm32g473xx.o(HEAP) refers (Special) to heapauxi.o(.text) for __use_two_region_memory
    startup_stm32g473xx.o(RESET) refers (Special) to heapauxi.o(.text) for __use_two_region_memory
    startup_stm32g473xx.o(RESET) refers to startup_stm32g473xx.o(STACK) for __initial_sp
    startup_stm32g473xx.o(RESET) refers to startup_stm32g473xx.o(.text) for Reset_Handler
    startup_stm32g473xx.o(RESET) refers to stm32g4xx_it.o(.text.NMI_Handler) for NMI_Handler
    startup_stm32g473xx.o(RESET) refers to stm32g4xx_it.o(.text.HardFault_Handler) for HardFault_Handler
    startup_stm32g473xx.o(RESET) refers to stm32g4xx_it.o(.text.MemManage_Handler) for MemManage_Handler
    startup_stm32g473xx.o(RESET) refers to stm32g4xx_it.o(.text.BusFault_Handler) for BusFault_Handler
    startup_stm32g473xx.o(RESET) refers to stm32g4xx_it.o(.text.UsageFault_Handler) for UsageFault_Handler
    startup_stm32g473xx.o(RESET) refers to stm32g4xx_it.o(.text.SVC_Handler) for SVC_Handler
    startup_stm32g473xx.o(RESET) refers to stm32g4xx_it.o(.text.DebugMon_Handler) for DebugMon_Handler
    startup_stm32g473xx.o(RESET) refers to stm32g4xx_it.o(.text.PendSV_Handler) for PendSV_Handler
    startup_stm32g473xx.o(RESET) refers to stm32g4xx_it.o(.text.SysTick_Handler) for SysTick_Handler
    startup_stm32g473xx.o(RESET) refers to stm32g4xx_it.o(.text.DMA1_Channel1_IRQHandler) for DMA1_Channel1_IRQHandler
    startup_stm32g473xx.o(RESET) refers to stm32g4xx_it.o(.text.DMA1_Channel2_IRQHandler) for DMA1_Channel2_IRQHandler
    startup_stm32g473xx.o(RESET) refers to stm32g4xx_it.o(.text.FDCAN1_IT0_IRQHandler) for FDCAN1_IT0_IRQHandler
    startup_stm32g473xx.o(RESET) refers to stm32g4xx_it.o(.text.FDCAN1_IT1_IRQHandler) for FDCAN1_IT1_IRQHandler
    startup_stm32g473xx.o(RESET) refers to stm32g4xx_it.o(.text.TIM1_TRG_COM_TIM17_IRQHandler) for TIM1_TRG_COM_TIM17_IRQHandler
    startup_stm32g473xx.o(RESET) refers to stm32g4xx_it.o(.text.SPI1_IRQHandler) for SPI1_IRQHandler
    startup_stm32g473xx.o(RESET) refers to stm32g4xx_it.o(.text.SPI2_IRQHandler) for SPI2_IRQHandler
    startup_stm32g473xx.o(RESET) refers to stm32g4xx_it.o(.text.USART3_IRQHandler) for USART3_IRQHandler
    startup_stm32g473xx.o(RESET) refers to stm32g4xx_it.o(.text.TIM6_DAC_IRQHandler) for TIM6_DAC_IRQHandler
    startup_stm32g473xx.o(RESET) refers to stm32g4xx_it.o(.text.TIM7_DAC_IRQHandler) for TIM7_DAC_IRQHandler
    startup_stm32g473xx.o(RESET) refers to stm32g4xx_it.o(.text.FDCAN2_IT0_IRQHandler) for FDCAN2_IT0_IRQHandler
    startup_stm32g473xx.o(RESET) refers to stm32g4xx_it.o(.text.FDCAN2_IT1_IRQHandler) for FDCAN2_IT1_IRQHandler
    startup_stm32g473xx.o(.text) refers (Special) to heapauxi.o(.text) for __use_two_region_memory
    startup_stm32g473xx.o(.text) refers to system_stm32g4xx.o(.text.SystemInit) for SystemInit
    startup_stm32g473xx.o(.text) refers to __main.o(!!!main) for __main
    startup_stm32g473xx.o(.text) refers to startup_stm32g473xx.o(HEAP) for Heap_Mem
    startup_stm32g473xx.o(.text) refers to startup_stm32g473xx.o(STACK) for Stack_Mem
    main.o(.text._Z14WS2812_Refreshv) refers to spi.o(.bss.hspi2) for hspi2
    main.o(.text._Z14WS2812_Refreshv) refers to ws2812_yx.o(.bss.WS2812buf2send) for WS2812buf2send
    main.o(.text._Z14WS2812_Refreshv) refers to stm32g4xx_hal_spi.o(.text.HAL_SPI_Transmit_DMA) for HAL_SPI_Transmit_DMA
    main.o(.ARM.exidx.text._Z14WS2812_Refreshv) refers to main.o(.text._Z14WS2812_Refreshv) for [Anonymous Symbol]
    main.o(.text.HAL_FDCAN_RxFifo0Callback) refers to main.o(.bss..L_MergedGlobals.1) for .L_MergedGlobals.1
    main.o(.text.HAL_FDCAN_RxFifo0Callback) refers to fdcan.o(.bss.hfdcan2) for hfdcan2
    main.o(.text.HAL_FDCAN_RxFifo0Callback) refers to stm32g4xx_hal_fdcan.o(.text.HAL_FDCAN_GetRxMessage) for HAL_FDCAN_GetRxMessage
    main.o(.text.HAL_FDCAN_RxFifo0Callback) refers to motor_c620.o(.bss.M3508) for M3508
    main.o(.text.HAL_FDCAN_RxFifo0Callback) refers to dflt_clz.o(x$fpl$dflt) for __aeabi_i2d
    main.o(.text.HAL_FDCAN_RxFifo0Callback) refers to dmul.o(x$fpl$dmul) for __aeabi_dmul
    main.o(.text.HAL_FDCAN_RxFifo0Callback) refers to daddsub_clz.o(x$fpl$dadd) for __aeabi_dadd
    main.o(.text.HAL_FDCAN_RxFifo0Callback) refers to d2f.o(x$fpl$d2f) for __aeabi_d2f
    main.o(.text.HAL_FDCAN_RxFifo0Callback) refers to main.o(.data..L_MergedGlobals) for .L_MergedGlobals
    main.o(.text.HAL_FDCAN_RxFifo0Callback) refers to motor_vesc.o(.bss..L_MergedGlobals) for test_rpm_value
    main.o(.text.HAL_FDCAN_RxFifo0Callback) refers to as5047.o(.bss.angle_deg) for angle_deg
    main.o(.text.HAL_FDCAN_RxFifo0Callback) refers to motor_vesc.o(.text.motor_vesc_handle) for motor_vesc_handle
[...]
    [Anonymous Symbol]                       0x08006058   Section        0  algorithm.o(.text._Z24algo_get_steerBetter_vecifPiPf)
    [Anonymous Symbol]                       0x0800616c   Section        0  motor_vesc__funcs.o(.text._ZN9MotorVESC11setMotorRPMEi)
    [Anonymous Symbol]                       0x080061c8   Section        0  motor_vesc__funcs.o(.text._ZN9MotorVESCC2EP19FDCAN_HandleTypeDefii)
    [Anonymous Symbol]                       0x080061d0   Section        0  main.o(.text.main)
    [Anonymous Symbol]                       0x08006398   Section        0  motor_vesc.o(.text.motor_vesc_handle)
    [Anonymous Symbol]                       0x08006418   Section        0  motor_vesc.o(.text.motor_vesc_init)
    $v0                                      0x08006474   Number         0  d2f.o(x$fpl$d2f)
    x$fpl$d2f                                0x08006474   Section       98  d2f.o(x$fpl$d2f)
    $v0                                      0x080064d8   Number         0  daddsub_clz.o(x$fpl$dadd)
    x$fpl$dadd                               0x080064d8   Section      336  daddsub_clz.o(x$fpl$dadd)
    _dadd1                                   0x080064e9   Thumb Code     0  daddsub_clz.o(x$fpl$dadd)
    $v0                                      0x08006628   Number         0  ddiv.o(x$fpl$ddiv)
    x$fpl$ddiv                               0x08006628   Section      688  ddiv.o(x$fpl$ddiv)
    ddiv_entry                               0x0800662f   Thumb Code     0  ddiv.o(x$fpl$ddiv)
    $v0                                      0x080068d8   Number         0  dfix.o(x$fpl$dfix)
    x$fpl$dfix                               0x080068d8   Section       94  dfix.o(x$fpl$dfix)
    $v0                                      0x08006936   Number         0  dflt_clz.o(x$fpl$dflt)
    x$fpl$dflt                               0x08006936   Section       46  dflt_clz.o(x$fpl$dflt)
    $v0                                      0x08006964   Number         0  dflt_clz.o(x$fpl$dfltu)
    x$fpl$dfltu                              0x08006964   Section       38  dflt_clz.o(x$fpl$dfltu)
    $v0                                      0x0800698c   Number         0  dmul.o(x$fpl$dmul)
    x$fpl$dmul                               0x0800698c   Section      340  dmul.o(x$fpl$dmul)
    $v0                                      0x08006ae0   Number         0  dnaninf.o(x$fpl$dnaninf)
    x$fpl$dnaninf                            0x08006ae0   Section      156  dnaninf.o(x$fpl$dnaninf)
    $v0                                      0x08006b7c   Number         0  dretinf.o(x$fpl$dretinf)
    x$fpl$dretinf                            0x08006b7c   Section       12  dretinf.o(x$fpl$dretinf)
    $v0                                      0x08006b88   Number         0  daddsub_clz.o(x$fpl$dsub)
    x$fpl$dsub                               0x08006b88   Section      468  daddsub_clz.o(x$fpl$dsub)
    _dsub1                                   0x08006b99   Thumb Code     0  daddsub_clz.o(x$fpl$dsub)
    $v0                                      0x08006d5c   Number         0  f2d.o(x$fpl$f2d)
    x$fpl$f2d                                0x08006d5c   Section       86  f2d.o(x$fpl$f2d)
    $v0                                      0x08006db2   Number         0  fnaninf.o(x$fpl$fnaninf)
    x$fpl$fnaninf                            0x08006db2   Section      140  fnaninf.o(x$fpl$fnaninf)
    $v0                                      0x08006e3e   Number         0  fpinit.o(x$fpl$fpinit)
    x$fpl$fpinit                             0x08006e3e   Section       26  fpinit.o(x$fpl$fpinit)
    $v0                                      0x08006e58   Number         0  fretinf.o(x$fpl$fretinf)
    x$fpl$fretinf                            0x08006e58   Section       10  fretinf.o(x$fpl$fretinf)
    x$fpl$usenofp                            0x08006e62   Section        0  usenofp.o(x$fpl$usenofp)
    DLCtoBytes                               0x08006e92   Data          16  stm32g4xx_hal_fdcan.o(.rodata.cst16)
    .Lswitch.table.UART_SetConfig.5          0x08006ea4   Data          16  stm32g4xx_hal_uart.o(.rodata.cst16)
    UARTEx_SetNbDataToProcess.numerator      0x08006eb4   Data           8  stm32g4xx_hal_uart_ex.o(.rodata.cst8)
    UARTEx_SetNbDataToProcess.denominator    0x08006ebc   Data           8  stm32g4xx_hal_uart_ex.o(.rodata.cst8)
    .init_array                              0x08006ee8   Section        0  init_aeabi.o(.init_array)
    .L_MergedGlobals                         0x20000000   Data           8  main.o(.data..L_MergedGlobals)
    [Anonymous Symbol]                       0x20000000   Section        0  main.o(.data..L_MergedGlobals)
    .L_MergedGlobals                         0x20000008   Data           8  stm32g4xx_hal.o(.data..L_MergedGlobals)
    [Anonymous Symbol]                       0x20000008   Section        0  stm32g4xx_hal.o(.data..L_MergedGlobals)
    .bss                                     0x20000020   Section       96  libspace.o(.bss)
    .L_MergedGlobals                         0x20000080   Data          40  motor_vesc.o(.bss..L_MergedGlobals)
    [Anonymous Symbol]                       0x20000080   Section        0  motor_vesc.o(.bss..L_MergedGlobals)
    .L_MergedGlobals                         0x200000a8   Data           8  as5047.o(.bss..L_MergedGlobals)
    [Anonymous Symbol]                       0x200000a8   Section        0  as5047.o(.bss..L_MergedGlobals)
    .L_MergedGlobals                         0x200000b0   Data           8  motor_c620.o(.bss..L_MergedGlobals)
    [Anonymous Symbol]                       0x200000b0   Section        0  motor_c620.o(.bss..L_MergedGlobals)
    .L_MergedGlobals.1                       0x200000b8   Data         124  main.o(.bss..L_MergedGlobals.1)
    [Anonymous Symbol]                       0x200000b8   Section        0  main.o(.bss..L_MergedGlobals.1)
    HAL_RCC_FDCAN_CLK_ENABLED                0x20000134   Data           4  fdcan.o(.bss.HAL_RCC_FDCAN_CLK_ENABLED)
    [Anonymous Symbol]                       0x20000134   Section        0  fdcan.o(.bss.HAL_RCC_FDCAN_CLK_ENABLED)
    Heap_Mem                                 0x20000870   Data        1024  startup_stm32g473xx.o(HEAP)
    HEAP                                     0x20000870   Section     1024  startup_stm32g473xx.o(HEAP)
    Stack_Mem                                0x20000c70   Data        2048  startup_stm32g473xx.o(STACK)
    STACK                                    0x20000c70   Section     2048  startup_stm32g473xx.o(STACK)
    __initial_sp                             0x20001470   Data           0  startup_stm32g473xx.o(STACK)

    Global Symbols

    Symbol Name                              Value     Ov Type        Size  Object(Section)

    BuildAttributes$$THM_ISAv4$E$P$D$K$B$S$7EM$VFPi3$EXTD16$VFPS$VFMA$PE$A:L22UL41UL21$X:L11$S22US41US21$IEEE1$IW$~IW$USESV6$~STKCKD$USESV7$~SHL$OTIME$ROPI$IEEEX$EBA8$UX$STANDARDLIB$REQ8$PRES8$EABIv2 0x00000000   Number         0  anon$$obj.o ABSOLUTE
    __ARM_exceptions_init                     - Undefined Weak Reference
    __alloca_initialize                       - Undefined Weak Reference
    __arm_preinit_                            - Undefined Weak Reference
    __cxa_finalize                            - Undefined Weak Reference
    __rt_locale                               - Undefined Weak Reference
    __sigvec_lookup                           - Undefined Weak Reference
    _atexit_init                              - Undefined Weak Reference
    _call_atexit_fns                          - Undefined Weak Reference
    _clock_init                               - Undefined Weak Reference
    _fp_trap_init                             - Undefined Weak Reference
    _fp_trap_shutdown                         - Undefined Weak Reference
    _get_lc_collate                           - Undefined Weak Reference
    _get_lc_ctype                             - Undefined Weak Reference
    _get_lc_monetary                          - Undefined Weak Reference
    _get_lc_numeric                           - Undefined Weak Reference
    _get_lc_time                              - Undefined Weak Reference
    _getenv_init                              - Undefined Weak Reference
    _handle_redirection                       - Undefined Weak Reference
    _init_alloc                               - Undefined Weak Reference
    _init_user_alloc                          - Undefined Weak Reference
    _initio                                   - Undefined Weak Reference
    _rand_init                                - Undefined Weak Reference
    _signal_finish                            - Undefined Weak Reference
    _signal_init                              - Undefined Weak Reference
    _terminate_alloc                          - Undefined Weak Reference
    _terminate_user_alloc                     - Undefined Weak Reference
    _terminateio                              - Undefined Weak Reference
    __Vectors_Size                           0x000001d8   Number         0  startup_stm32g473xx.o ABSOLUTE
    __Vectors                                0x08000000   Data           4  startup_stm32g473xx.o(RESET)
    __Vectors_End                            0x080001d8   Data           0  startup_stm32g473xx.o(RESET)
    __main                                   0x080001d9   Thumb Code     8  __main.o(!!!main)
    __scatterload                            0x080001e1   Thumb Code     0  __scatter.o(!!!scatter)
    __scatterload_rt2                        0x080001e1   Thumb Code    44  __scatter.o(!!!scatter)
    __scatterload_rt2_thumb_only             0x080001e1   Thumb Code     0  __scatter.o(!!!scatter)
    __scatterload_null                       0x080001ef   Thumb Code     0  __scatter.o(!!!scatter)
    __scatterload_copy                       0x08000215   Thumb Code    26  __scatter_copy.o(!!handler_copy)
    __scatterload_zeroinit                   0x08000231   Thumb Code    28  __scatter_zi.o(!!handler_zi)
    __rt_lib_init                            0x0800024d   Thumb Code     0  libinit.o(.ARM.Collect$$libinit$$00000000)
    __rt_lib_init_fp_1                       0x0800024f   Thumb Code     0  libinit2.o(.ARM.Collect$$libinit$$00000001)
    __rt_lib_init_alloca_1                   0x08000253   Thumb Code     0  libinit2.o(.ARM.Collect$$libinit$$0000002E)
    __rt_lib_init_argv_1                     0x08000253   Thumb Code     0  libinit2.o(.ARM.Collect$$libinit$$0000002C)
    __rt_lib_init_atexit_1                   0x08000253   Thumb Code     0  libinit2.o(.ARM.Collect$$libinit$$0000001B)
    __rt_lib_init_clock_1                    0x08000253   Thumb Code     0  libinit2.o(.ARM.Collect$$libinit$$00000021)
    __rt_lib_init_cpp_2                      0x08000253   Thumb Code     0  libinit2.o(.ARM.Collect$$libinit$$00000031)
    __rt_lib_init_exceptions_1               0x08000253   Thumb Code     0  libinit2.o(.ARM.Collect$$libinit$$00000030)
    __rt_lib_init_fp_trap_1                  0x08000253   Thumb Code     0  libinit2.o(.ARM.Collect$$libinit$$0000001F)
    __rt_lib_init_getenv_1                   0x08000253   Thumb Code     0  libinit2.o(.ARM.Collect$$libinit$$00000023)
    __rt_lib_init_heap_1                     0x08000253   Thumb Code     0  libinit2.o(.ARM.Collect$$libinit$$0000000A)
    __rt_lib_init_lc_collate_1               0x08000253   Thumb Code     0  libinit2.o(.ARM.Collect$$libinit$$00000011)
    __rt_lib_init_lc_ctype_1                 0x08000253   Thumb Code     0  libinit2.o(.ARM.Collect$$libinit$$00000013)
    __rt_lib_init_lc_monetary_1              0x08000253   Thumb Code     0  libinit2.o(.ARM.Collect$$libinit$$00000015)
    __rt_lib_init_lc_numeric_1               0x08000253   Thumb Code     0  libinit2.o(.ARM.Collect$$libinit$$00000017)
    __rt_lib_init_lc_time_1                  0x08000253   Thumb Code     0  libinit2.o(.ARM.Collect$$libinit$$00000019)
    __rt_lib_init_preinit_1                  0x08000253   Thumb Code     0  libinit2.o(.ARM.Collect$$libinit$$00000004)
    __rt_lib_init_rand_1                     0x08000253   Thumb Code     0  libinit2.o(.ARM.Collect$$libinit$$0000000E)
    __rt_lib_init_signal_1                   0x08000253   Thumb Code     0  libinit2.o(.ARM.Collect$$libinit$$0000001D)
    __rt_lib_init_stdio_1                    0x08000253   Thumb Code     0  libinit2.o(.ARM.Collect$$libinit$$00000025)
    __rt_lib_init_user_alloc_1               0x08000253   Thumb Code     0  libinit2.o(.ARM.Collect$$libinit$$0000000C)
    __rt_lib_init_cpp_1                      0x08000257   Thumb Code     0  libinit2.o(.ARM.Collect$$libinit$$00000032)
    __rt_lib_init_return                     0x08000257   Thumb Code     0  libinit2.o(.ARM.Collect$$libinit$$00000033)
    __rt_lib_shutdown                        0x08000259   Thumb Code     0  libshutdown.o(.ARM.Collect$$libshutdown$$00000000)
    __rt_lib_shutdown_cpp_1                  0x0800025b   Thumb Code     0  libshutdown2.o(.ARM.Collect$$libshutdown$$00000002)
    __rt_lib_shutdown_fp_trap_1              0x0800025b   Thumb Code     0  libshutdown2.o(.ARM.Collect$$libshutdown$$00000007)
    __rt_lib_shutdown_heap_1                 0x0800025b   Thumb Code     0  libshutdown2.o(.ARM.Collect$$libshutdown$$0000000F)
    __rt_lib_shutdown_return                 0x0800025b   Thumb Code     0  libshutdown2.o(.ARM.Collect$$libshutdown$$00000010)
    __rt_lib_shutdown_signal_1               0x0800025b   Thumb Code     0  libshutdown2.o(.ARM.Collect$$libshutdown$$0000000A)
    __rt_lib_shutdown_stdio_1                0x0800025b   Thumb Code     0  libshutdown2.o(.ARM.Collect$$libshutdown$$00000004)
    __rt_lib_shutdown_user_alloc_1           0x0800025b   Thumb Code     0  libshutdown2.o(.ARM.Collect$$libshutdown$$0000000C)
    __rt_entry                               0x0800025d   Thumb Code     0  __rtentry.o(.ARM.Collect$$rtentry$$00000000)
    __rt_entry_presh_1                       0x0800025d   Thumb Code     0  __rtentry2.o(.ARM.Collect$$rtentry$$00000002)
    __rt_entry_sh                            0x0800025d   Thumb Code     0  __rtentry4.o(.ARM.Collect$$rtentry$$00000004)
    __rt_entry_li                            0x08000263   Thumb Code     0  __rtentry2.o(.ARM.Collect$$rtentry$$0000000A)
    __rt_entry_postsh_1                      0x08000263   Thumb Code     0  __rtentry2.o(.ARM.Collect$$rtentry$$00000009)
    __rt_entry_main                          0x08000267   Thumb Code     0  __rtentry2.o(.ARM.Collect$$rtentry$$0000000D)
    __rt_entry_postli_1                      0x08000267   Thumb Code     0  __rtentry2.o(.ARM.Collect$$rtentry$$0000000C)
    __rt_exit                                0x0800026f   Thumb Code     0  rtexit.o(.ARM.Collect$$rtexit$$00000000)
    __rt_exit_ls                             0x08000271   Thumb Code     0  rtexit2.o(.ARM.Collect$$rtexit$$00000003)
    __rt_exit_prels_1                        0x08000271   Thumb Code     0  rtexit2.o(.ARM.Collect$$rtexit$$00000002)
    __rt_exit_exit                           0x08000275   Thumb Code     0  rtexit2.o(.ARM.Collect$$rtexit$$00000004)
    Reset_Handler                            0x0800027d   Thumb Code     8  startup_stm32g473xx.o(.text)
    ADC1_2_IRQHandler                        0x08000297   Thumb Code     0  startup_stm32g473xx.o(.text)
    ADC3_IRQHandler                          0x08000297   Thumb Code     0  startup_stm32g473xx.o(.text)
    ADC4_IRQHandler                          0x08000297   Thumb Code     0  startup_stm32g473xx.o(.text)
    ADC5_IRQHandler                          0x08000297   Thumb Code     0  startup_stm32g473xx.o(.text)
    COMP1_2_3_IRQHandler                     0x08000297   Thumb Code     0  startup_stm32g473xx.o(.text)
    COMP4_5_6_IRQHandler                     0x08000297   Thumb Code     0  startup_stm32g473xx.o(.text)
    COMP7_IRQHandler                         0x08000297   Thumb Code     0  startup_stm32g473xx.o(.text)
    CORDIC_IRQHandler                        0x08000297   Thumb Code     0  startup_stm32g473xx.o(.text)
    CRS_IRQHandler                           0x08000297   Thumb Code     0  startup_stm32g473xx.o(.text)
    DMA1_Channel3_IRQHandler                 0x08000297   Thumb Code     0  startup_stm32g473xx.o(.text)
    DMA1_Channel4_IRQHandler                 0x08000297   Thumb Code     0  startup_stm32g473xx.o(.text)
    DMA1_Channel5_IRQHandler                 0x08000297   Thumb Code     0  startup_stm32g473xx.o(.text)
    DMA1_Channel6_IRQHandler                 0x08000297   Thumb Code     0  startup_stm32g473xx.o(.text)
    DMA1_Channel7_IRQHandler                 0x08000297   Thumb Code     0  startup_stm32g473xx.o(.text)
    DMA1_Channel8_IRQHandler                 0x08000297   Thumb Code     0  startup_stm32g473xx.o(.text)
    DMA2_Channel1_IRQHandler                 0x08000297   Thumb Code     0  startup_stm32g473xx.o(.text)
    DMA2_Channel2_IRQHandler                 0x08000297   Thumb Code     0  startup_stm32g473xx.o(.text)
    DMA2_Channel3_IRQHandler                 0x08000297   Thumb Code     0  startup_stm32g473xx.o(.text)
    DMA2_Channel4_IRQHandler                 0x08000297   Thumb Code     0  startup_stm32g473xx.o(.text)
    DMA2_Channel5_IRQHandler                 0x08000297   Thumb Code     0  startup_stm32g473xx.o(.text)
    DMA2_Channel6_IRQHandler                 0x08000297   Thumb Code     0  startup_stm32g473xx.o(.text)
    DMA2_Channel7_IRQHandler                 0x08000297   Thumb Code     0  startup_stm32g473xx.o(.text)
    DMA2_Channel8_IRQHandler                 0x08000297   Thumb Code     0  startup_stm32g473xx.o(.text)
    DMAMUX_OVR_IRQHandler                    0x08000297   Thumb Code     0  startup_stm32g473xx.o(.text)
    EXTI0_IRQHandler                         0x08000297   Thumb Code     0  startup_stm32g473xx.o(.text)
    EXTI15_10_IRQHandler                     0x08000297   Thumb Code     0  startup_stm32g473xx.o(.text)
    EXTI1_IRQHandler                         0x08000297   Thumb Code     0  startup_stm32g473xx.o(.text)
    EXTI2_IRQHandler                         0x08000297   Thumb Code     0  startup_stm32g473xx.o(.text)
    EXTI3_IRQHandler                         0x08000297   Thumb Code     0  startup_stm32g473xx.o(.text)
    EXTI4_IRQHandler                         0x08000297   Thumb Code     0  startup_stm32g473xx.o(.text)
    EXTI9_5_IRQHandler                       0x08000297   Thumb Code     0  startup_stm32g473xx.o(.text)
    FDCAN3_IT0_IRQHandler                    0x08000297   Thumb Code     0  startup_stm32g473xx.o(.text)
    FDCAN3_IT1_IRQHandler                    0x08000297   Thumb Code     0  startup_stm32g473xx.o(.text)
    FLASH_IRQHandler                         0x08000297   Thumb Code     0  startup_stm32g473xx.o(.text)
    FMAC_IRQHandler                          0x08000297   Thumb Code     0  startup_stm32g473xx.o(.text)
    FMC_IRQHandler                           0x08000297   Thumb Code     0  startup_stm32g473xx.o(.text)
    FPU_IRQHandler                           0x08000297   Thumb Code     0  startup_stm32g473xx.o(.text)
    I2C1_ER_IRQHandler                       0x08000297   Thumb Code     0  startup_stm32g473xx.o(.text)
    I2C1_EV_IRQHandler                       0x08000297   Thumb Code     0  startup_stm32g473xx.o(.text)
    I2C2_ER_IRQHandler                       0x08000297   Thumb Code     0  startup_stm32g473xx.o(.text)
    I2C2_EV_IRQHandler                       0x08000297   Thumb Code     0  startup_stm32g473xx.o(.text)
    I2C3_ER_IRQHandler                       0x08000297   Thumb Code     0  startup_stm32g473xx.o(.text)
    I2C3_EV_IRQHandler                       0x08000297   Thumb Code     0  startup_stm32g473xx.o(.text)
    I2C4_ER_IRQHandler                       0x08000297   Thumb Code     0  startup_stm32g473xx.o(.text)
    I2C4_EV_IRQHandler                       0x08000297   Thumb Code     0  startup_stm32g473xx.o(.text)
    LPTIM1_IRQHandler                        0x08000297   Thumb Code     0  startup_stm32g473xx.o(.text)
    LPUART1_IRQHandler                       0x08000297   Thumb Code     0  startup_stm32g473xx.o(.text)
    PVD_PVM_IRQHandler                       0x08000297   Thumb Code     0  startup_stm32g473xx.o(.text)
    QUADSPI_IRQHandler                       0x08000297   Thumb Code     0  startup_stm32g473xx.o(.text)
    RCC_IRQHandler                           0x08000297   Thumb Code     0  startup_stm32g473xx.o(.text)
    RNG_IRQHandler                           0x08000297   Thumb Code     0  startup_stm32g473xx.o(.text)
    RTC_Alarm_IRQHandler                     0x08000297   Thumb Code     0  startup_stm32g473xx.o(.text)
    RTC_TAMP_LSECSS_IRQHandler               0x08000297   Thumb Code     0  startup_stm32g473xx.o(.text)
    RTC_WKUP_IRQHandler                      0x08000297   Thumb Code     0  startup_stm32g473xx.o(.text)
    SAI1_IRQHandler                          0x08000297   Thumb Code     0  startup_stm32g473xx.o(.text)
    SPI3_IRQHandler                          0x08000297   Thumb Code     0  startup_stm32g473xx.o(.text)
    SPI4_IRQHandler                          0x08000297   Thumb Code     0  startup_stm32g473xx.o(.text)
    TIM1_BRK_TIM15_IRQHandler                0x08000297   Thumb Code     0  startup_stm32g473xx.o(.text)
    TIM1_CC_IRQHandler                       0x08000297   Thumb Code     0  startup_stm32g473xx.o(.text)
    TIM1_UP_TIM16_IRQHandler                 0x08000297   Thumb Code     0  startup_stm32g473xx.o(.text)
    TIM20_BRK_IRQHandler                     0x08000297   Thumb Code     0  startup_stm32g473xx.o(.text)
    TIM20_CC_IRQHandler                      0x08000297   Thumb Code     0  startup_stm32g473xx.o(.text)
    TIM20_TRG_COM_IRQHandler                 0x08000297   Thumb Code     0  startup_stm32g473xx.o(.text)
    TIM20_UP_IRQHandler                      0x08000297   Thumb Code     0  startup_stm32g473xx.o(.text)
    TIM2_IRQHandler                          0x08000297   Thumb Code     0  startup_stm32g473xx.o(.text)
    TIM3_IRQHandler                          0x08000297   Thumb Code     0  startup_stm32g473xx.o(.text)
    TIM4_IRQHandler                          0x08000297   Thumb Code     0  startup_stm32g473xx.o(.text)
    TIM5_IRQHandler                          0x08000297   Thumb Code     0  startup_stm32g473xx.o(.text)
    TIM8_BRK_IRQHandler                      0x08000297   Thumb Code     0  startup_stm32g473xx.o(.text)
    TIM8_CC_IRQHandler                       0x08000297   Thumb Code     0  startup_stm32g473xx.o(.text)
    TIM8_TRG_COM_IRQHandler                  0x08000297   Thumb Code     0  startup_stm32g473xx.o(.text)
    TIM8_UP_IRQHandler                       0x08000297   Thumb Code     0  startup_stm32g473xx.o(.text)
    UART4_IRQHandler                         0x08000297   Thumb Code     0  startup_stm32g473xx.o(.text)
    UART5_IRQHandler                         0x08000297   Thumb Code     0  startup_stm32g473xx.o(.text)
    UCPD1_IRQHandler                         0x08000297   Thumb Code     0  startup_stm32g473xx.o(.text)
    USART1_IRQHandler                        0x08000297   Thumb Code     0  startup_stm32g473xx.o(.text)
    USART2_IRQHandler                        0x08000297   Thumb Code     0  startup_stm32g473xx.o(.text)
    USBWakeUp_IRQHandler                     0x08000297   Thumb Code     0  startup_stm32g473xx.o(.text)
    USB_HP_IRQHandler                        0x08000297   Thumb Code     0  startup_stm32g473xx.o(.text)
    USB_LP_IRQHandler                        0x08000297   Thumb Code     0  startup_stm32g473xx.o(.text)
    WWDG_IRQHandler                          0x08000297   Thumb Code     0  startup_stm32g473xx.o(.text)
    __user_initial_stackheap                 0x08000299   Thumb Code     0  startup_stm32g473xx.o(.text)
    __aeabi_uldivmod                         0x080002bd   Thumb Code     0  lludivv7m.o(.text)
    _ll_udiv                                 0x080002bd   Thumb Code   240  lludivv7m.o(.text)
    __aeabi_memclr4                          0x080003ad   Thumb Code     0  rt_memclr_w.o(.text)
    __aeabi_memclr8                          0x080003ad   Thumb Code     0  rt_memclr_w.o(.text)
    __rt_memclr_w                            0x080003ad   Thumb Code    78  rt_memclr_w.o(.text)
    _memset_w                                0x080003b1   Thumb Code     0  rt_memclr_w.o(.text)
    __use_two_region_memory                  0x080003fb   Thumb Code     2  heapauxi.o(.text)
    __rt_heap_escrow$2region                 0x080003fd   Thumb Code     2  heapauxi.o(.text)
    __rt_heap_expand$2region                 0x080003ff   Thumb Code     2  heapauxi.o(.text)
    __cpp_initialize__aeabi_                 0x08000401   Thumb Code    28  init_aeabi.o(.text)
    __user_libspace                          0x08000425   Thumb Code     8  libspace.o(.text)
    __user_perproc_libspace                  0x08000425   Thumb Code     0  libspace.o(.text)
    __user_perthread_libspace                0x08000425   Thumb Code     0  libspace.o(.text)
    __user_setup_stackheap                   0x0800042d   Thumb Code    74  sys_stackheap_outer.o(.text)
    exit                                     0x08000477   Thumb Code    18  exit.o(.text)
    _sys_exit                                0x08000489   Thumb Code     8  sys_exit.o(.text)
    __I$use$semihosting                      0x08000495   Thumb Code     0  use_no_semi.o(.text)
    __use_no_semihosting_swi                 0x08000495   Thumb Code     2  use_no_semi.o(.text)
    __semihosting_library_function           0x08000497   Thumb Code     0  indicate_semi.o(.text)
    BusFault_Handler                         0x08000499   Thumb Code     2  stm32g4xx_it.o(.text.BusFault_Handler)
    DMA1_Channel1_IRQHandler                 0x0800049d   Thumb Code    12  stm32g4xx_it.o(.text.DMA1_Channel1_IRQHandler)
    DMA1_Channel2_IRQHandler                 0x080004a9   Thumb Code    12  stm32g4xx_it.o(.text.DMA1_Channel2_IRQHandler)
    DebugMon_Handler                         0x080004b5   Thumb Code     2  stm32g4xx_it.o(.text.DebugMon_Handler)
    Error_Handler                            0x080004b9   Thumb Code    10  main.o(.text.Error_Handler)
    FDCAN1_IT0_IRQHandler                    0x080004c5   Thumb Code    12  stm32g4xx_it.o(.text.FDCAN1_IT0_IRQHandler)
    FDCAN1_IT1_IRQHandler                    0x080004d1   Thumb Code    12  stm32g4xx_it.o(.text.FDCAN1_IT1_IRQHandler)
    FDCAN2_IT0_IRQHandler                    0x080004dd   Thumb Code    12  stm32g4xx_it.o(.text.FDCAN2_IT0_IRQHandler)
    FDCAN2_IT1_IRQHandler                    0x080004e9   Thumb Code    12  stm32g4xx_it.o(.text.FDCAN2_IT1_IRQHandler)
    HAL_DMA_Abort                            0x080004f5   Thumb Code   110  stm32g4xx_hal_dma.o(.text.HAL_DMA_Abort)
    HAL_DMA_Abort_IT                         0x08000565   Thumb Code   122  stm32g4xx_hal_dma.o(.text.HAL_DMA_Abort_IT)
    HAL_DMA_IRQHandler                       0x080005e1   Thumb Code   176  stm32g4xx_hal_dma.o(.text.HAL_DMA_IRQHandler)
    HAL_DMA_Init                             0x08000691   Thumb Code   286  stm32g4xx_hal_dma.o(.text.HAL_DMA_Init)
    HAL_DMA_Start_IT                         0x080007b1   Thumb Code   228  stm32g4xx_hal_dma.o(.text.HAL_DMA_Start_IT)
    HAL_Delay                                0x08000895   Thumb Code    40  stm32g4xx_hal.o(.text.HAL_Delay)
    HAL_FDCAN_ActivateNotification           0x080008bd   Thumb Code   268  stm32g4xx_hal_fdcan.o(.text.HAL_FDCAN_ActivateNotification)
    HAL_FDCAN_AddMessageToTxFifoQ            0x080009c9   Thumb Code   188  stm32g4xx_hal_fdcan.o(.text.HAL_FDCAN_AddMessageToTxFifoQ)
    HAL_FDCAN_ConfigFilter                   0x08000a85   Thumb Code    96  stm32g4xx_hal_fdcan.o(.text.HAL_FDCAN_ConfigFilter)
    HAL_FDCAN_ErrorCallback                  0x08000ae5   Thumb Code     2  stm32g4xx_hal_fdcan.o(.text.HAL_FDCAN_ErrorCallback)
    HAL_FDCAN_ErrorStatusCallback            0x08000ae9   Thumb Code     2  stm32g4xx_hal_fdcan.o(.text.HAL_FDCAN_ErrorStatusCallback)
    HAL_FDCAN_GetRxMessage                   0x08000aed   Thumb Code   352  stm32g4xx_hal_fdcan.o(.text.HAL_FDCAN_GetRxMessage)
    HAL_FDCAN_HighPriorityMessageCallback    0x08000c4d   Thumb Code     2  stm32g4xx_hal_fdcan.o(.text.HAL_FDCAN_HighPriorityMessageCallback)
    HAL_FDCAN_IRQHandler                     0x08000c51   Thumb Code   376  stm32g4xx_hal_fdcan.o(.text.HAL_FDCAN_IRQHandler)
    HAL_FDCAN_Init                           0x08000dc9   Thumb Code   526  stm32g4xx_hal_fdcan.o(.text.HAL_FDCAN_Init)
    HAL_FDCAN_MspInit                        0x08000fd9   Thumb Code   316  fdcan.o(.text.HAL_FDCAN_MspInit)
    HAL_FDCAN_RxFifo0Callback                0x08001119   Thumb Code   556  main.o(.text.HAL_FDCAN_RxFifo0Callback)
    HAL_FDCAN_RxFifo1Callback                0x08001345   Thumb Code     2  stm32g4xx_hal_fdcan.o(.text.HAL_FDCAN_RxFifo1Callback)
    HAL_FDCAN_Start                          0x08001349   Thumb Code    44  stm32g4xx_hal_fdcan.o(.text.HAL_FDCAN_Start)
    HAL_FDCAN_TimeoutOccurredCallback        0x08001375   Thumb Code     2  stm32g4xx_hal_fdcan.o(.text.HAL_FDCAN_TimeoutOccurredCallback)
    HAL_FDCAN_TimestampWraparoundCallback    0x08001379   Thumb Code     2  stm32g4xx_hal_fdcan.o(.text.HAL_FDCAN_TimestampWraparoundCallback)
    HAL_FDCAN_TxBufferAbortCallback          0x0800137d   Thumb Code     2  stm32g4xx_hal_fdcan.o(.text.HAL_FDCAN_TxBufferAbortCallback)
    HAL_FDCAN_TxBufferCompleteCallback       0x08001381   Thumb Code     2  stm32g4xx_hal_fdcan.o(.text.HAL_FDCAN_TxBufferCompleteCallback)
    HAL_FDCAN_TxEventFifoCallback            0x08001385   Thumb Code     2  stm32g4xx_hal_fdcan.o(.text.HAL_FDCAN_TxEventFifoCallback)
    HAL_FDCAN_TxFifoEmptyCallback            0x08001389   Thumb Code     2  stm32g4xx_hal_fdcan.o(.text.HAL_FDCAN_TxFifoEmptyCallback)
    HAL_GPIO_Init                            0x0800138d   Thumb Code   474  stm32g4xx_hal_gpio.o(.text.HAL_GPIO_Init)
    HAL_GPIO_WritePin                        0x08001569   Thumb Code    12  stm32g4xx_hal_gpio.o(.text.HAL_GPIO_WritePin)
    HAL_GetTick                              0x08001575   Thumb Code    12  stm32g4xx_hal.o(.text.HAL_GetTick)
    HAL_IncTick                              0x08001581   Thumb Code    26  stm32g4xx_hal.o(.text.HAL_IncTick)
    HAL_Init                                 0x0800159d   Thumb Code    30  stm32g4xx_hal.o(.text.HAL_Init)
    HAL_InitTick                             0x080015bd   Thumb Code    78  stm32g4xx_hal.o(.text.HAL_InitTick)
    HAL_MspInit                              0x0800160d   Thumb Code    52  stm32g4xx_hal_msp.o(.text.HAL_MspInit)
    HAL_NVIC_EnableIRQ                       0x08001641   Thumb Code    32  stm32g4xx_hal_cortex.o(.text.HAL_NVIC_EnableIRQ)
    HAL_NVIC_SetPriority                     0x08001661   Thumb Code    86  stm32g4xx_hal_cortex.o(.text.HAL_NVIC_SetPriority)
    HAL_NVIC_SetPriorityGrouping             0x080016b9   Thumb Code    32  stm32g4xx_hal_cortex.o(.text.HAL_NVIC_SetPriorityGrouping)
    HAL_PWREx_ControlVoltageScaling          0x080016d9   Thumb Code   302  stm32g4xx_hal_pwr_ex.o(.text.HAL_PWREx_ControlVoltageScaling)
    HAL_PWREx_DisableUCPDDeadBattery         0x08001809   Thumb Code    18  stm32g4xx_hal_pwr_ex.o(.text.HAL_PWREx_DisableUCPDDeadBattery)
    HAL_RCCEx_PeriphCLKConfig                0x0800181d   Thumb Code   726  stm32g4xx_hal_rcc_ex.o(.text.HAL_RCCEx_PeriphCLKConfig)
    HAL_RCC_ClockConfig                      0x08001af5   Thumb Code   784  stm32g4xx_hal_rcc.o(.text.HAL_RCC_ClockConfig)
    HAL_RCC_GetPCLK1Freq                     0x08001e05   Thumb Code    42  stm32g4xx_hal_rcc.o(.text.HAL_RCC_GetPCLK1Freq)
    HAL_RCC_GetPCLK2Freq                     0x08001e31   Thumb Code    42  stm32g4xx_hal_rcc.o(.text.HAL_RCC_GetPCLK2Freq)
    HAL_RCC_GetSysClockFreq                  0x08001e5d   Thumb Code   122  stm32g4xx_hal_rcc.o(.text.HAL_RCC_GetSysClockFreq)
    HAL_RCC_OscConfig                        0x08001ed9   Thumb Code  1172  stm32g4xx_hal_rcc.o(.text.HAL_RCC_OscConfig)
    HAL_SPI_ErrorCallback                    0x0800236d   Thumb Code     2  stm32g4xx_hal_spi.o(.text.HAL_SPI_ErrorCallback)
    HAL_SPI_IRQHandler                       0x08002371   Thumb Code   290  stm32g4xx_hal_spi.o(.text.HAL_SPI_IRQHandler)
    HAL_SPI_Init                             0x08002495   Thumb Code   226  stm32g4xx_hal_spi.o(.text.HAL_SPI_Init)
    HAL_SPI_MspInit                          0x08002579   Thumb Code   270  spi.o(.text.HAL_SPI_MspInit)
    HAL_SPI_TransmitReceive                  0x08002689   Thumb Code   920  stm32g4xx_hal_spi.o(.text.HAL_SPI_TransmitReceive)
    HAL_SPI_Transmit_DMA                     0x08002a21   Thumb Code   264  stm32g4xx_hal_spi.o(.text.HAL_SPI_Transmit_DMA)
    HAL_SPI_TxCpltCallback                   0x08002b29   Thumb Code     2  stm32g4xx_hal_spi.o(.text.HAL_SPI_TxCpltCallback)
    HAL_SPI_TxHalfCpltCallback               0x08002b2d   Thumb Code     2  stm32g4xx_hal_spi.o(.text.HAL_SPI_TxHalfCpltCallback)
    HAL_SYSTICK_Config                       0x08002b31   Thumb Code    44  stm32g4xx_hal_cortex.o(.text.HAL_SYSTICK_Config)
    HAL_TIMEx_Break2Callback                 0x08002b5d   Thumb Code     2  stm32g4xx_hal_tim_ex.o(.text.HAL_TIMEx_Break2Callback)
    HAL_TIMEx_BreakCallback                  0x08002b61   Thumb Code     2  stm32g4xx_hal_tim_ex.o(.text.HAL_TIMEx_BreakCallback)
    HAL_TIMEx_CommutCallback                 0x08002b65   Thumb Code     2  stm32g4xx_hal_tim_ex.o(.text.HAL_TIMEx_CommutCallback)
    HAL_TIMEx_DirectionChangeCallback        0x08002b69   Thumb Code     2  stm32g4xx_hal_tim_ex.o(.text.HAL_TIMEx_DirectionChangeCallback)
    HAL_TIMEx_EncoderIndexCallback           0x08002b6d   Thumb Code     2  stm32g4xx_hal_tim_ex.o(.text.HAL_TIMEx_EncoderIndexCallback)
    HAL_TIMEx_IndexErrorCallback             0x08002b71   Thumb Code     2  stm32g4xx_hal_tim_ex.o(.text.HAL_TIMEx_IndexErrorCallback)
    HAL_TIMEx_MasterConfigSynchronization    0x08002b75   Thumb Code   220  stm32g4xx_hal_tim_ex.o(.text.HAL_TIMEx_MasterConfigSynchronization)
    HAL_TIMEx_TransitionErrorCallback        0x08002c51   Thumb Code     2  stm32g4xx_hal_tim_ex.o(.text.HAL_TIMEx_TransitionErrorCallback)
    HAL_TIM_Base_Init                        0x08002c55   Thumb Code    98  stm32g4xx_hal_tim.o(.text.HAL_TIM_Base_Init)
    HAL_TIM_Base_MspInit                     0x08002cb9   Thumb Code   156  tim.o(.text.HAL_TIM_Base_MspInit)
    HAL_TIM_Base_Start_IT                    0x08002d55   Thumb Code   194  stm32g4xx_hal_tim.o(.text.HAL_TIM_Base_Start_IT)
    HAL_TIM_IC_CaptureCallback               0x08002e19   Thumb Code     2  stm32g4xx_hal_tim.o(.text.HAL_TIM_IC_CaptureCallback)
    HAL_TIM_IRQHandler                       0x08002e1d   Thumb Code   518  stm32g4xx_hal_tim.o(.text.HAL_TIM_IRQHandler)
    HAL_TIM_OC_DelayElapsedCallback          0x08003025   Thumb Code     2  stm32g4xx_hal_tim.o(.text.HAL_TIM_OC_DelayElapsedCallback)
    HAL_TIM_PWM_PulseFinishedCallback        0x08003029   Thumb Code     2  stm32g4xx_hal_tim.o(.text.HAL_TIM_PWM_PulseFinishedCallback)
    HAL_TIM_PeriodElapsedCallback            0x0800302d   Thumb Code     2  stm32g4xx_hal_tim.o(.text.HAL_TIM_PeriodElapsedCallback)
    HAL_TIM_TriggerCallback                  0x08003031   Thumb Code     2  stm32g4xx_hal_tim.o(.text.HAL_TIM_TriggerCallback)
    HAL_UARTEx_DisableFifoMode               0x08003035   Thumb Code    54  stm32g4xx_hal_uart_ex.o(.text.HAL_UARTEx_DisableFifoMode)
    HAL_UARTEx_RxEventCallback               0x0800306d   Thumb Code     2  stm32g4xx_hal_uart.o(.text.HAL_UARTEx_RxEventCallback)
    HAL_UARTEx_RxFifoFullCallback            0x08003071   Thumb Code     2  stm32g4xx_hal_uart_ex.o(.text.HAL_UARTEx_RxFifoFullCallback)
    HAL_UARTEx_SetRxFifoThreshold            0x08003075   Thumb Code   144  stm32g4xx_hal_uart_ex.o(.text.HAL_UARTEx_SetRxFifoThreshold)
    HAL_UARTEx_SetTxFifoThreshold            0x08003105   Thumb Code   144  stm32g4xx_hal_uart_ex.o(.text.HAL_UARTEx_SetTxFifoThreshold)
    HAL_UARTEx_TxFifoEmptyCallback           0x08003195   Thumb Code     2  stm32g4xx_hal_uart_ex.o(.text.HAL_UARTEx_TxFifoEmptyCallback)
    HAL_UARTEx_WakeupCallback                0x08003199   Thumb Code     2  stm32g4xx_hal_uart_ex.o(.text.HAL_UARTEx_WakeupCallback)
    HAL_UART_ErrorCallback                   0x0800319d   Thumb Code     2  stm32g4xx_hal_uart.o(.text.HAL_UART_ErrorCallback)
    HAL_UART_IRQHandler                      0x080031a1   Thumb Code  1642  stm32g4xx_hal_uart.o(.text.HAL_UART_IRQHandler)
    HAL_UART_Init                            0x0800380d   Thumb Code   100  stm32g4xx_hal_uart.o(.text.HAL_UART_Init)
    HAL_UART_MspInit                         0x08003871   Thumb Code   214  usart.o(.text.HAL_UART_MspInit)
    HAL_UART_TxCpltCallback                  0x08003949   Thumb Code     2  stm32g4xx_hal_uart.o(.text.HAL_UART_TxCpltCallback)
    HardFault_Handler                        0x0800394d   Thumb Code     2  stm32g4xx_it.o(.text.HardFault_Handler)
    MX_DMA_Init                              0x08003951   Thumb Code    86  dma.o(.text.MX_DMA_Init)
    MX_FDCAN1_Init                           0x080039a9   Thumb Code    84  fdcan.o(.text.MX_FDCAN1_Init)
    MX_FDCAN2_Init                           0x080039fd   Thumb Code    84  fdcan.o(.text.MX_FDCAN2_Init)
    MX_GPIO_Init                             0x08003a51   Thumb Code   130  gpio.o(.text.MX_GPIO_Init)
    MX_SPI1_Init                             0x08003ad5   Thumb Code    82  spi.o(.text.MX_SPI1_Init)
    MX_SPI2_Init                             0x08003b29   Thumb Code    80  spi.o(.text.MX_SPI2_Init)
    MX_TIM17_Init                            0x08003b79   Thumb Code    60  tim.o(.text.MX_TIM17_Init)
    MX_TIM6_Init                             0x08003bb5   Thumb Code    86  tim.o(.text.MX_TIM6_Init)
    MX_TIM7_Init                             0x08003c0d   Thumb Code    84  tim.o(.text.MX_TIM7_Init)
    MX_USART3_UART_Init                      0x08003c61   Thumb Code   130  usart.o(.text.MX_USART3_UART_Init)
    MemManage_Handler                        0x08003ce5   Thumb Code     2  stm32g4xx_it.o(.text.MemManage_Handler)
    NMI_Handler                              0x08003ce9   Thumb Code     2  stm32g4xx_it.o(.text.NMI_Handler)
    PendSV_Handler                           0x08003ced   Thumb Code     2  stm32g4xx_it.o(.text.PendSV_Handler)
    SPI1_IRQHandler                          0x08003cf1   Thumb Code    12  stm32g4xx_it.o(.text.SPI1_IRQHandler)
    SPI2_IRQHandler                          0x08003cfd   Thumb Code    12  stm32g4xx_it.o(.text.SPI2_IRQHandler)
    SVC_Handler                              0x08003ff5   Thumb Code     2  stm32g4xx_it.o(.text.SVC_Handler)
    SysTick_Handler                          0x08003ff9   Thumb Code     4  stm32g4xx_it.o(.text.SysTick_Handler)
    SystemInit                               0x08003ffd   Thumb Code    18  system_stm32g4xx.o(.text.SystemInit)
    TIM1_TRG_COM_TIM17_IRQHandler            0x08004011   Thumb Code    48  stm32g4xx_it.o(.text.TIM1_TRG_COM_TIM17_IRQHandler)
    TIM6_DAC_IRQHandler                      0x08004041   Thumb Code   176  stm32g4xx_it.o(.text.TIM6_DAC_IRQHandler)
    TIM7_DAC_IRQHandler                      0x080040f1   Thumb Code    12  stm32g4xx_it.o(.text.TIM7_DAC_IRQHandler)
    TIM_Base_SetConfig                       0x080040fd   Thumb Code   328  stm32g4xx_hal_tim.o(.text.TIM_Base_SetConfig)
    UART_AdvFeatureConfig                    0x08004245   Thumb Code   230  stm32g4xx_hal_uart.o(.text.UART_AdvFeatureConfig)
    UART_CheckIdleState                      0x0800432d   Thumb Code   362  stm32g4xx_hal_uart.o(.text.UART_CheckIdleState)
    UART_SetConfig                           0x080044a5   Thumb Code   696  stm32g4xx_hal_uart.o(.text.UART_SetConfig)
    UART_WaitOnFlagUntilTimeout              0x0800475d   Thumb Code   828  stm32g4xx_hal_uart.o(.text.UART_WaitOnFlagUntilTimeout)
    USART3_IRQHandler                        0x08004a99   Thumb Code    12  stm32g4xx_it.o(.text.USART3_IRQHandler)
    UsageFault_Handler                       0x08004aa5   Thumb Code     2  stm32g4xx_it.o(.text.UsageFault_Handler)
    calc_output(pids*, float, float)         0x08004ac5   Thumb Code   206  pids.o(.text._Z11calc_outputP4pidsff)
    WS2812_Angles(unsigned char, unsigned char, unsigned char, unsigned char, float, float, int, int) 0x08004b99   Thumb Code  2308  ws2812_yx.o(.text._Z13WS2812_Angleshhhhffii)
    getMotorAngle(unsigned short*, unsigned short) 0x080054a1   Thumb Code   176  as5047.o(.text._Z13getMotorAnglePtt)
    get_minor_arc(float, float)              0x08005551   Thumb Code    80  as5047.o(.text._Z13get_minor_arcff)
    WS2812_Refresh()                         0x080055a1   Thumb Code    24  main.o(.text._Z14WS2812_Refreshv)
    calc_increment(pids*, float)             0x080055b9   Thumb Code    92  pids.o(.text._Z14calc_incrementP4pidsf)
    get_moto_offset(moto_measure_t*, unsigned char*) 0x08005615   Thumb Code    12  motor_c620.o(.text._Z15get_moto_offsetP14moto_measure_tPh)
    motor_c620_init(FDCAN_HandleTypeDef*)    0x08005621   Thumb Code   116  motor_c620.o(.text._Z15motor_c620_initP19FDCAN_HandleTypeDef)
    GPIO_LED_Control()                       0x08005695   Thumb Code   104  main.o(.text._Z16GPIO_LED_Controlv)
    RGB_SetOne_Color(signed char, unsigned char, unsigned char, unsigned char) 0x080056fd   Thumb Code   450  ws2812_yx.o(.text._Z16RGB_SetOne_Colorahhh)
    get_moto_measure(moto_measure_t*, unsigned char*) 0x080058c1   Thumb Code    98  motor_c620.o(.text._Z16get_moto_measureP14moto_measure_tPh)
    pids_create_init(float, float, float, float, float, float, int) 0x08005925   Thumb Code    60  pids.o(.text._Z16pids_create_initffffffi)
    set_moto_current(FDCAN_HandleTypeDef*, short, short) 0x08005961   Thumb Code    72  motor_c620.o(.text._Z16set_moto_currentP19FDCAN_HandleTypeDefss)
    WS2812_Angles_Add(unsigned char, unsigned char, unsigned char, unsigned char, float, float, int, int) 0x080059a9   Thumb Code   396  ws2812_yx.o(.text._Z17WS2812_Angles_Addhhhhffii)
    WS2812_InitBuffer()                      0x08005b35   Thumb Code   562  ws2812_yx.o(.text._Z17WS2812_InitBufferv)
    motor_c620_preheat()                     0x08005d69   Thumb Code   356  motor_c620.o(.text._Z18motor_c620_preheatv)
    motor_c620_set_rpm(int, int, int, int, int) 0x08005ecd   Thumb Code   164  motor_c620.o(.text._Z18motor_c620_set_rpmiiiii)
    fdcan_C620_send_msg(FDCAN_HandleTypeDef*, unsigned char*, unsigned, int) 0x08005f71   Thumb Code    58  bsp_fdcan.o(.text._Z19fdcan_C620_send_msgP19FDCAN_HandleTypeDefPhji)
    calc_output_incremental(pids*, float, float) 0x08005fad   Thumb Code   170  pids.o(.text._Z23calc_output_incrementalP4pidsff)
    algo_get_steerBetter_vec(int, float, int*, float*) 0x08006059   Thumb Code   276  algorithm.o(.text._Z24algo_get_steerBetter_vecifPiPf)
    MotorVESC::setMotorRPM(int)              0x0800616d   Thumb Code    92  motor_vesc__funcs.o(.text._ZN9MotorVESC11setMotorRPMEi)
    MotorVESC::MotorVESC(FDCAN_HandleTypeDef*, int, int) 0x080061c9   Thumb Code     8  motor_vesc__funcs.o(.text._ZN9MotorVESCC2EP19FDCAN_HandleTypeDefii)
    MotorVESC::MotorVESC__sub_object(FDCAN_HandleTypeDef*, int, int) 0x080061c9   Thumb Code     8  motor_vesc__funcs.o(.text._ZN9MotorVESCC2EP19FDCAN_HandleTypeDefii)
    main                                     0x080061d1   Thumb Code   452  main.o(.text.main)
    motor_vesc_handle                        0x08006399   Thumb Code   128  motor_vesc.o(.text.motor_vesc_handle)
    motor_vesc_init                          0x08006419   Thumb Code    90  motor_vesc.o(.text.motor_vesc_init)
    __aeabi_d2f                              0x08006475   Thumb Code     0  d2f.o(x$fpl$d2f)
    _d2f                                     0x08006475   Thumb Code    98  d2f.o(x$fpl$d2f)
    __aeabi_dadd                             0x080064d9   Thumb Code     0  daddsub_clz.o(x$fpl$dadd)
    _dadd                                    0x080064d9   Thumb Code   332  daddsub_clz.o(x$fpl$dadd)
    __aeabi_ddiv                             0x08006629   Thumb Code     0  ddiv.o(x$fpl$ddiv)
    _ddiv                                    0x08006629   Thumb Code   552  ddiv.o(x$fpl$ddiv)
    __aeabi_d2iz                             0x080068d9   Thumb Code     0  dfix.o(x$fpl$dfix)
    _dfix                                    0x080068d9   Thumb Code    94  dfix.o(x$fpl$dfix)
    __aeabi_i2d                              0x08006937   Thumb Code     0  dflt_clz.o(x$fpl$dflt)
    _dflt                                    0x08006937   Thumb Code    46  dflt_clz.o(x$fpl$dflt)
    __aeabi_ui2d                             0x08006965   Thumb Code     0  dflt_clz.o(x$fpl$dfltu)
    _dfltu                                   0x08006965   Thumb Code    38  dflt_clz.o(x$fpl$dfltu)
    __aeabi_dmul                             0x0800698d   Thumb Code     0  dmul.o(x$fpl$dmul)
    _dmul                                    0x0800698d   Thumb Code   332  dmul.o(x$fpl$dmul)
    __fpl_dnaninf                            0x08006ae1   Thumb Code   156  dnaninf.o(x$fpl$dnaninf)
    __fpl_dretinf                            0x08006b7d   Thumb Code    12  dretinf.o(x$fpl$dretinf)
    __aeabi_dsub                             0x08006b89   Thumb Code     0  daddsub_clz.o(x$fpl$dsub)
    _dsub                                    0x08006b89   Thumb Code   464  daddsub_clz.o(x$fpl$dsub)
    __aeabi_f2d                              0x08006d5d   Thumb Code     0  f2d.o(x$fpl$f2d)
    _f2d                                     0x08006d5d   Thumb Code    86  f2d.o(x$fpl$f2d)
    __fpl_fnaninf                            0x08006db3   Thumb Code   140  fnaninf.o(x$fpl$fnaninf)
    _fp_init                                 0x08006e3f   Thumb Code    26  fpinit.o(x$fpl$fpinit)
    __fplib_config_fpu_vfp                   0x08006e57   Thumb Code     0  fpinit.o(x$fpl$fpinit)
    __fplib_config_pureend_doubles           0x08006e57   Thumb Code     0  fpinit.o(x$fpl$fpinit)
    __fpl_fretinf                            0x08006e59   Thumb Code    10  fretinf.o(x$fpl$fretinf)
    AHBPrescTable                            0x08006e62   Data          16  system_stm32g4xx.o(.rodata.AHBPrescTable)
    __I$use$fp                               0x08006e62   Number         0  usenofp.o(x$fpl$usenofp)
    APBPrescTable                            0x08006e72   Data           8  system_stm32g4xx.o(.rodata.APBPrescTable)
    UARTPrescTable                           0x08006e7a   Data          24  stm32g4xx_hal_uart.o(.rodata.UARTPrescTable)
    Region$$Table$$Base                      0x08006ec4   Number         0  anon$$obj.o(Region$$Table)
    Region$$Table$$Limit                     0x08006ee4   Number         0  anon$$obj.o(Region$$Table)
    SHT$$INIT_ARRAY$$Base                    0x08006ee4   Number         0  motor_vesc.o(.init_array)
    SHT$$INIT_ARRAY$$Limit                   0x08006ee8   Number         0  init_aeabi.o(.init_array)
    StrWel_Priority                          0x20000000   Data           4  main.o(.data..L_MergedGlobals)
    set_angle_degree                         0x20000004   Data           4  main.o(.data..L_MergedGlobals)
    uwTickPrio                               0x20000008   Data           4  stm32g4xx_hal.o(.data..L_MergedGlobals)
    uwTickFreq                               0x2000000c   Data           4  stm32g4xx_hal.o(.data..L_MergedGlobals)
    SystemCoreClock                          0x20000010   Data           4  system_stm32g4xx.o(.data.SystemCoreClock)
    led_band_bias                            0x20000014   Data           4  main.o(.data.led_band_bias)
    steer_zero_angle                         0x20000018   Data           2  main.o(.data.steer_zero_angle)
    __libspace_start                         0x20000020   Data          96  libspace.o(.bss)
    __temporary_stack_top$libspace           0x20000080   Data           0  libspace.o(.bss)
    read_current                             0x20000080   Data           4  motor_vesc.o(.bss..L_MergedGlobals)
    read_rpm                                 0x20000084   Data           4  motor_vesc.o(.bss..L_MergedGlobals)
    test_rpm_value                           0x20000088   Data           4  motor_vesc.o(.bss..L_MergedGlobals)
    motor_vesc_1                             0x2000008c   Data          28  motor_vesc.o(.bss..L_MergedGlobals)
    angle_code_raw                           0x200000a8   Data           4  as5047.o(.bss..L_MergedGlobals)
    angle_deg_raw                            0x200000ac   Data           4  as5047.o(.bss..L_MergedGlobals)
    targ_current_1                           0x200000b0   Data           4  motor_c620.o(.bss..L_MergedGlobals)
    preheated_time                           0x200000b4   Data           4  motor_c620.o(.bss..L_MergedGlobals)
    recv_times                               0x200000b8   Data           4  main.o(.bss..L_MergedGlobals.1)
    master_recv_times                        0x200000bc   Data           4  main.o(.bss..L_MergedGlobals.1)
    targ_speed                               0x200000c0   Data           4  main.o(.bss..L_MergedGlobals.1)
    minor_angle_ouput                        0x200000c4   Data           4  main.o(.bss..L_MergedGlobals.1)
    safe_guard_timer                         0x200000c8   Data           4  main.o(.bss..L_MergedGlobals.1)
    linker_timer                             0x200000cc   Data           4  main.o(.bss..L_MergedGlobals.1)
    C620_linker_timer                        0x200000d0   Data           4  main.o(.bss..L_MergedGlobals.1)
    VESC_linker_timer                        0x200000d4   Data           4  main.o(.bss..L_MergedGlobals.1)
    recv_speed_rpm                           0x200000d8   Data           4  main.o(.bss..L_MergedGlobals.1)
    recv_angle_code                          0x200000dc   Data           4  main.o(.bss..L_MergedGlobals.1)
    recv_angle_deg                           0x200000e0   Data           4  main.o(.bss..L_MergedGlobals.1)
    last_recv_angle_deg                      0x200000e4   Data           4  main.o(.bss..L_MergedGlobals.1)
    read_3508_id                             0x200000e8   Data           4  main.o(.bss..L_MergedGlobals.1)
    MasterCanData                            0x200000ec   Data           8  main.o(.bss..L_MergedGlobals.1)
    m3508_posi_pid                           0x200000f4   Data          64  main.o(.bss..L_MergedGlobals.1)
    M3508                                    0x20000138   Data         120  motor_c620.o(.bss.M3508)
    WS2812buf2send                           0x200001b0   Data         744  ws2812_yx.o(.bss.WS2812buf2send)
    angle_code                               0x20000498   Data           4  as5047.o(.bss.angle_code)
    angle_deg                                0x2000049c   Data           4  as5047.o(.bss.angle_deg)
    hdma_spi2_tx                             0x200004a0   Data          96  spi.o(.bss.hdma_spi2_tx)
    hdma_usart3_tx                           0x20000500   Data          96  usart.o(.bss.hdma_usart3_tx)
    hfdcan1                                  0x20000560   Data         100  fdcan.o(.bss.hfdcan1)
    hfdcan2                                  0x200005c4   Data         100  fdcan.o(.bss.hfdcan2)
    hspi1                                    0x20000628   Data         100  spi.o(.bss.hspi1)
    hspi2                                    0x2000068c   Data         100  spi.o(.bss.hspi2)
    htim17                                   0x200006f0   Data          76  tim.o(.bss.htim17)
    htim6                                    0x2000073c   Data          76  tim.o(.bss.htim6)
    htim7                                    0x20000788   Data          76  tim.o(.bss.htim7)
    huart3                                   0x200007d4   Data         148  usart.o(.bss.huart3)
    uwTick                                   0x20000868   Data           4  stm32g4xx_hal.o(.bss.uwTick)



==============================================================================

Memory Map of the image

  Image Entry point : 0x080001d9

  Load Region LR_IROM1 (Base: 0x08000000, Size: 0x00006f08, Max: 0x00020000, ABSOLUTE)

    Execution Region ER_IROM1 (Exec base: 0x08000000, Load base: 0x08000000, Size: 0x00006ee8, Max: 0x00020000, ABSOLUTE)

    Exec Addr    Load Addr    Size         Type   Attr      Idx    E Section Name        Object

    0x08000000   0x08000000   0x000001d8   Data   RO            3    RESET               startup_stm32g473xx.o
    0x080001d8   0x080001d8   0x00000008   Code   RO         1740  * !!!main             c_w.l(__main.o)
    0x080001e0   0x080001e0   0x00000034   Code   RO         2015    !!!scatter          c_w.l(__scatter.o)
    0x08000214   0x08000214   0x0000001a   Code   RO         2017    !!handler_copy      c_w.l(__scatter_copy.o)
    0x0800022e   0x0800022e   0x00000002   PAD
    0x08000230   0x08000230   0x0000001c   Code   RO         2019    !!handler_zi        c_w.l(__scatter_zi.o)
    0x0800024c   0x0800024c   0x00000002   Code   RO         1935    .ARM.Collect$$libinit$$00000000  c_w.l(libinit.o)
    0x0800024e   0x0800024e   0x00000004   Code   RO         1807    .ARM.Collect$$libinit$$00000001  c_w.l(libinit2.o)
    0x08000252   0x08000252   0x00000000   Code   RO         1810    .ARM.Collect$$libinit$$00000004  c_w.l(libinit2.o)
    0x08000252   0x08000252   0x00000000   Code   RO         1813    .ARM.Collect$$libinit$$0000000A  c_w.l(libinit2.o)
    0x08000252   0x08000252   0x00000000   Code   RO         1815    .ARM.Collect$$libinit$$0000000C  c_w.l(libinit2.o)
    0x08000252   0x08000252   0x00000000   Code   RO         1817    .ARM.Collect$$libinit$$0000000E  c_w.l(libinit2.o)
    0x08000252   0x08000252   0x00000000   Code   RO         1820    .ARM.Collect$$libinit$$00000011  c_w.l(libinit2.o)
    0x08000252   0x08000252   0x00000000   Code   RO         1822    .ARM.Collect$$libinit$$00000013  c_w.l(libinit2.o)
    0x08000252   0x08000252   0x00000000   Code   RO         1824    .ARM.Collect$$libinit$$00000015  c_w.l(libinit2.o)
    0x08000252   0x08000252   0x00000000   Code   RO         1826    .ARM.Collect$$libinit$$00000017  c_w.l(libinit2.o)
    0x08000252   0x08000252   0x00000000   Code   RO         1828    .ARM.Collect$$libinit$$00000019  c_w.l(libinit2.o)
    0x08000252   0x08000252   0x00000000   Code   RO         1830    .ARM.Collect$$libinit$$0000001B  c_w.l(libinit2.o)
    0x08000252   0x08000252   0x00000000   Code   RO         1832    .ARM.Collect$$libinit$$0000001D  c_w.l(libinit2.o)
    0x08000252   0x08000252   0x00000000   Code   RO         1834    .ARM.Collect$$libinit$$0000001F  c_w.l(libinit2.o)
    0x08000252   0x08000252   0x00000000   Code   RO         1836    .ARM.Collect$$libinit$$00000021  c_w.l(libinit2.o)
    0x08000252   0x08000252   0x00000000   Code   RO         1838    .ARM.Collect$$libinit$$00000023  c_w.l(libinit2.o)
    0x08000252   0x08000252   0x00000000   Code   RO         1840    .ARM.Collect$$libinit$$00000025  c_w.l(libinit2.o)
    0x08000252   0x08000252   0x00000000   Code   RO         1844    .ARM.Collect$$libinit$$0000002C  c_w.l(libinit2.o)
    0x08000252   0x08000252   0x00000000   Code   RO         1846    .ARM.Collect$$libinit$$0000002E  c_w.l(libinit2.o)
    0x08000252   0x08000252   0x00000000   Code   RO         1848    .ARM.Collect$$libinit$$00000030  c_w.l(libinit2.o)
    0x08000252   0x08000252   0x00000004   Code   RO         1849    .ARM.Collect$$libinit$$00000031  c_w.l(libinit2.o)
    0x08000256   0x08000256   0x00000000   Code   RO         1850    .ARM.Collect$$libinit$$00000032  c_w.l(libinit2.o)
    0x08000256   0x08000256   0x00000002   Code   RO         1851    .ARM.Collect$$libinit$$00000033  c_w.l(libinit2.o)
    0x08000258   0x08000258   0x00000002   Code   RO         1982    .ARM.Collect$$libshutdown$$00000000  c_w.l(libshutdown.o)
    0x0800025a   0x0800025a   0x00000000   Code   RO         1998    .ARM.Collect$$libshutdown$$00000002  c_w.l(libshutdown2.o)
    0x0800025a   0x0800025a   0x00000000   Code   RO         2000    .ARM.Collect$$libshutdown$$00000004  c_w.l(libshutdown2.o)
    0x0800025a   0x0800025a   0x00000000   Code   RO         2003    .ARM.Collect$$libshutdown$$00000007  c_w.l(libshutdown2.o)
    0x0800025a   0x0800025a   0x00000000   Code   RO         2006    .ARM.Collect$$libshutdown$$0000000A  c_w.l(libshutdown2.o)
    0x0800025a   0x0800025a   0x00000000   Code   RO         2008    .ARM.Collect$$libshutdown$$0000000C  c_w.l(libshutdown2.o)
    0x0800025a   0x0800025a   0x00000000   Code   RO         2011    .ARM.Collect$$libshutdown$$0000000F  c_w.l(libshutdown2.o)
    0x0800025a   0x0800025a   0x00000002   Code   RO         2012    .ARM.Collect$$libshutdown$$00000010  c_w.l(libshutdown2.o)
    0x0800025c   0x0800025c   0x00000000   Code   RO         1800    .ARM.Collect$$rtentry$$00000000  c_w.l(__rtentry.o)
    0x0800025c   0x0800025c   0x00000000   Code   RO         1888    .ARM.Collect$$rtentry$$00000002  c_w.l(__rtentry2.o)
    0x0800025c   0x0800025c   0x00000006   Code   RO         1900    .ARM.Collect$$rtentry$$00000004  c_w.l(__rtentry4.o)
    0x08000262   0x08000262   0x00000000   Code   RO         1890    .ARM.Collect$$rtentry$$00000009  c_w.l(__rtentry2.o)
    0x08000262   0x08000262   0x00000004   Code   RO         1891    .ARM.Collect$$rtentry$$0000000A  c_w.l(__rtentry2.o)
    0x08000266   0x08000266   0x00000000   Code   RO         1893    .ARM.Collect$$rtentry$$0000000C  c_w.l(__rtentry2.o)
    0x08000266   0x08000266   0x00000008   Code   RO         1894    .ARM.Collect$$rtentry$$0000000D  c_w.l(__rtentry2.o)
    0x0800026e   0x0800026e   0x00000002   Code   RO         1940    .ARM.Collect$$rtexit$$00000000  c_w.l(rtexit.o)
    0x08000270   0x08000270   0x00000000   Code   RO         1962    .ARM.Collect$$rtexit$$00000002  c_w.l(rtexit2.o)
    0x08000270   0x08000270   0x00000004   Code   RO         1963    .ARM.Collect$$rtexit$$00000003  c_w.l(rtexit2.o)
    0x08000274   0x08000274   0x00000006   Code   RO         1964    .ARM.Collect$$rtexit$$00000004  c_w.l(rtexit2.o)
    0x0800027a   0x0800027a   0x00000002   PAD
    0x0800027c   0x0800027c   0x00000040   Code   RO            4    .text               startup_stm32g473xx.o
    0x080002bc   0x080002bc   0x000000f0   Code   RO         1734    .text               c_w.l(lludivv7m.o)
    0x080003ac   0x080003ac   0x0000004e   Code   RO         1736    .text               c_w.l(rt_memclr_w.o)
    0x080003fa   0x080003fa   0x00000006   Code   RO         1738    .text               c_w.l(heapauxi.o)
    0x08000400   0x08000400   0x00000024   Code   RO         1745    .text               c_w.l(init_aeabi.o)
    0x08000424   0x08000424   0x00000008   Code   RO         1915    .text               c_w.l(libspace.o)
    0x0800042c   0x0800042c   0x0000004a   Code   RO         1918    .text               c_w.l(sys_stackheap_outer.o)
    0x08000476   0x08000476   0x00000012   Code   RO         1920    .text               c_w.l(exit.o)
    0x08000488   0x08000488   0x0000000c   Code   RO         1954    .text               c_w.l(sys_exit.o)
    0x08000494   0x08000494   0x00000002   Code   RO         1958    .text               c_w.l(use_no_semi.o)
    0x08000496   0x08000496   0x00000000   Code   RO         1960    .text               c_w.l(indicate_semi.o)
    0x08000496   0x08000496   0x00000002   PAD
    0x08000498   0x08000498   0x00000002   Code   RO          138    .text.BusFault_Handler  stm32g4xx_it.o
    0x0800049a   0x0800049a   0x00000002   PAD
    0x0800049c   0x0800049c   0x0000000c   Code   RO          150    .text.DMA1_Channel1_IRQHandler  stm32g4xx_it.o
    0x080004a8   0x080004a8   0x0000000c   Code   RO          152    .text.DMA1_Channel2_IRQHandler  stm32g4xx_it.o
    0x080004b4   0x080004b4   0x00000002   Code   RO          144    .text.DebugMon_Handler  stm32g4xx_it.o
    0x080004b6   0x080004b6   0x00000002   PAD
    0x080004b8   0x080004b8   0x0000000a   Code   RO           21    .text.Error_Handler  main.o
    0x080004c2   0x080004c2   0x00000002   PAD
    0x080004c4   0x080004c4   0x0000000c   Code   RO          154    .text.FDCAN1_IT0_IRQHandler  stm32g4xx_it.o
    0x080004d0   0x080004d0   0x0000000c   Code   RO          156    .text.FDCAN1_IT1_IRQHandler  stm32g4xx_it.o
    0x080004dc   0x080004dc   0x0000000c   Code   RO          170    .text.FDCAN2_IT0_IRQHandler  stm32g4xx_it.o
    0x080004e8   0x080004e8   0x0000000c   Code   RO          172    .text.FDCAN2_IT1_IRQHandler  stm32g4xx_it.o
    0x080004f4   0x080004f4   0x0000006e   Code   RO          621    .text.HAL_DMA_Abort  stm32g4xx_hal_dma.o
    0x08000562   0x08000562   0x00000002   PAD
    0x08000564   0x08000564   0x0000007a   Code   RO          623    .text.HAL_DMA_Abort_IT  stm32g4xx_hal_dma.o
    0x080005de   0x080005de   0x00000002   PAD
    0x080005e0   0x080005e0   0x000000b0   Code   RO          627    .text.HAL_DMA_IRQHandler  stm32g4xx_hal_dma.o
    0x08000690   0x08000690   0x0000011e   Code   RO          613    .text.HAL_DMA_Init  stm32g4xx_hal_dma.o
    0x080007ae   0x080007ae   0x00000002   PAD
    0x080007b0   0x080007b0   0x000000e4   Code   RO          619    .text.HAL_DMA_Start_IT  stm32g4xx_hal_dma.o
    0x08000894   0x08000894   0x00000028   Code   RO          340    .text.HAL_Delay     stm32g4xx_hal.o
    0x080008bc   0x080008bc   0x0000010c   Code   RO          279    .text.HAL_FDCAN_ActivateNotification  stm32g4xx_hal_fdcan.o
    0x080009c8   0x080009c8   0x000000bc   Code   RO          251    .text.HAL_FDCAN_AddMessageToTxFifoQ  stm32g4xx_hal_fdcan.o
    0x08000a84   0x08000a84   0x00000060   Code   RO          205    .text.HAL_FDCAN_ConfigFilter  stm32g4xx_hal_fdcan.o
    0x08000ae4   0x08000ae4   0x00000002   Code   RO          305    .text.HAL_FDCAN_ErrorCallback  stm32g4xx_hal_fdcan.o
    0x08000ae6   0x08000ae6   0x00000002   PAD
    0x08000ae8   0x08000ae8   0x00000002   Code   RO          303    .text.HAL_FDCAN_ErrorStatusCallback  stm32g4xx_hal_fdcan.o
    0x08000aea   0x08000aea   0x00000002   PAD
    0x08000aec   0x08000aec   0x00000160   Code   RO          257    .text.HAL_FDCAN_GetRxMessage  stm32g4xx_hal_fdcan.o
    0x08000c4c   0x08000c4c   0x00000002   Code   RO          285    .text.HAL_FDCAN_HighPriorityMessageCallback  stm32g4xx_hal_fdcan.o
    0x08000c4e   0x08000c4e   0x00000002   PAD
    0x08000c50   0x08000c50   0x00000178   Code   RO          283    .text.HAL_FDCAN_IRQHandler  stm32g4xx_hal_fdcan.o
    0x08000dc8   0x08000dc8   0x0000020e   Code   RO          191    .text.HAL_FDCAN_Init  stm32g4xx_hal_fdcan.o
    0x08000fd6   0x08000fd6   0x00000002   PAD
    0x08000fd8   0x08000fd8   0x0000013c   Code   RO           61    .text.HAL_FDCAN_MspInit  fdcan.o
    0x08001114   0x08001114   0x00000004   PAD
    0x08001118   0x08001118   0x0000022c   Code   RO           13    .text.HAL_FDCAN_RxFifo0Callback  main.o
    0x08001344   0x08001344   0x00000002   Code   RO          293    .text.HAL_FDCAN_RxFifo1Callback  stm32g4xx_hal_fdcan.o
    0x08001346   0x08001346   0x00000002   PAD
    0x08001348   0x08001348   0x0000002c   Code   RO          249    .text.HAL_FDCAN_Start  stm32g4xx_hal_fdcan.o
    0x08001374   0x08001374   0x00000002   Code   RO          301    .text.HAL_FDCAN_TimeoutOccurredCallback  stm32g4xx_hal_fdcan.o
    0x08001376   0x08001376   0x00000002   PAD
    0x08001378   0x08001378   0x00000002   Code   RO          299    .text.HAL_FDCAN_TimestampWraparoundCallback  stm32g4xx_hal_fdcan.o
    0x0800137a   0x0800137a   0x00000002   PAD
    0x0800137c   0x0800137c   0x00000002   Code   RO          287    .text.HAL_FDCAN_TxBufferAbortCallback  stm32g4xx_hal_fdcan.o
    0x0800137e   0x0800137e   0x00000002   PAD
    0x08001380   0x08001380   0x00000002   Code   RO          297    .text.HAL_FDCAN_TxBufferCompleteCallback  stm32g4xx_hal_fdcan.o
    0x08001382   0x08001382   0x00000002   PAD
    0x08001384   0x08001384   0x00000002   Code   RO          289    .text.HAL_FDCAN_TxEventFifoCallback  stm32g4xx_hal_fdcan.o
    0x08001386   0x08001386   0x00000002   PAD
    0x08001388   0x08001388   0x00000002   Code   RO          295    .text.HAL_FDCAN_TxFifoEmptyCallback  stm32g4xx_hal_fdcan.o
    0x0800138a   0x0800138a   0x00000002   PAD
    0x0800138c   0x0800138c   0x000001da   Code   RO          563    .text.HAL_GPIO_Init  stm32g4xx_hal_gpio.o
    0x08001566   0x08001566   0x00000002   PAD
    0x08001568   0x08001568   0x0000000c   Code   RO          569    .text.HAL_GPIO_WritePin  stm32g4xx_hal_gpio.o
    0x08001574   0x08001574   0x0000000c   Code   RO          332    .text.HAL_GetTick   stm32g4xx_hal.o
    0x08001580   0x08001580   0x0000001a   Code   RO          330    .text.HAL_IncTick   stm32g4xx_hal.o
    0x0800159a   0x0800159a   0x00000002   PAD
    0x0800159c   0x0800159c   0x0000001e   Code   RO          320    .text.HAL_Init      stm32g4xx_hal.o
    0x080015ba   0x080015ba   0x00000002   PAD
    0x080015bc   0x080015bc   0x0000004e   Code   RO          322    .text.HAL_InitTick  stm32g4xx_hal.o
    0x0800160a   0x0800160a   0x00000002   PAD
    0x0800160c   0x0800160c   0x00000034   Code   RO          183    .text.HAL_MspInit   stm32g4xx_hal_msp.o
    0x08001640   0x08001640   0x00000020   Code   RO          789    .text.HAL_NVIC_EnableIRQ  stm32g4xx_hal_cortex.o
    0x08001660   0x08001660   0x00000056   Code   RO          787    .text.HAL_NVIC_SetPriority  stm32g4xx_hal_cortex.o
    0x080016b6   0x080016b6   0x00000002   PAD
    0x080016b8   0x080016b8   0x00000020   Code   RO          785    .text.HAL_NVIC_SetPriorityGrouping  stm32g4xx_hal_cortex.o
    0x080016d8   0x080016d8   0x0000012e   Code   RO          705    .text.HAL_PWREx_ControlVoltageScaling  stm32g4xx_hal_pwr_ex.o
    0x08001806   0x08001806   0x00000002   PAD
    0x08001808   0x08001808   0x00000012   Code   RO          775    .text.HAL_PWREx_DisableUCPDDeadBattery  stm32g4xx_hal_pwr_ex.o
    0x0800181a   0x0800181a   0x00000002   PAD
    0x0800181c   0x0800181c   0x000002d6   Code   RO          444    .text.HAL_RCCEx_PeriphCLKConfig  stm32g4xx_hal_rcc_ex.o
    0x08001af2   0x08001af2   0x00000002   PAD
    0x08001af4   0x08001af4   0x00000310   Code   RO          410    .text.HAL_RCC_ClockConfig  stm32g4xx_hal_rcc.o
    0x08001e04   0x08001e04   0x0000002a   Code   RO          418    .text.HAL_RCC_GetPCLK1Freq  stm32g4xx_hal_rcc.o
    0x08001e2e   0x08001e2e   0x00000002   PAD
    0x08001e30   0x08001e30   0x0000002a   Code   RO          420    .text.HAL_RCC_GetPCLK2Freq  stm32g4xx_hal_rcc.o
    0x08001e5a   0x08001e5a   0x00000002   PAD
    0x08001e5c   0x08001e5c   0x0000007a   Code   RO          412    .text.HAL_RCC_GetSysClockFreq  stm32g4xx_hal_rcc.o
    0x08001ed6   0x08001ed6   0x00000002   PAD
    0x08001ed8   0x08001ed8   0x00000494   Code   RO          408    .text.HAL_RCC_OscConfig  stm32g4xx_hal_rcc.o
    0x0800236c   0x0800236c   0x00000002   Code   RO          919    .text.HAL_SPI_ErrorCallback  stm32g4xx_hal_spi.o
    0x0800236e   0x0800236e   0x00000002   PAD
    0x08002370   0x08002370   0x00000122   Code   RO          915    .text.HAL_SPI_IRQHandler  stm32g4xx_hal_spi.o
    0x08002492   0x08002492   0x00000002   PAD
    0x08002494   0x08002494   0x000000e2   Code   RO          835    .text.HAL_SPI_Init  stm32g4xx_hal_spi.o
    0x08002576   0x08002576   0x00000002   PAD
    0x08002578   0x08002578   0x0000010e   Code   RO           80    .text.HAL_SPI_MspInit  spi.o
    0x08002686   0x08002686   0x00000002   PAD
    0x08002688   0x08002688   0x00000398   Code   RO          847    .text.HAL_SPI_TransmitReceive  stm32g4xx_hal_spi.o
    0x08002a20   0x08002a20   0x00000108   Code   RO          871    .text.HAL_SPI_Transmit_DMA  stm32g4xx_hal_spi.o
    0x08002b28   0x08002b28   0x00000002   Code   RO          921    .text.HAL_SPI_TxCpltCallback  stm32g4xx_hal_spi.o
    0x08002b2a   0x08002b2a   0x00000002   PAD
    0x08002b2c   0x08002b2c   0x00000002   Code   RO          927    .text.HAL_SPI_TxHalfCpltCallback  stm32g4xx_hal_spi.o
    0x08002b2e   0x08002b2e   0x00000002   PAD
    0x08002b30   0x08002b30   0x0000002c   Code   RO          797    .text.HAL_SYSTICK_Config  stm32g4xx_hal_cortex.o
    0x08002b5c   0x08002b5c   0x00000002   Code   RO         1305    .text.HAL_TIMEx_Break2Callback  stm32g4xx_hal_tim_ex.o
    0x08002b5e   0x08002b5e   0x00000002   PAD
    0x08002b60   0x08002b60   0x00000002   Code   RO         1303    .text.HAL_TIMEx_BreakCallback  stm32g4xx_hal_tim_ex.o
    0x08002b62   0x08002b62   0x00000002   PAD
    0x08002b64   0x08002b64   0x00000002   Code   RO         1299    .text.HAL_TIMEx_CommutCallback  stm32g4xx_hal_tim_ex.o
    0x08002b66   0x08002b66   0x00000002   PAD
    0x08002b68   0x08002b68   0x00000002   Code   RO         1309    .text.HAL_TIMEx_DirectionChangeCallback  stm32g4xx_hal_tim_ex.o
    0x08002b6a   0x08002b6a   0x00000002   PAD
    0x08002b6c   0x08002b6c   0x00000002   Code   RO         1307    .text.HAL_TIMEx_EncoderIndexCallback  stm32g4xx_hal_tim_ex.o
    0x08002b6e   0x08002b6e   0x00000002   PAD
    0x08002b70   0x08002b70   0x00000002   Code   RO         1311    .text.HAL_TIMEx_IndexErrorCallback  stm32g4xx_hal_tim_ex.o
    0x08002b72   0x08002b72   0x00000002   PAD
    0x08002b74   0x08002b74   0x000000dc   Code   RO         1249    .text.HAL_TIMEx_MasterConfigSynchronization  stm32g4xx_hal_tim_ex.o
    0x08002c50   0x08002c50   0x00000002   Code   RO         1313    .text.HAL_TIMEx_TransitionErrorCallback  stm32g4xx_hal_tim_ex.o
    0x08002c52   0x08002c52   0x00000002   PAD
    0x08002c54   0x08002c54   0x00000062   Code   RO          954    .text.HAL_TIM_Base_Init  stm32g4xx_hal_tim.o
    0x08002cb6   0x08002cb6   0x00000002   PAD
    0x08002cb8   0x08002cb8   0x0000009c   Code   RO          101    .text.HAL_TIM_Base_MspInit  tim.o
    0x08002d54   0x08002d54   0x000000c2   Code   RO          968    .text.HAL_TIM_Base_Start_IT  stm32g4xx_hal_tim.o
    0x08002e16   0x08002e16   0x00000002   PAD
    0x08002e18   0x08002e18   0x00000002   Code   RO         1090    .text.HAL_TIM_IC_CaptureCallback  stm32g4xx_hal_tim.o
    0x08002e1a   0x08002e1a   0x00000002   PAD
    0x08002e1c   0x08002e1c   0x00000206   Code   RO         1088    .text.HAL_TIM_IRQHandler  stm32g4xx_hal_tim.o
    0x08003022   0x08003022   0x00000002   PAD
    0x08003024   0x08003024   0x00000002   Code   RO         1092    .text.HAL_TIM_OC_DelayElapsedCallback  stm32g4xx_hal_tim.o
    0x08003026   0x08003026   0x00000002   PAD
    0x08003028   0x08003028   0x00000002   Code   RO         1094    .text.HAL_TIM_PWM_PulseFinishedCallback  stm32g4xx_hal_tim.o
    0x0800302a   0x0800302a   0x00000002   PAD
    0x0800302c   0x0800302c   0x00000002   Code   RO         1096    .text.HAL_TIM_PeriodElapsedCallback  stm32g4xx_hal_tim.o
    0x0800302e   0x0800302e   0x00000002   PAD
    0x08003030   0x08003030   0x00000002   Code   RO         1098    .text.HAL_TIM_TriggerCallback  stm32g4xx_hal_tim.o
    0x08003032   0x08003032   0x00000002   PAD
    0x08003034   0x08003034   0x00000036   Code   RO         1490    .text.HAL_UARTEx_DisableFifoMode  stm32g4xx_hal_uart_ex.o
    0x0800306a   0x0800306a   0x00000002   PAD
    0x0800306c   0x0800306c   0x00000002   Code   RO         1418    .text.HAL_UARTEx_RxEventCallback  stm32g4xx_hal_uart.o
    0x0800306e   0x0800306e   0x00000002   PAD
    0x08003070   0x08003070   0x00000002   Code   RO         1476    .text.HAL_UARTEx_RxFifoFullCallback  stm32g4xx_hal_uart_ex.o
    0x08003072   0x08003072   0x00000002   PAD
    0x08003074   0x08003074   0x00000090   Code   RO         1494    .text.HAL_UARTEx_SetRxFifoThreshold  stm32g4xx_hal_uart_ex.o
    0x08003104   0x08003104   0x00000090   Code   RO         1492    .text.HAL_UARTEx_SetTxFifoThreshold  stm32g4xx_hal_uart_ex.o
    0x08003194   0x08003194   0x00000002   Code   RO         1478    .text.HAL_UARTEx_TxFifoEmptyCallback  stm32g4xx_hal_uart_ex.o
    0x08003196   0x08003196   0x00000002   PAD
    0x08003198   0x08003198   0x00000002   Code   RO         1474    .text.HAL_UARTEx_WakeupCallback  stm32g4xx_hal_uart_ex.o
    0x0800319a   0x0800319a   0x00000002   PAD
    0x0800319c   0x0800319c   0x00000002   Code   RO         1416    .text.HAL_UART_ErrorCallback  stm32g4xx_hal_uart.o
    0x0800319e   0x0800319e   0x00000002   PAD
    0x080031a0   0x080031a0   0x0000066a   Code   RO         1412    .text.HAL_UART_IRQHandler  stm32g4xx_hal_uart.o
    0x0800380a   0x0800380a   0x00000002   PAD
    0x0800380c   0x0800380c   0x00000064   Code   RO         1328    .text.HAL_UART_Init  stm32g4xx_hal_uart.o
    0x08003870   0x08003870   0x000000d6   Code   RO          118    .text.HAL_UART_MspInit  usart.o
    0x08003946   0x08003946   0x00000002   PAD
    0x08003948   0x08003948   0x00000002   Code   RO         1420    .text.HAL_UART_TxCpltCallback  stm32g4xx_hal_uart.o
    0x0800394a   0x0800394a   0x00000002   PAD
    0x0800394c   0x0800394c   0x00000002   Code   RO          134    .text.HardFault_Handler  stm32g4xx_it.o
    0x0800394e   0x0800394e   0x00000002   PAD
    0x08003950   0x08003950   0x00000056   Code   RO           48    .text.MX_DMA_Init   dma.o
    0x080039a6   0x080039a6   0x00000002   PAD
    0x080039a8   0x080039a8   0x00000054   Code   RO           57    .text.MX_FDCAN1_Init  fdcan.o
    0x080039fc   0x080039fc   0x00000054   Code   RO           59    .text.MX_FDCAN2_Init  fdcan.o
    0x08003a50   0x08003a50   0x00000082   Code   RO           39    .text.MX_GPIO_Init  gpio.o
    0x08003ad2   0x08003ad2   0x00000002   PAD
    0x08003ad4   0x08003ad4   0x00000052   Code   RO           76    .text.MX_SPI1_Init  spi.o
    0x08003b26   0x08003b26   0x00000002   PAD
    0x08003b28   0x08003b28   0x00000050   Code   RO           78    .text.MX_SPI2_Init  spi.o
    0x08003b78   0x08003b78   0x0000003c   Code   RO           99    .text.MX_TIM17_Init  tim.o
    0x08003bb4   0x08003bb4   0x00000056   Code   RO           95    .text.MX_TIM6_Init  tim.o
    0x08003c0a   0x08003c0a   0x00000002   PAD
    0x08003c0c   0x08003c0c   0x00000054   Code   RO           97    .text.MX_TIM7_Init  tim.o
    0x08003c60   0x08003c60   0x00000082   Code   RO          116    .text.MX_USART3_UART_Init  usart.o
    0x08003ce2   0x08003ce2   0x00000002   PAD
    0x08003ce4   0x08003ce4   0x00000002   Code   RO          136    .text.MemManage_Handler  stm32g4xx_it.o
    0x08003ce6   0x08003ce6   0x00000002   PAD
    0x08003ce8   0x08003ce8   0x00000002   Code   RO          132    .text.NMI_Handler   stm32g4xx_it.o
    0x08003cea   0x08003cea   0x00000002   PAD
    0x08003cec   0x08003cec   0x00000002   Code   RO          146    .text.PendSV_Handler  stm32g4xx_it.o
    0x08003cee   0x08003cee   0x00000002   PAD
    0x08003cf0   0x08003cf0   0x0000000c   Code   RO          160    .text.SPI1_IRQHandler  stm32g4xx_it.o
    0x08003cfc   0x08003cfc   0x0000000c   Code   RO          162    .text.SPI2_IRQHandler  stm32g4xx_it.o
    0x08003d08   0x08003d08   0x0000000e   Code   RO          917    .text.SPI_DMAAbortOnError  stm32g4xx_hal_spi.o
    0x08003d16   0x08003d16   0x00000002   PAD
    0x08003d18   0x08003d18   0x0000001e   Code   RO          877    .text.SPI_DMAError  stm32g4xx_hal_spi.o
    0x08003d36   0x08003d36   0x00000002   PAD
    0x08003d38   0x08003d38   0x00000006   Code   RO          873    .text.SPI_DMAHalfTransmitCplt  stm32g4xx_hal_spi.o
    0x08003d3e   0x08003d3e   0x00000002   PAD
    0x08003d40   0x08003d40   0x0000009e   Code   RO          875    .text.SPI_DMATransmitCplt  stm32g4xx_hal_spi.o
    0x08003dde   0x08003dde   0x00000002   PAD
    0x08003de0   0x08003de0   0x00000142   Code   RO          897    .text.SPI_WaitFifoStateUntilTimeout  stm32g4xx_hal_spi.o
    0x08003f22   0x08003f22   0x00000002   PAD
    0x08003f24   0x08003f24   0x000000ce   Code   RO          899    .text.SPI_WaitFlagStateUntilTimeout  stm32g4xx_hal_spi.o
    0x08003ff2   0x08003ff2   0x00000002   PAD
    0x08003ff4   0x08003ff4   0x00000002   Code   RO          142    .text.SVC_Handler   stm32g4xx_it.o
    0x08003ff6   0x08003ff6   0x00000002   PAD
    0x08003ff8   0x08003ff8   0x00000004   Code   RO          148    .text.SysTick_Handler  stm32g4xx_it.o
    0x08003ffc   0x08003ffc   0x00000012   Code   RO         1513    .text.SystemInit    system_stm32g4xx.o
    0x0800400e   0x0800400e   0x00000002   PAD
    0x08004010   0x08004010   0x00000030   Code   RO          158    .text.TIM1_TRG_COM_TIM17_IRQHandler  stm32g4xx_it.o
    0x08004040   0x08004040   0x000000b0   Code   RO          166    .text.TIM6_DAC_IRQHandler  stm32g4xx_it.o
    0x080040f0   0x080040f0   0x0000000c   Code   RO          168    .text.TIM7_DAC_IRQHandler  stm32g4xx_it.o
    0x080040fc   0x080040fc   0x00000148   Code   RO          958    .text.TIM_Base_SetConfig  stm32g4xx_hal_tim.o
    0x08004244   0x08004244   0x000000e6   Code   RO         1332    .text.UART_AdvFeatureConfig  stm32g4xx_hal_uart.o
    0x0800432a   0x0800432a   0x00000002   PAD
    0x0800432c   0x0800432c   0x0000016a   Code   RO         1336    .text.UART_CheckIdleState  stm32g4xx_hal_uart.o
    0x08004496   0x08004496   0x00000002   PAD
    0x08004498   0x08004498   0x0000000c   Code   RO         1414    .text.UART_DMAAbortOnError  stm32g4xx_hal_uart.o
    0x080044a4   0x080044a4   0x000002b8   Code   RO         1334    .text.UART_SetConfig  stm32g4xx_hal_uart.o
    0x0800475c   0x0800475c   0x0000033c   Code   RO         1350    .text.UART_WaitOnFlagUntilTimeout  stm32g4xx_hal_uart.o
    0x08004a98   0x08004a98   0x0000000c   Code   RO          164    .text.USART3_IRQHandler  stm32g4xx_it.o
    0x08004aa4   0x08004aa4   0x00000002   Code   RO          140    .text.UsageFault_Handler  stm32g4xx_it.o
    0x08004aa6   0x08004aa6   0x00000002   PAD
    0x08004aa8   0x08004aa8   0x0000001a   Code   RO         1538    .text._GLOBAL__sub_I_motor_vesc.cpp  motor_vesc.o
    0x08004ac2   0x08004ac2   0x00000002   PAD
    0x08004ac4   0x08004ac4   0x000000ce   Code   RO         1597    .text._Z11calc_outputP4pidsff  pids.o
    0x08004b92   0x08004b92   0x00000006   PAD
    0x08004b98   0x08004b98   0x00000904   Code   RO         1629    .text._Z13WS2812_Angleshhhhffii  ws2812_yx.o
    0x0800549c   0x0800549c   0x00000004   PAD
    0x080054a0   0x080054a0   0x000000b0   Code   RO         1578    .text._Z13getMotorAnglePtt  as5047.o
    0x08005550   0x08005550   0x00000050   Code   RO         1580    .text._Z13get_minor_arcff  as5047.o
    0x080055a0   0x080055a0   0x00000018   Code   RO           11    .text._Z14WS2812_Refreshv  main.o
    0x080055b8   0x080055b8   0x0000005c   Code   RO         1599    .text._Z14calc_incrementP4pidsf  pids.o
    0x08005614   0x08005614   0x0000000c   Code   RO         1680    .text._Z15get_moto_offsetP14moto_measure_tPh  motor_c620.o
    0x08005620   0x08005620   0x00000074   Code   RO         1670    .text._Z15motor_c620_initP19FDCAN_HandleTypeDef  motor_c620.o
    0x08005694   0x08005694   0x00000068   Code   RO           19    .text._Z16GPIO_LED_Controlv  main.o
    0x080056fc   0x080056fc   0x000001c2   Code   RO         1617    .text._Z16RGB_SetOne_Colorahhh  ws2812_yx.o
    0x080058be   0x080058be   0x00000002   PAD
    0x080058c0   0x080058c0   0x00000062   Code   RO         1678    .text._Z16get_moto_measureP14moto_measure_tPh  motor_c620.o
    0x08005922   0x08005922   0x00000002   PAD
    0x08005924   0x08005924   0x0000003c   Code   RO         1595    .text._Z16pids_create_initffffffi  pids.o
    0x08005960   0x08005960   0x00000048   Code   RO         1674    .text._Z16set_moto_currentP19FDCAN_HandleTypeDefss  motor_c620.o
    0x080059a8   0x080059a8   0x0000018c   Code   RO         1631    .text._Z17WS2812_Angles_Addhhhhffii  ws2812_yx.o
    0x08005b34   0x08005b34   0x00000232   Code   RO         1619    .text._Z17WS2812_InitBufferv  ws2812_yx.o
    0x08005d66   0x08005d66   0x00000002   PAD
    0x08005d68   0x08005d68   0x00000164   Code   RO         1676    .text._Z18motor_c620_preheatv  motor_c620.o
    0x08005ecc   0x08005ecc   0x000000a4   Code   RO         1672    .text._Z18motor_c620_set_rpmiiiii  motor_c620.o
    0x08005f70   0x08005f70   0x0000003a   Code   RO         1700    .text._Z19fdcan_C620_send_msgP19FDCAN_HandleTypeDefPhji  bsp_fdcan.o
    0x08005faa   0x08005faa   0x00000002   PAD
    0x08005fac   0x08005fac   0x000000aa   Code   RO         1601    .text._Z23calc_output_incrementalP4pidsff  pids.o
    0x08006056   0x08006056   0x00000002   PAD
    0x08006058   0x08006058   0x00000114   Code   RO         1710    .text._Z24algo_get_steerBetter_vecifPiPf  algorithm.o
    0x0800616c   0x0800616c   0x0000005c   Code   RO         1556    .text._ZN9MotorVESC11setMotorRPMEi  motor_vesc__funcs.o
    0x080061c8   0x080061c8   0x00000008   Code   RO         1558    .text._ZN9MotorVESCC2EP19FDCAN_HandleTypeDefii  motor_vesc__funcs.o
    0x080061d0   0x080061d0   0x000001c4   Code   RO           15    .text.main          main.o
    0x08006394   0x08006394   0x00000004   PAD
    0x08006398   0x08006398   0x00000080   Code   RO         1536    .text.motor_vesc_handle  motor_vesc.o
    0x08006418   0x08006418   0x0000005a   Code   RO         1532    .text.motor_vesc_init  motor_vesc.o
    0x08006472   0x08006472   0x00000002   PAD
    0x08006474   0x08006474   0x00000062   Code   RO         1748    x$fpl$d2f           fz_wm.l(d2f.o)
    0x080064d6   0x080064d6   0x00000002   PAD
    0x080064d8   0x080064d8   0x00000150   Code   RO         1750    x$fpl$dadd          fz_wm.l(daddsub_clz.o)
    0x08006628   0x08006628   0x000002b0   Code   RO         1759    x$fpl$ddiv          fz_wm.l(ddiv.o)
    0x080068d8   0x080068d8   0x0000005e   Code   RO         1762    x$fpl$dfix          fz_wm.l(dfix.o)
    0x08006936   0x08006936   0x0000002e   Code   RO         1767    x$fpl$dflt          fz_wm.l(dflt_clz.o)
    0x08006964   0x08006964   0x00000026   Code   RO         1766    x$fpl$dfltu         fz_wm.l(dflt_clz.o)
    0x0800698a   0x0800698a   0x00000002   PAD
    0x0800698c   0x0800698c   0x00000154   Code   RO         1772    x$fpl$dmul          fz_wm.l(dmul.o)
    0x08006ae0   0x08006ae0   0x0000009c   Code   RO         1862    x$fpl$dnaninf       fz_wm.l(dnaninf.o)
    0x08006b7c   0x08006b7c   0x0000000c   Code   RO         1864    x$fpl$dretinf       fz_wm.l(dretinf.o)
    0x08006b88   0x08006b88   0x000001d4   Code   RO         1752    x$fpl$dsub          fz_wm.l(daddsub_clz.o)
    0x08006d5c   0x08006d5c   0x00000056   Code   RO         1774    x$fpl$f2d           fz_wm.l(f2d.o)
    0x08006db2   0x08006db2   0x0000008c   Code   RO         1866    x$fpl$fnaninf       fz_wm.l(fnaninf.o)
    0x08006e3e   0x08006e3e   0x0000001a   Code   RO         1913    x$fpl$fpinit        fz_wm.l(fpinit.o)
    0x08006e58   0x08006e58   0x0000000a   Code   RO         1868    x$fpl$fretinf       fz_wm.l(fretinf.o)
    0x08006e62   0x08006e62   0x00000000   Code   RO         1870    x$fpl$usenofp       fz_wm.l(usenofp.o)
    0x08006e62   0x08006e62   0x00000010   Data   RO         1518    .rodata.AHBPrescTable  system_stm32g4xx.o
    0x08006e72   0x08006e72   0x00000008   Data   RO         1519    .rodata.APBPrescTable  system_stm32g4xx.o
    0x08006e7a   0x08006e7a   0x00000018   Data   RO         1462    .rodata.UARTPrescTable  stm32g4xx_hal_uart.o
    0x08006e92   0x08006e92   0x00000010   Data   RO          311    .rodata.cst16       stm32g4xx_hal_fdcan.o
    0x08006ea2   0x08006ea2   0x00000002   PAD
    0x08006ea4   0x08006ea4   0x00000010   Data   RO         1463    .rodata.cst16       stm32g4xx_hal_uart.o
    0x08006eb4   0x08006eb4   0x00000010   Data   RO         1504    .rodata.cst8        stm32g4xx_hal_uart_ex.o
    0x08006ec4   0x08006ec4   0x00000020   Data   RO         2014    Region$$Table       anon$$obj.o
    0x08006ee4   0x08006ee4   0x00000004   Data   RO         1542    .init_array         motor_vesc.o
    0x08006ee8   0x08006ee4   0x00000000   Data   RO         1743    .init_array         c_w.l(init_aeabi.o)


    Execution Region RW_IRAM1 (Exec base: 0x20000000, Load base: 0x08006ee8, Size: 0x00001470, Max: 0x00020000, ABSOLUTE)

    Exec Addr    Load Addr    Size         Type   Attr      Idx    E Section Name        Object

    0x20000000   0x08006ee8   0x00000008   Data   RW           29    .data..L_MergedGlobals  main.o
    0x20000008   0x08006ef0   0x00000008   Data   RW          397    .data..L_MergedGlobals  stm32g4xx_hal.o
    0x20000010   0x08006ef8   0x00000004   Data   RW         1517    .data.SystemCoreClock  system_stm32g4xx.o
    0x20000014   0x08006efc   0x00000004   Data   RW           25    .data.led_band_bias  main.o
    0x20000018   0x08006f00   0x00000002   Data   RW           24    .data.steer_zero_angle  main.o
    0x2000001a   0x08006f02   0x00000006   PAD
    0x20000020        -       0x00000060   Zero   RW         1916    .bss                c_w.l(libspace.o)
    0x20000080        -       0x00000028   Zero   RW         1543    .bss..L_MergedGlobals  motor_vesc.o
    0x200000a8        -       0x00000008   Zero   RW         1584    .bss..L_MergedGlobals  as5047.o
    0x200000b0        -       0x00000008   Zero   RW         1689    .bss..L_MergedGlobals  motor_c620.o
    0x200000b8        -       0x0000007c   Zero   RW           30    .bss..L_MergedGlobals.1  main.o
    0x20000134        -       0x00000004   Zero   RW           67    .bss.HAL_RCC_FDCAN_CLK_ENABLED  fdcan.o
    0x20000138        -       0x00000078   Zero   RW         1687    .bss.M3508          motor_c620.o
    0x200001b0        -       0x000002e8   Zero   RW         1646    .bss.WS2812buf2send  ws2812_yx.o
    0x20000498        -       0x00000004   Zero   RW         1583    .bss.angle_code     as5047.o
    0x2000049c        -       0x00000004   Zero   RW         1582    .bss.angle_deg      as5047.o
    0x200004a0        -       0x00000060   Zero   RW           86    .bss.hdma_spi2_tx   spi.o
    0x20000500        -       0x00000060   Zero   RW          123    .bss.hdma_usart3_tx  usart.o
    0x20000560        -       0x00000064   Zero   RW           65    .bss.hfdcan1        fdcan.o
    0x200005c4        -       0x00000064   Zero   RW           66    .bss.hfdcan2        fdcan.o
    0x20000628        -       0x00000064   Zero   RW           84    .bss.hspi1          spi.o
    0x2000068c        -       0x00000064   Zero   RW           85    .bss.hspi2          spi.o
    0x200006f0        -       0x0000004c   Zero   RW          107    .bss.htim17         tim.o
    0x2000073c        -       0x0000004c   Zero   RW          105    .bss.htim6          tim.o
    0x20000788        -       0x0000004c   Zero   RW          106    .bss.htim7          tim.o
    0x200007d4        -       0x00000094   Zero   RW          122    .bss.huart3         usart.o
    0x20000868        -       0x00000004   Zero   RW          396    .bss.uwTick         stm32g4xx_hal.o
    0x2000086c   0x08006f02   0x00000004   PAD
    0x20000870        -       0x00000400   Zero   RW            2    HEAP                startup_stm32g473xx.o
    0x20000c70        -       0x00000800   Zero   RW            1    STACK               startup_stm32g473xx.o


==============================================================================

Image component sizes


      Code (inc. data)   RO Data    RW Data    ZI Data      Debug   Object Name

       276         16          0          0          0      15242   algorithm.o
       256         32          0          0         16       4999   as5047.o
        58          0          0          0          0       3119   bsp_fdcan.o
        86          0          0          0          0       3751   dma.o
       484          0          0          0        204       8100   fdcan.o
       130          0          0          0          0       2351   gpio.o
      1146         48          0         14        124      20193   main.o
       818         24          0          0        128       6203   motor_c620.o
       244         16          4          0         40       5957   motor_vesc.o
       100          0          0          0          0       5719   motor_vesc__funcs.o
       528          0          0          0          0       3203   pids.o
       432          0          0          0        296       7997   spi.o
        64         26        472          0       3072        840   startup_stm32g473xx.o
       186          0          0          8          4       9311   stm32g4xx_hal.o
       194          0          0          0          0      10759   stm32g4xx_hal_cortex.o
       922          0          0          0          0       9135   stm32g4xx_hal_dma.o
      1870          0         16          0          0      21876   stm32g4xx_hal_fdcan.o
       486          0          0          0          0       5508   stm32g4xx_hal_gpio.o
        52          0          0          0          0       1598   stm32g4xx_hal_msp.o
       320          0          0          0          0       8941   stm32g4xx_hal_pwr_ex.o
      2162          0          0          0          0      10081   stm32g4xx_hal_rcc.o
       726          0          0          0          0      11356   stm32g4xx_hal_rcc_ex.o
      2442          0          0          0          0      27576   stm32g4xx_hal_spi.o
      1148          0          0          0          0      61304   stm32g4xx_hal_tim.o
       234          0          0          0          0      29119   stm32g4xx_hal_tim_ex.o
      3876         46         40          0          0      41475   stm32g4xx_hal_uart.o
       348          0         16          0          0      11212   stm32g4xx_hal_uart_ex.o
       364         16          0          0          0      19411   stm32g4xx_it.o
        18          0         24          4          0       2787   system_stm32g4xx.o
       386          0          0          0        228       8377   tim.o
       344          0          0          0        244       8846   usart.o
      3716         72          0          0        744      29610   ws2812_yx.o

    ----------------------------------------------------------------------
     24604        304        606         28       5108     415956   Object Totals
         0          0         32          0          0          0   (incl. Generated)
       188          8          2          2          8          0   (incl. Padding)

    ----------------------------------------------------------------------

      Code (inc. data)   RO Data    RW Data    ZI Data      Debug   Library Member Name

         8          0          0          0          0         68   __main.o
         0          0          0          0          0          0   __rtentry.o
        12          0          0          0          0          0   __rtentry2.o
         6          0          0          0          0          0   __rtentry4.o
        52          8          0          0          0          0   __scatter.o
        26          0          0          0          0          0   __scatter_copy.o
        28          0          0          0          0          0   __scatter_zi.o
        18          0          0          0          0         80   exit.o
         6          0          0          0          0        152   heapauxi.o
         0          0          0          0          0          0   indicate_semi.o
        36          8          0          0          0         80   init_aeabi.o
         2          0          0          0          0          0   libinit.o
        10          0          0          0          0          0   libinit2.o
         2          0          0          0          0          0   libshutdown.o
         2          0          0          0          0          0   libshutdown2.o
         8          4          0          0         96         68   libspace.o
       240          0          0          0          0        100   lludivv7m.o
        78          0          0          0          0         80   rt_memclr_w.o
         2          0          0          0          0          0   rtexit.o
        10          0          0          0          0          0   rtexit2.o
        12          4          0          0          0         68   sys_exit.o
        74          0          0          0          0         80   sys_stackheap_outer.o
         2          0          0          0          0         68   use_no_semi.o
        98          4          0          0          0        140   d2f.o
       804         16          0          0          0        376   daddsub_clz.o
       688        140          0          0          0        264   ddiv.o
        94          4          0          0          0        140   dfix.o
        84          0          0          0          0        232   dflt_clz.o
       340         12          0          0          0        152   dmul.o
       156          4          0          0          0        140   dnaninf.o
        12          0          0          0          0        116   dretinf.o
        86          4          0          0          0        132   f2d.o
       140          4          0          0          0        132   fnaninf.o
        26          0          0          0          0        116   fpinit.o
        10          0          0          0          0        116   fretinf.o
         0          0          0          0          0          0   usenofp.o

    ----------------------------------------------------------------------
      3182        212          0          0         96       2900   Library Totals
        10          0          0          0          0          0   (incl. Padding)

    ----------------------------------------------------------------------

      Code (inc. data)   RO Data    RW Data    ZI Data      Debug   Library Name

       634         24          0          0         96        844   c_w.l
      2538        188          0          0          0       2056   fz_wm.l

    ----------------------------------------------------------------------
      3182        212          0          0         96       2900   Library Totals

    ----------------------------------------------------------------------

==============================================================================


      Code (inc. data)   RO Data    RW Data    ZI Data      Debug   

     27786        516        606         28       5204     416764   Grand Totals
     27786        516        606         28       5204     416764   ELF Image Totals
     27786        516        606         28          0          0   ROM Totals

==============================================================================

    Total RO  Size (Code + RO Data)                28392 (  27.73kB)
    Total RW  Size (RW Data + ZI Data)              5232 (   5.11kB)
    Total ROM Size (Code + RO Data + RW Data)      28420 (  27.75kB)

==============================================================================

